<html>
<body>
<pre>
<h1>礦ision Build Log</h1>
<h2>Tool Versions:</h2>
IDE-Version: μVision V5.18.0.0
Copyright (C) 2016 ARM Ltd and ARM Germany GmbH. All rights reserved.
License Information: Windows, HP Inc., LIC=UB463-A9JWR-ZD4K6-DZH1K-LN20B-D3AEJ
 
Tool Versions:
Toolchain:       MDK-ARM Professional  Version: 5.18
Toolchain Path:  D:\Keil_v5\ARM\ARMCC\Bin
C Compiler:      Armcc.exe V5.06 update 1 (build 61)
Assembler:       Armasm.exe V5.06 update 1 (build 61)
Linker/Locator:  ArmLink.exe V5.06 update 1 (build 61)
Library Manager: ArmAr.exe V5.06 update 1 (build 61)
Hex Converter:   FromElf.exe V5.06 update 1 (build 61)
CPU DLL:         SARMCM3.DLL V5.18
Dialog DLL:      DARMSTM.DLL V1.65.0.0
Target DLL:      CMSIS_AGDI.dll V1.25.7.0
Dialog DLL:      TARMSTM.DLL V1.64.0.0
 
<h2>Project:</h2>
D:\using\2020年电赛\MLX90614\红外测温代码\USER\LY_MLX90614.uvprojx
Project File Date:  10/08/2020

<h2>Output:</h2>
*** Using Compiler 'V5.06 update 1 (build 61)', folder: 'D:\Keil_v5\ARM\ARMCC\Bin'
Rebuild target '红外测温'
assembling startup_stm32f10x_md.s...
compiling core_cm3.c...
compiling stm32f10x_crc.c...
compiling misc.c...
compiling stm32f10x_it.c...
compiling stm32f10x_adc.c...
compiling system_stm32f10x.c...
compiling stm32f10x_bkp.c...
compiling stm32f10x_dac.c...
compiling stm32f10x_cec.c...
compiling main.c...
main.c(32): warning:  #177-D: variable "i" was declared but never referenced
  	uint8_t i,j;	
main.c(32): warning:  #177-D: variable "j" was declared but never referenced
  	uint8_t i,j;	
main.c: 2 warnings, 0 errors
compiling stm32f10x_can.c...
compiling stm32f10x_dbgmcu.c...
compiling stm32f10x_exti.c...
compiling stm32f10x_gpio.c...
compiling stm32f10x_pwr.c...
compiling stm32f10x_dma.c...
compiling stm32f10x_rtc.c...
compiling stm32f10x_flash.c...
compiling stm32f10x_fsmc.c...
compiling stm32f10x_iwdg.c...
compiling stm32f10x_i2c.c...
compiling stm32f10x_rcc.c...
compiling stm32f10x_sdio.c...
compiling stm32f10x_wwdg.c...
compiling led.c...
compiling mlx90614.c...
compiling delay.c...
compiling key.c...
compiling stm32f10x_spi.c...
compiling usart.c...
compiling stm32f10x_usart.c...
compiling oled.c...
compiling stm32f10x_tim.c...
compiling sys.c...
linking...
Program Size: Code=10084 RO-data=2516 RW-data=52 ZI-data=1836  
".\Objects\LY_MLX90614.axf" - 0 Error(s), 2 Warning(s).

<h2>Collection of Component include folders:</h2>
  D:\using\2020年电赛\MLX90614\红外测温代码\USER\RTE
  D:\Keil_v5\ARM\PACK\Keil\STM32F1xx_DFP\1.1.0\Device\Include

<h2>Collection of Component Files used:</h2>
Build Time Elapsed:  00:00:04
</pre>
</body>
</html>
