Component: ARM Compiler 5.06 update 1 (build 61) Tool: armlink [4d35a8]

==============================================================================

Section Cross References

    main.o(.text) refers to delay.o(.text) for delay_init
    main.o(.text) refers to sys.o(.text) for NVIC_Config
    main.o(.text) refers to usart.o(.text) for uart1_init
    main.o(.text) refers to usart3.o(.text) for uart3_init
    main.o(.text) refers to oled.o(.text) for OLED_Init
    main.o(.text) refers to mpu6050.o(.text) for MPU_Init
    main.o(.text) refers to inv_mpu.o(.text) for mpu_dmp_init
    main.o(.text) refers to exti.o(.text) for MPU6050_EXTI_Init
    main.o(.text) refers to encoder.o(.text) for Encoder_TIM2_Init
    main.o(.text) refers to motor.o(.text) for Motor_Init
    main.o(.text) refers to pwm.o(.text) for PWM_Init_TIM1
    main.o(.text) refers to f2d.o(x$fpl$f2d) for __aeabi_f2d
    main.o(.text) refers to dflt_clz.o(x$fpl$dflt) for __aeabi_i2d
    main.o(.text) refers to main.o(.data) for Pitch
    main.o(.text) refers to control.o(.data) for Velocity_out
    system_stm32f10x.o(.text) refers to system_stm32f10x.o(.data) for SystemCoreClock
    delay.o(.text) refers to misc.o(.text) for SysTick_CLKSourceConfig
    delay.o(.text) refers to system_stm32f10x.o(.data) for SystemCoreClock
    delay.o(.text) refers to delay.o(.data) for fac_us
    sys.o(.text) refers to misc.o(.text) for NVIC_PriorityGroupConfig
    usart.o(.rev16_text) refers (Special) to use_no_semi_2.o(.text) for __use_no_semihosting
    usart.o(.revsh_text) refers (Special) to use_no_semi_2.o(.text) for __use_no_semihosting
    usart.o(.rrx_text) refers (Special) to use_no_semi_2.o(.text) for __use_no_semihosting
    usart.o(.text) refers (Special) to use_no_semi_2.o(.text) for __use_no_semihosting
    usart.o(.text) refers to stm32f10x_rcc.o(.text) for RCC_APB2PeriphClockCmd
    usart.o(.text) refers to stm32f10x_gpio.o(.text) for GPIO_Init
    usart.o(.text) refers to stm32f10x_usart.o(.text) for USART_Init
    usart.o(.text) refers to usart.o(.data) for USART_RX_STA
    usart.o(.text) refers to usart.o(.bss) for USART_RX_BUF
    usart.o(.bss) refers (Special) to use_no_semi_2.o(.text) for __use_no_semihosting
    usart.o(.data) refers (Special) to use_no_semi_2.o(.text) for __use_no_semihosting
    mpuiic.o(.text) refers to delay.o(.text) for delay_us
    mpuiic.o(.text) refers to stm32f10x_rcc.o(.text) for RCC_APB2PeriphClockCmd
    mpuiic.o(.text) refers to stm32f10x_gpio.o(.text) for GPIO_Init
    mpu6050.o(.text) refers to mpuiic.o(.text) for MPU_IIC_Start
    mpu6050.o(.text) refers to delay.o(.text) for delay_ms
    mpu6050.o(.text) refers to dflt_clz.o(x$fpl$dflt) for __aeabi_i2d
    mpu6050.o(.text) refers to ddiv.o(x$fpl$ddiv) for __aeabi_ddiv
    mpu6050.o(.text) refers to daddsub_clz.o(x$fpl$dadd) for __aeabi_dadd
    mpu6050.o(.text) refers to d2f.o(x$fpl$d2f) for __aeabi_d2f
    mpu6050.o(.text) refers to fmul.o(x$fpl$fmul) for __aeabi_fmul
    mpu6050.o(.text) refers to ffix.o(x$fpl$ffix) for __aeabi_f2iz
    inv_mpu.o(.text) refers to _printf_pad.o(.text) for _printf_pre_padding
    inv_mpu.o(.text) refers to _printf_percent.o(.ARM.Collect$$_printf_percent$$00000000) for _printf_percent
    inv_mpu.o(.text) refers to _printf_x.o(.ARM.Collect$$_printf_percent$$0000000C) for _printf_x
    inv_mpu.o(.text) refers to _printf_hex_int.o(.text) for _printf_longlong_hex
    inv_mpu.o(.text) refers to _printf_d.o(.ARM.Collect$$_printf_percent$$00000009) for _printf_d
    inv_mpu.o(.text) refers to _printf_dec.o(.text) for _printf_int_dec
    inv_mpu.o(.text) refers to mpu6050.o(.text) for MPU_Write_Len
    inv_mpu.o(.text) refers to noretval__2printf.o(.text) for __2printf
    inv_mpu.o(.text) refers to delay.o(.text) for delay_ms
    inv_mpu.o(.text) refers to inv_mpu.o(.data) for st
    inv_mpu.o(.text) refers to fflt_clz.o(x$fpl$ffltu) for __aeabi_ui2f
    inv_mpu.o(.text) refers to fflt_clz.o(x$fpl$fflt) for __aeabi_i2f
    inv_mpu.o(.text) refers to faddsub_clz.o(x$fpl$fsub) for __aeabi_fsub
    inv_mpu.o(.text) refers to fdiv.o(x$fpl$fdiv) for __aeabi_fdiv
    inv_mpu.o(.text) refers to faddsub_clz.o(x$fpl$fadd) for __aeabi_fadd
    inv_mpu.o(.text) refers to fmul.o(x$fpl$fmul) for __aeabi_fmul
    inv_mpu.o(.text) refers to ffix.o(x$fpl$ffix) for __aeabi_f2iz
    inv_mpu.o(.text) refers to inv_mpu.o(.conststring) for .conststring
    inv_mpu.o(.text) refers to feqf.o(x$fpl$feqf) for __aeabi_cfcmpeq
    inv_mpu.o(.text) refers to frleqf.o(x$fpl$frleqf) for __aeabi_cfrcmple
    inv_mpu.o(.text) refers to fleqf.o(x$fpl$fleqf) for __aeabi_cfcmple
    inv_mpu.o(.text) refers to inv_mpu.o(.constdata) for test
    inv_mpu.o(.text) refers to llsdiv.o(.text) for __aeabi_ldivmod
    inv_mpu.o(.text) refers to memcmp.o(.text) for memcmp
    inv_mpu.o(.text) refers to inv_mpu_dmp_motion_driver.o(.text) for dmp_set_gyro_bias
    inv_mpu.o(.text) refers to mpuiic.o(.text) for MPU_IIC_Init
[...]
    .conststring                             0x0800a510   Section       77  inv_mpu.o(.conststring)
    .data                                    0x20000000   Section       48  main.o(.data)
    .data                                    0x20000030   Section       20  system_stm32f10x.o(.data)
    .data                                    0x20000044   Section        4  delay.o(.data)
    fac_us                                   0x20000044   Data           1  delay.o(.data)
    fac_ms                                   0x20000046   Data           2  delay.o(.data)
    .data                                    0x20000048   Section        5  usart.o(.data)
    .data                                    0x20000050   Section       53  inv_mpu.o(.data)
    st                                       0x20000050   Data          44  inv_mpu.o(.data)
    gyro_orientation                         0x2000007c   Data           9  inv_mpu.o(.data)
    .data                                    0x20000085   Section      896  oled.o(.data)
    .data                                    0x20000408   Section       68  control.o(.data)
    Encoder_S                                0x20000438   Data           4  control.o(.data)
    EnC_Err_Lowout_last                      0x2000043c   Data           4  control.o(.data)
    PWM_out                                  0x20000440   Data           4  control.o(.data)
    Encoder_Err                              0x20000444   Data           4  control.o(.data)
    EnC_Err_Lowout                           0x20000448   Data           4  control.o(.data)
    .data                                    0x2000044c   Section        2  motor.o(.data)
    .data                                    0x2000044e   Section        4  usart3.o(.data)
    .data                                    0x20000452   Section       20  stm32f10x_rcc.o(.data)
    APBAHBPrescTable                         0x20000452   Data          16  stm32f10x_rcc.o(.data)
    ADCPrescTable                            0x20000462   Data           4  stm32f10x_rcc.o(.data)
    .bss                                     0x20000468   Section       64  usart.o(.bss)
    .bss                                     0x200004a8   Section       16  inv_mpu_dmp_motion_driver.o(.bss)
    dmp                                      0x200004a8   Data          16  inv_mpu_dmp_motion_driver.o(.bss)
    .bss                                     0x200004b8   Section       96  libspace.o(.bss)
    HEAP                                     0x20000518   Section      512  startup_stm32f10x_md.o(HEAP)
    Heap_Mem                                 0x20000518   Data         512  startup_stm32f10x_md.o(HEAP)
    STACK                                    0x20000718   Section     1024  startup_stm32f10x_md.o(STACK)
    Stack_Mem                                0x20000718   Data        1024  startup_stm32f10x_md.o(STACK)
    __initial_sp                             0x20000b18   Data           0  startup_stm32f10x_md.o(STACK)

    Global Symbols

    Symbol Name                              Value     Ov Type        Size  Object(Section)

    BuildAttributes$$THM_ISAv4$P$D$K$B$S$PE$A:L22UL41UL21$X:L11$S22US41US21$IEEE1$IW$USESV6$~STKCKD$USESV7$~SHL$OTIME$ROPI$IEEEX$EBA8$UX$STANDARDLIB$REQ8$PRES8$EABIv2 0x00000000   Number         0  anon$$obj.o ABSOLUTE
    __ARM_use_no_argv                        0x00000000   Number         0  main.o ABSOLUTE
    _printf_flags                            0x00000000   Number         0  printf_stubs.o ABSOLUTE
    _printf_return_value                     0x00000000   Number         0  printf_stubs.o ABSOLUTE
    _printf_sizespec                         0x00000000   Number         0  printf_stubs.o ABSOLUTE
    _printf_widthprec                        0x00000000   Number         0  printf_stubs.o ABSOLUTE
    __ARM_exceptions_init                     - Undefined Weak Reference
    __alloca_initialize                       - Undefined Weak Reference
    __arm_preinit_                            - Undefined Weak Reference
    __cpp_initialize__aeabi_                  - Undefined Weak Reference
    __cxa_finalize                            - Undefined Weak Reference
    __rt_locale                               - Undefined Weak Reference
    __sigvec_lookup                           - Undefined Weak Reference
    _atexit_init                              - Undefined Weak Reference
    _call_atexit_fns                          - Undefined Weak Reference
    _clock_init                               - Undefined Weak Reference
    _fp_trap_init                             - Undefined Weak Reference
    _fp_trap_shutdown                         - Undefined Weak Reference
    _get_lc_collate                           - Undefined Weak Reference
    _get_lc_ctype                             - Undefined Weak Reference
    _get_lc_monetary                          - Undefined Weak Reference
    _get_lc_numeric                           - Undefined Weak Reference
    _get_lc_time                              - Undefined Weak Reference
    _getenv_init                              - Undefined Weak Reference
    _handle_redirection                       - Undefined Weak Reference
    _init_alloc                               - Undefined Weak Reference
    _init_user_alloc                          - Undefined Weak Reference
    _initio                                   - Undefined Weak Reference
    _mutex_acquire                            - Undefined Weak Reference
    _mutex_release                            - Undefined Weak Reference
    _printf_truncate_signed                   - Undefined Weak Reference
    _printf_truncate_unsigned                 - Undefined Weak Reference
    _rand_init                                - Undefined Weak Reference
    _signal_finish                            - Undefined Weak Reference
    _signal_init                              - Undefined Weak Reference
    _terminate_alloc                          - Undefined Weak Reference
    _terminate_user_alloc                     - Undefined Weak Reference
    _terminateio                              - Undefined Weak Reference
    __Vectors_Size                           0x000000ec   Number         0  startup_stm32f10x_md.o ABSOLUTE
    __Vectors                                0x08000000   Data           4  startup_stm32f10x_md.o(RESET)
    __Vectors_End                            0x080000ec   Data           0  startup_stm32f10x_md.o(RESET)
    __main                                   0x080000ed   Thumb Code     8  __main.o(!!!main)
    __scatterload                            0x080000f5   Thumb Code     0  __scatter.o(!!!scatter)
    __scatterload_rt2                        0x080000f5   Thumb Code    44  __scatter.o(!!!scatter)
    __scatterload_rt2_thumb_only             0x080000f5   Thumb Code     0  __scatter.o(!!!scatter)
    __scatterload_null                       0x08000103   Thumb Code     0  __scatter.o(!!!scatter)
    __decompress                             0x08000129   Thumb Code    90  __dczerorl2.o(!!dczerorl2)
    __decompress1                            0x08000129   Thumb Code     0  __dczerorl2.o(!!dczerorl2)
    __scatterload_zeroinit                   0x08000185   Thumb Code    28  __scatter_zi.o(!!handler_zi)
    _printf_d                                0x080001a1   Thumb Code     0  _printf_d.o(.ARM.Collect$$_printf_percent$$00000009)
    _printf_percent                          0x080001a1   Thumb Code     0  _printf_percent.o(.ARM.Collect$$_printf_percent$$00000000)
    _printf_x                                0x080001a7   Thumb Code     0  _printf_x.o(.ARM.Collect$$_printf_percent$$0000000C)
    _printf_percent_end                      0x080001ad   Thumb Code     0  _printf_percent_end.o(.ARM.Collect$$_printf_percent$$00000017)
    __rt_lib_init                            0x080001b1   Thumb Code     0  libinit.o(.ARM.Collect$$libinit$$00000000)
    __rt_lib_init_alloca_1                   0x080001b3   Thumb Code     0  libinit2.o(.ARM.Collect$$libinit$$0000002E)
    __rt_lib_init_argv_1                     0x080001b3   Thumb Code     0  libinit2.o(.ARM.Collect$$libinit$$0000002C)
    __rt_lib_init_atexit_1                   0x080001b3   Thumb Code     0  libinit2.o(.ARM.Collect$$libinit$$0000001B)
    __rt_lib_init_clock_1                    0x080001b3   Thumb Code     0  libinit2.o(.ARM.Collect$$libinit$$00000021)
    __rt_lib_init_cpp_1                      0x080001b3   Thumb Code     0  libinit2.o(.ARM.Collect$$libinit$$00000032)
    __rt_lib_init_exceptions_1               0x080001b3   Thumb Code     0  libinit2.o(.ARM.Collect$$libinit$$00000030)
    __rt_lib_init_fp_1                       0x080001b3   Thumb Code     0  libinit2.o(.ARM.Collect$$libinit$$00000002)
    __rt_lib_init_fp_trap_1                  0x080001b3   Thumb Code     0  libinit2.o(.ARM.Collect$$libinit$$0000001F)
    __rt_lib_init_getenv_1                   0x080001b3   Thumb Code     0  libinit2.o(.ARM.Collect$$libinit$$00000023)
    __rt_lib_init_heap_1                     0x080001b3   Thumb Code     0  libinit2.o(.ARM.Collect$$libinit$$0000000A)
    __rt_lib_init_lc_collate_1               0x080001b3   Thumb Code     0  libinit2.o(.ARM.Collect$$libinit$$00000011)
    __rt_lib_init_lc_ctype_1                 0x080001b3   Thumb Code     0  libinit2.o(.ARM.Collect$$libinit$$00000013)
    __rt_lib_init_lc_monetary_1              0x080001b3   Thumb Code     0  libinit2.o(.ARM.Collect$$libinit$$00000015)
    __rt_lib_init_lc_numeric_1               0x080001b3   Thumb Code     0  libinit2.o(.ARM.Collect$$libinit$$00000017)
    __rt_lib_init_lc_time_1                  0x080001b3   Thumb Code     0  libinit2.o(.ARM.Collect$$libinit$$00000019)
    __rt_lib_init_preinit_1                  0x080001b3   Thumb Code     0  libinit2.o(.ARM.Collect$$libinit$$00000004)
    __rt_lib_init_rand_1                     0x080001b3   Thumb Code     0  libinit2.o(.ARM.Collect$$libinit$$0000000E)
    __rt_lib_init_return                     0x080001b3   Thumb Code     0  libinit2.o(.ARM.Collect$$libinit$$00000033)
    __rt_lib_init_signal_1                   0x080001b3   Thumb Code     0  libinit2.o(.ARM.Collect$$libinit$$0000001D)
    __rt_lib_init_stdio_1                    0x080001b3   Thumb Code     0  libinit2.o(.ARM.Collect$$libinit$$00000025)
    __rt_lib_init_user_alloc_1               0x080001b3   Thumb Code     0  libinit2.o(.ARM.Collect$$libinit$$0000000C)
    __rt_lib_shutdown                        0x080001b5   Thumb Code     0  libshutdown.o(.ARM.Collect$$libshutdown$$00000000)
    __rt_lib_shutdown_cpp_1                  0x080001b7   Thumb Code     0  libshutdown2.o(.ARM.Collect$$libshutdown$$00000002)
    __rt_lib_shutdown_fp_trap_1              0x080001b7   Thumb Code     0  libshutdown2.o(.ARM.Collect$$libshutdown$$00000007)
    __rt_lib_shutdown_heap_1                 0x080001b7   Thumb Code     0  libshutdown2.o(.ARM.Collect$$libshutdown$$0000000F)
    __rt_lib_shutdown_return                 0x080001b7   Thumb Code     0  libshutdown2.o(.ARM.Collect$$libshutdown$$00000010)
    __rt_lib_shutdown_signal_1               0x080001b7   Thumb Code     0  libshutdown2.o(.ARM.Collect$$libshutdown$$0000000A)
    __rt_lib_shutdown_stdio_1                0x080001b7   Thumb Code     0  libshutdown2.o(.ARM.Collect$$libshutdown$$00000004)
    __rt_lib_shutdown_user_alloc_1           0x080001b7   Thumb Code     0  libshutdown2.o(.ARM.Collect$$libshutdown$$0000000C)
    __rt_entry                               0x080001b9   Thumb Code     0  __rtentry.o(.ARM.Collect$$rtentry$$00000000)
    __rt_entry_presh_1                       0x080001b9   Thumb Code     0  __rtentry2.o(.ARM.Collect$$rtentry$$00000002)
    __rt_entry_sh                            0x080001b9   Thumb Code     0  __rtentry4.o(.ARM.Collect$$rtentry$$00000004)
    __rt_entry_li                            0x080001bf   Thumb Code     0  __rtentry2.o(.ARM.Collect$$rtentry$$0000000A)
    __rt_entry_postsh_1                      0x080001bf   Thumb Code     0  __rtentry2.o(.ARM.Collect$$rtentry$$00000009)
    __rt_entry_main                          0x080001c3   Thumb Code     0  __rtentry2.o(.ARM.Collect$$rtentry$$0000000D)
    __rt_entry_postli_1                      0x080001c3   Thumb Code     0  __rtentry2.o(.ARM.Collect$$rtentry$$0000000C)
    __rt_exit                                0x080001cb   Thumb Code     0  rtexit.o(.ARM.Collect$$rtexit$$00000000)
    __rt_exit_ls                             0x080001cd   Thumb Code     0  rtexit2.o(.ARM.Collect$$rtexit$$00000003)
    __rt_exit_prels_1                        0x080001cd   Thumb Code     0  rtexit2.o(.ARM.Collect$$rtexit$$00000002)
    __rt_exit_exit                           0x080001d1   Thumb Code     0  rtexit2.o(.ARM.Collect$$rtexit$$00000004)
    main                                     0x080001d9   Thumb Code   166  main.o(.text)
    NMI_Handler                              0x080002a9   Thumb Code     2  stm32f10x_it.o(.text)
    HardFault_Handler                        0x080002ab   Thumb Code     4  stm32f10x_it.o(.text)
    MemManage_Handler                        0x080002af   Thumb Code     4  stm32f10x_it.o(.text)
    BusFault_Handler                         0x080002b3   Thumb Code     4  stm32f10x_it.o(.text)
    UsageFault_Handler                       0x080002b7   Thumb Code     4  stm32f10x_it.o(.text)
    SVC_Handler                              0x080002bb   Thumb Code     2  stm32f10x_it.o(.text)
    DebugMon_Handler                         0x080002bd   Thumb Code     2  stm32f10x_it.o(.text)
    PendSV_Handler                           0x080002bf   Thumb Code     2  stm32f10x_it.o(.text)
    SysTick_Handler                          0x080002c1   Thumb Code     2  stm32f10x_it.o(.text)
    SystemInit                               0x080003a3   Thumb Code    78  system_stm32f10x.o(.text)
    SystemCoreClockUpdate                    0x080003f1   Thumb Code   142  system_stm32f10x.o(.text)
    delay_init                               0x080004a5   Thumb Code    50  delay.o(.text)
    delay_us                                 0x080004d7   Thumb Code    72  delay.o(.text)
    delay_ms                                 0x0800051f   Thumb Code    72  delay.o(.text)
    NVIC_Config                              0x08000579   Thumb Code    96  sys.o(.text)
    _sys_exit                                0x080005d9   Thumb Code     6  usart.o(.text)
    fputc                                    0x080005df   Thumb Code    24  usart.o(.text)
    uart1_init                               0x080005f7   Thumb Code   124  usart.o(.text)
    USART1_IRQHandler                        0x08000673   Thumb Code   122  usart.o(.text)
    MPU_IIC_Delay                            0x080006fd   Thumb Code    10  mpuiic.o(.text)
    MPU_IIC_Init                             0x08000707   Thumb Code    38  mpuiic.o(.text)
    MPU_IIC_Start                            0x0800072d   Thumb Code    60  mpuiic.o(.text)
    MPU_IIC_Stop                             0x08000769   Thumb Code    62  mpuiic.o(.text)
    MPU_IIC_Wait_Ack                         0x080007a7   Thumb Code    86  mpuiic.o(.text)
    MPU_IIC_Ack                              0x080007fd   Thumb Code    66  mpuiic.o(.text)
    MPU_IIC_NAck                             0x0800083f   Thumb Code    66  mpuiic.o(.text)
    MPU_IIC_Send_Byte                        0x08000881   Thumb Code    82  mpuiic.o(.text)
    MPU_IIC_Read_Byte                        0x080008d3   Thumb Code    96  mpuiic.o(.text)
    MPU_Write_Byte                           0x08000941   Thumb Code    68  mpu6050.o(.text)
    MPU_Set_LPF                              0x08000985   Thumb Code    58  mpu6050.o(.text)
    MPU_Set_Rate                             0x080009bf   Thumb Code    58  mpu6050.o(.text)
    MPU_Read_Byte                            0x080009f9   Thumb Code    58  mpu6050.o(.text)
    MPU_Set_Accel_Fsr                        0x08000a33   Thumb Code    16  mpu6050.o(.text)
    MPU_Set_Gyro_Fsr                         0x08000a43   Thumb Code    16  mpu6050.o(.text)
    MPU_Init                                 0x08000a53   Thumb Code   122  mpu6050.o(.text)
    MPU_Read_Len                             0x08000acd   Thumb Code   116  mpu6050.o(.text)
    MPU_Get_Temperature                      0x08000b41   Thumb Code    86  mpu6050.o(.text)
    MPU_Get_Gyroscope                        0x08000b97   Thumb Code    80  mpu6050.o(.text)
    MPU_Get_Accelerometer                    0x08000be7   Thumb Code    80  mpu6050.o(.text)
    MPU_Write_Len                            0x08000c37   Thumb Code    96  mpu6050.o(.text)
    mpu_reg_dump                             0x08000d33   Thumb Code    84  inv_mpu.o(.text)
    mpu_read_reg                             0x08000d87   Thumb Code    66  inv_mpu.o(.text)
    mpu_set_int_latched                      0x08000dc9   Thumb Code   102  inv_mpu.o(.text)
    mpu_set_sensors                          0x08000e2f   Thumb Code   202  inv_mpu.o(.text)
    mpu_set_bypass                           0x08000ef9   Thumb Code   328  inv_mpu.o(.text)
    mpu_reset_fifo                           0x08001041   Thumb Code   472  inv_mpu.o(.text)
    mpu_configure_fifo                       0x08001219   Thumb Code   106  inv_mpu.o(.text)
    mpu_set_lpf                              0x08001283   Thumb Code   126  inv_mpu.o(.text)
    mpu_lp_accel_mode                        0x08001301   Thumb Code   218  inv_mpu.o(.text)
    mpu_set_sample_rate                      0x080013db   Thumb Code   152  inv_mpu.o(.text)
    mpu_set_accel_fsr                        0x08001473   Thumb Code   132  inv_mpu.o(.text)
    mpu_set_gyro_fsr                         0x080014f7   Thumb Code   132  inv_mpu.o(.text)
    mpu_init                                 0x0800157b   Thumb Code   416  inv_mpu.o(.text)
    mget_ms                                  0x0800171b   Thumb Code     2  inv_mpu.o(.text)
    mpu_get_gyro_reg                         0x0800171d   Thumb Code   110  inv_mpu.o(.text)
    mpu_get_accel_reg                        0x0800178b   Thumb Code   110  inv_mpu.o(.text)
    mpu_get_temperature                      0x080017f9   Thumb Code   150  inv_mpu.o(.text)
    mpu_set_accel_bias                       0x0800188f   Thumb Code   468  inv_mpu.o(.text)
    mpu_get_gyro_fsr                         0x08001a63   Thumb Code    64  inv_mpu.o(.text)
    mpu_get_accel_fsr                        0x08001aa3   Thumb Code    72  inv_mpu.o(.text)
    mpu_get_lpf                              0x08001aeb   Thumb Code    74  inv_mpu.o(.text)
    mpu_get_sample_rate                      0x08001b35   Thumb Code    26  inv_mpu.o(.text)
    mpu_get_compass_sample_rate              0x08001b4f   Thumb Code    10  inv_mpu.o(.text)
    mpu_set_compass_sample_rate              0x08001b59   Thumb Code     8  inv_mpu.o(.text)
    mpu_get_gyro_sens                        0x08001b61   Thumb Code    58  inv_mpu.o(.text)
    mpu_get_accel_sens                       0x08001b9b   Thumb Code    78  inv_mpu.o(.text)
    mpu_get_fifo_config                      0x08001be9   Thumb Code    12  inv_mpu.o(.text)
    mpu_get_power_state                      0x08001bf5   Thumb Code    22  inv_mpu.o(.text)
    mpu_get_int_status                       0x08001c0b   Thumb Code    64  inv_mpu.o(.text)
    mpu_read_fifo                            0x08001c4b   Thumb Code   520  inv_mpu.o(.text)
    mpu_read_fifo_stream                     0x08001e53   Thumb Code   186  inv_mpu.o(.text)
    mpu_set_int_level                        0x08001f0d   Thumb Code    12  inv_mpu.o(.text)
    mpu_set_dmp_state                        0x080025ed   Thumb Code   138  inv_mpu.o(.text)
    mpu_run_self_test                        0x08002677   Thumb Code   278  inv_mpu.o(.text)
    mpu_write_mem                            0x0800278d   Thumb Code   122  inv_mpu.o(.text)
    mpu_read_mem                             0x08002807   Thumb Code   122  inv_mpu.o(.text)
    mpu_load_firmware                        0x08002881   Thumb Code   190  inv_mpu.o(.text)
    mpu_get_dmp_state                        0x0800293f   Thumb Code    14  inv_mpu.o(.text)
    setup_compass                            0x0800294d   Thumb Code     6  inv_mpu.o(.text)
    mpu_get_compass_reg                      0x08002953   Thumb Code     8  inv_mpu.o(.text)
    mpu_get_compass_fsr                      0x0800295b   Thumb Code     8  inv_mpu.o(.text)
    mpu_lp_motion_interrupt                  0x08002963   Thumb Code   512  inv_mpu.o(.text)
    run_self_test                            0x08002b63   Thumb Code   148  inv_mpu.o(.text)
    inv_row_2_scale                          0x08002bf7   Thumb Code    78  inv_mpu.o(.text)
    inv_orientation_matrix_to_scalar         0x08002c45   Thumb Code    40  inv_mpu.o(.text)
    mpu_dmp_init                             0x08002c6d   Thumb Code   148  inv_mpu.o(.text)
    mpu_dmp_get_data                         0x08002d01   Thumb Code   554  inv_mpu.o(.text)
    dmp_load_motion_driver_firmware          0x08002f31   Thumb Code    20  inv_mpu_dmp_motion_driver.o(.text)
    dmp_set_orientation                      0x08002f45   Thumb Code   290  inv_mpu_dmp_motion_driver.o(.text)
    dmp_set_gyro_bias                        0x08003067   Thumb Code   294  inv_mpu_dmp_motion_driver.o(.text)
    dmp_set_accel_bias                       0x0800318d   Thumb Code   300  inv_mpu_dmp_motion_driver.o(.text)
    dmp_set_fifo_rate                        0x080032b9   Thumb Code   136  inv_mpu_dmp_motion_driver.o(.text)
    dmp_get_fifo_rate                        0x08003341   Thumb Code    12  inv_mpu_dmp_motion_driver.o(.text)
    dmp_set_tap_thresh                       0x0800334d   Thumb Code   396  inv_mpu_dmp_motion_driver.o(.text)
    dmp_set_tap_axes                         0x080034d9   Thumb Code    70  inv_mpu_dmp_motion_driver.o(.text)
    dmp_set_tap_count                        0x0800351f   Thumb Code    38  inv_mpu_dmp_motion_driver.o(.text)
    dmp_set_tap_time                         0x08003545   Thumb Code    38  inv_mpu_dmp_motion_driver.o(.text)
    dmp_set_tap_time_multi                   0x0800356b   Thumb Code    38  inv_mpu_dmp_motion_driver.o(.text)
    dmp_set_shake_reject_thresh              0x08003591   Thumb Code    56  inv_mpu_dmp_motion_driver.o(.text)
    dmp_set_shake_reject_time                0x080035c9   Thumb Code    38  inv_mpu_dmp_motion_driver.o(.text)
    dmp_set_shake_reject_timeout             0x080035ef   Thumb Code    38  inv_mpu_dmp_motion_driver.o(.text)
    dmp_get_pedometer_step_count             0x08003615   Thumb Code    66  inv_mpu_dmp_motion_driver.o(.text)
    dmp_set_pedometer_step_count             0x08003657   Thumb Code    42  inv_mpu_dmp_motion_driver.o(.text)
    dmp_get_pedometer_walk_time              0x08003681   Thumb Code    72  inv_mpu_dmp_motion_driver.o(.text)
    dmp_set_pedometer_walk_time              0x080036c9   Thumb Code    48  inv_mpu_dmp_motion_driver.o(.text)
    dmp_enable_6x_lp_quat                    0x080036f9   Thumb Code    84  inv_mpu_dmp_motion_driver.o(.text)
    dmp_enable_lp_quat                       0x0800374d   Thumb Code    60  inv_mpu_dmp_motion_driver.o(.text)
    dmp_enable_gyro_cal                      0x08003789   Thumb Code    62  inv_mpu_dmp_motion_driver.o(.text)
    dmp_enable_feature                       0x080037c7   Thumb Code   530  inv_mpu_dmp_motion_driver.o(.text)
    dmp_get_enabled_features                 0x080039d9   Thumb Code    12  inv_mpu_dmp_motion_driver.o(.text)
    dmp_set_interrupt_mode                   0x08003a43   Thumb Code    66  inv_mpu_dmp_motion_driver.o(.text)
    dmp_read_fifo                            0x08003a85   Thumb Code   514  inv_mpu_dmp_motion_driver.o(.text)
    dmp_register_tap_cb                      0x08003c87   Thumb Code    10  inv_mpu_dmp_motion_driver.o(.text)
    dmp_register_android_orient_cb           0x08003c91   Thumb Code    10  inv_mpu_dmp_motion_driver.o(.text)
    OLED_IIC_Start                           0x08003ca1   Thumb Code    44  oled.o(.text)
    OLED_IIC_Stop                            0x08003ccd   Thumb Code    34  oled.o(.text)
    OLED_IIC_Wait_Ack                        0x08003cef   Thumb Code    24  oled.o(.text)
    OLED_Write_IIC_Byte                      0x08003d07   Thumb Code    88  oled.o(.text)
    OLED_Write_IIC_Command                   0x08003d5f   Thumb Code    44  oled.o(.text)
    OLED_Write_IIC_Data                      0x08003d8b   Thumb Code    44  oled.o(.text)
    OLED_WR_Byte                             0x08003db7   Thumb Code    24  oled.o(.text)
    fill_picture                             0x08003dcf   Thumb Code    64  oled.o(.text)
    Delay_50ms                               0x08003e0f   Thumb Code    22  oled.o(.text)
    Delay_1ms                                0x08003e25   Thumb Code    26  oled.o(.text)
    OLED_Set_Pos                             0x08003e3f   Thumb Code    40  oled.o(.text)
    OLED_Display_On                          0x08003e67   Thumb Code    28  oled.o(.text)
    OLED_Display_Off                         0x08003e83   Thumb Code    28  oled.o(.text)
    OLED_Clear                               0x08003e9f   Thumb Code    62  oled.o(.text)
    OLED_On                                  0x08003edd   Thumb Code    62  oled.o(.text)
    OLED_ShowChar                            0x08003f1b   Thumb Code   154  oled.o(.text)
    oled_pow                                 0x08003fb5   Thumb Code    22  oled.o(.text)
    OLED_ShowNumber                          0x08003fcb   Thumb Code   136  oled.o(.text)
    OLED_ShowString                          0x08004053   Thumb Code    66  oled.o(.text)
    OLED_ShowCHinese                         0x08004095   Thumb Code    98  oled.o(.text)
    OLED_DrawBMP                             0x080040f7   Thumb Code   118  oled.o(.text)
    OLED_Float                               0x0800416d   Thumb Code   442  oled.o(.text)
    OLED_Float2                              0x08004327   Thumb Code   366  oled.o(.text)
    OLED_Num_write                           0x08004495   Thumb Code    62  oled.o(.text)
    OLED_fuhao_write                         0x080044d3   Thumb Code    58  oled.o(.text)
    OLED_Num2                                0x0800450d   Thumb Code   156  oled.o(.text)
    OLED_Num3                                0x080045a9   Thumb Code   200  oled.o(.text)
    OLED_Num4                                0x08004671   Thumb Code   134  oled.o(.text)
    OLED_Num5                                0x080046f7   Thumb Code   152  oled.o(.text)
    OLED_Init                                0x0800478f   Thumb Code   294  oled.o(.text)
    Turn                                     0x080048b5   Thumb Code    68  control.o(.text)
    Vertical                                 0x080048f9   Thumb Code    74  control.o(.text)
    Velocity                                 0x08004943   Thumb Code   228  control.o(.text)
    EXTI9_5_IRQHandler                       0x08004a27   Thumb Code   504  control.o(.text)
    Encoder_TIM2_Init                        0x08004ccd   Thumb Code   146  encoder.o(.text)
    Encoder_TIM4_Init                        0x08004d5f   Thumb Code   148  encoder.o(.text)
    Read_Speed                               0x08004df3   Thumb Code    64  encoder.o(.text)
    TIM2_IRQHandler                          0x08004e33   Thumb Code    22  encoder.o(.text)
    TIM4_IRQHandler                          0x08004e49   Thumb Code    22  encoder.o(.text)
    MPU6050_EXTI_Init                        0x08004e6d   Thumb Code    74  exti.o(.text)
    Motor_Init                               0x08004ebd   Thumb Code    40  motor.o(.text)
    Limit                                    0x08004ee5   Thumb Code    66  motor.o(.text)
    GFP_abs                                  0x08004f27   Thumb Code    16  motor.o(.text)
    Load                                     0x08004f37   Thumb Code   112  motor.o(.text)
    Stop                                     0x08004fa7   Thumb Code    52  motor.o(.text)
    PWM_Init_TIM1                            0x08004ffd   Thumb Code   162  pwm.o(.text)
    uart3_init                               0x080050a9   Thumb Code   130  usart3.o(.text)
    USART3_IRQHandler                        0x0800512b   Thumb Code   182  usart3.o(.text)
    USART3_Send_Data                         0x080051e1   Thumb Code    28  usart3.o(.text)
    USART3_Send_String                       0x080051fd   Thumb Code    34  usart3.o(.text)
    Reset_Handler                            0x08005241   Thumb Code     8  startup_stm32f10x_md.o(.text)
    ADC1_2_IRQHandler                        0x0800525b   Thumb Code     0  startup_stm32f10x_md.o(.text)
    CAN1_RX1_IRQHandler                      0x0800525b   Thumb Code     0  startup_stm32f10x_md.o(.text)
    CAN1_SCE_IRQHandler                      0x0800525b   Thumb Code     0  startup_stm32f10x_md.o(.text)
    DMA1_Channel1_IRQHandler                 0x0800525b   Thumb Code     0  startup_stm32f10x_md.o(.text)
    DMA1_Channel2_IRQHandler                 0x0800525b   Thumb Code     0  startup_stm32f10x_md.o(.text)
    DMA1_Channel3_IRQHandler                 0x0800525b   Thumb Code     0  startup_stm32f10x_md.o(.text)
    DMA1_Channel4_IRQHandler                 0x0800525b   Thumb Code     0  startup_stm32f10x_md.o(.text)
    DMA1_Channel5_IRQHandler                 0x0800525b   Thumb Code     0  startup_stm32f10x_md.o(.text)
    DMA1_Channel6_IRQHandler                 0x0800525b   Thumb Code     0  startup_stm32f10x_md.o(.text)
    DMA1_Channel7_IRQHandler                 0x0800525b   Thumb Code     0  startup_stm32f10x_md.o(.text)
    EXTI0_IRQHandler                         0x0800525b   Thumb Code     0  startup_stm32f10x_md.o(.text)
    EXTI15_10_IRQHandler                     0x0800525b   Thumb Code     0  startup_stm32f10x_md.o(.text)
    EXTI1_IRQHandler                         0x0800525b   Thumb Code     0  startup_stm32f10x_md.o(.text)
    EXTI2_IRQHandler                         0x0800525b   Thumb Code     0  startup_stm32f10x_md.o(.text)
    EXTI3_IRQHandler                         0x0800525b   Thumb Code     0  startup_stm32f10x_md.o(.text)
    EXTI4_IRQHandler                         0x0800525b   Thumb Code     0  startup_stm32f10x_md.o(.text)
    FLASH_IRQHandler                         0x0800525b   Thumb Code     0  startup_stm32f10x_md.o(.text)
    I2C1_ER_IRQHandler                       0x0800525b   Thumb Code     0  startup_stm32f10x_md.o(.text)
    I2C1_EV_IRQHandler                       0x0800525b   Thumb Code     0  startup_stm32f10x_md.o(.text)
    I2C2_ER_IRQHandler                       0x0800525b   Thumb Code     0  startup_stm32f10x_md.o(.text)
    I2C2_EV_IRQHandler                       0x0800525b   Thumb Code     0  startup_stm32f10x_md.o(.text)
    PVD_IRQHandler                           0x0800525b   Thumb Code     0  startup_stm32f10x_md.o(.text)
    RCC_IRQHandler                           0x0800525b   Thumb Code     0  startup_stm32f10x_md.o(.text)
    RTCAlarm_IRQHandler                      0x0800525b   Thumb Code     0  startup_stm32f10x_md.o(.text)
    RTC_IRQHandler                           0x0800525b   Thumb Code     0  startup_stm32f10x_md.o(.text)
    SPI1_IRQHandler                          0x0800525b   Thumb Code     0  startup_stm32f10x_md.o(.text)
    SPI2_IRQHandler                          0x0800525b   Thumb Code     0  startup_stm32f10x_md.o(.text)
    TAMPER_IRQHandler                        0x0800525b   Thumb Code     0  startup_stm32f10x_md.o(.text)
    TIM1_BRK_IRQHandler                      0x0800525b   Thumb Code     0  startup_stm32f10x_md.o(.text)
    TIM1_CC_IRQHandler                       0x0800525b   Thumb Code     0  startup_stm32f10x_md.o(.text)
    TIM1_TRG_COM_IRQHandler                  0x0800525b   Thumb Code     0  startup_stm32f10x_md.o(.text)
    TIM1_UP_IRQHandler                       0x0800525b   Thumb Code     0  startup_stm32f10x_md.o(.text)
    TIM3_IRQHandler                          0x0800525b   Thumb Code     0  startup_stm32f10x_md.o(.text)
    USART2_IRQHandler                        0x0800525b   Thumb Code     0  startup_stm32f10x_md.o(.text)
    USBWakeUp_IRQHandler                     0x0800525b   Thumb Code     0  startup_stm32f10x_md.o(.text)
    USB_HP_CAN1_TX_IRQHandler                0x0800525b   Thumb Code     0  startup_stm32f10x_md.o(.text)
    USB_LP_CAN1_RX0_IRQHandler               0x0800525b   Thumb Code     0  startup_stm32f10x_md.o(.text)
    WWDG_IRQHandler                          0x0800525b   Thumb Code     0  startup_stm32f10x_md.o(.text)
    __user_initial_stackheap                 0x0800525d   Thumb Code     0  startup_stm32f10x_md.o(.text)
    NVIC_PriorityGroupConfig                 0x08005281   Thumb Code    10  misc.o(.text)
    NVIC_Init                                0x0800528b   Thumb Code   100  misc.o(.text)
    NVIC_SetVectorTable                      0x080052ef   Thumb Code    14  misc.o(.text)
    NVIC_SystemLPConfig                      0x080052fd   Thumb Code    34  misc.o(.text)
    SysTick_CLKSourceConfig                  0x0800531f   Thumb Code    40  misc.o(.text)
    EXTI_DeInit                              0x0800535d   Thumb Code    28  stm32f10x_exti.o(.text)
    EXTI_Init                                0x08005379   Thumb Code   142  stm32f10x_exti.o(.text)
    EXTI_StructInit                          0x08005407   Thumb Code    16  stm32f10x_exti.o(.text)
    EXTI_GenerateSWInterrupt                 0x08005417   Thumb Code    16  stm32f10x_exti.o(.text)
    EXTI_GetFlagStatus                       0x08005427   Thumb Code    22  stm32f10x_exti.o(.text)
    EXTI_ClearFlag                           0x0800543d   Thumb Code     8  stm32f10x_exti.o(.text)
    EXTI_GetITStatus                         0x08005445   Thumb Code    34  stm32f10x_exti.o(.text)
    EXTI_ClearITPendingBit                   0x08005467   Thumb Code     8  stm32f10x_exti.o(.text)
    GPIO_DeInit                              0x08005479   Thumb Code   172  stm32f10x_gpio.o(.text)
    GPIO_AFIODeInit                          0x08005525   Thumb Code    20  stm32f10x_gpio.o(.text)
    GPIO_Init                                0x08005539   Thumb Code   278  stm32f10x_gpio.o(.text)
    GPIO_StructInit                          0x0800564f   Thumb Code    16  stm32f10x_gpio.o(.text)
    GPIO_ReadInputDataBit                    0x0800565f   Thumb Code    18  stm32f10x_gpio.o(.text)
    GPIO_ReadInputData                       0x08005671   Thumb Code     8  stm32f10x_gpio.o(.text)
    GPIO_ReadOutputDataBit                   0x08005679   Thumb Code    18  stm32f10x_gpio.o(.text)
    GPIO_ReadOutputData                      0x0800568b   Thumb Code     8  stm32f10x_gpio.o(.text)
    GPIO_SetBits                             0x08005693   Thumb Code     4  stm32f10x_gpio.o(.text)
    GPIO_ResetBits                           0x08005697   Thumb Code     4  stm32f10x_gpio.o(.text)
    GPIO_WriteBit                            0x0800569b   Thumb Code    10  stm32f10x_gpio.o(.text)
    GPIO_Write                               0x080056a5   Thumb Code     4  stm32f10x_gpio.o(.text)
    GPIO_PinLockConfig                       0x080056a9   Thumb Code    18  stm32f10x_gpio.o(.text)
    GPIO_EventOutputConfig                   0x080056bb   Thumb Code    26  stm32f10x_gpio.o(.text)
    GPIO_EventOutputCmd                      0x080056d5   Thumb Code     6  stm32f10x_gpio.o(.text)
    GPIO_PinRemapConfig                      0x080056db   Thumb Code   138  stm32f10x_gpio.o(.text)
    GPIO_EXTILineConfig                      0x08005765   Thumb Code    66  stm32f10x_gpio.o(.text)
    GPIO_ETH_MediaInterfaceConfig            0x080057a7   Thumb Code     8  stm32f10x_gpio.o(.text)
    RCC_DeInit                               0x080057d5   Thumb Code    64  stm32f10x_rcc.o(.text)
    RCC_HSEConfig                            0x08005815   Thumb Code    70  stm32f10x_rcc.o(.text)
    RCC_GetFlagStatus                        0x0800585b   Thumb Code    56  stm32f10x_rcc.o(.text)
    RCC_WaitForHSEStartUp                    0x08005893   Thumb Code    56  stm32f10x_rcc.o(.text)
    RCC_AdjustHSICalibrationValue            0x080058cb   Thumb Code    20  stm32f10x_rcc.o(.text)
    RCC_HSICmd                               0x080058df   Thumb Code     6  stm32f10x_rcc.o(.text)
    RCC_PLLConfig                            0x080058e5   Thumb Code    24  stm32f10x_rcc.o(.text)
    RCC_PLLCmd                               0x080058fd   Thumb Code     6  stm32f10x_rcc.o(.text)
    RCC_SYSCLKConfig                         0x08005903   Thumb Code    18  stm32f10x_rcc.o(.text)
    RCC_GetSYSCLKSource                      0x08005915   Thumb Code    10  stm32f10x_rcc.o(.text)
    RCC_HCLKConfig                           0x0800591f   Thumb Code    18  stm32f10x_rcc.o(.text)
    RCC_PCLK1Config                          0x08005931   Thumb Code    18  stm32f10x_rcc.o(.text)
    RCC_PCLK2Config                          0x08005943   Thumb Code    20  stm32f10x_rcc.o(.text)
    RCC_ITConfig                             0x08005957   Thumb Code    26  stm32f10x_rcc.o(.text)
    RCC_USBCLKConfig                         0x08005971   Thumb Code     8  stm32f10x_rcc.o(.text)
    RCC_ADCCLKConfig                         0x08005979   Thumb Code    18  stm32f10x_rcc.o(.text)
    RCC_LSEConfig                            0x0800598b   Thumb Code    50  stm32f10x_rcc.o(.text)
    RCC_LSICmd                               0x080059bd   Thumb Code     6  stm32f10x_rcc.o(.text)
    RCC_RTCCLKConfig                         0x080059c3   Thumb Code    12  stm32f10x_rcc.o(.text)
    RCC_RTCCLKCmd                            0x080059cf   Thumb Code     8  stm32f10x_rcc.o(.text)
    RCC_GetClocksFreq                        0x080059d7   Thumb Code   192  stm32f10x_rcc.o(.text)
    RCC_AHBPeriphClockCmd                    0x08005a97   Thumb Code    26  stm32f10x_rcc.o(.text)
    RCC_APB2PeriphClockCmd                   0x08005ab1   Thumb Code    26  stm32f10x_rcc.o(.text)
    RCC_APB1PeriphClockCmd                   0x08005acb   Thumb Code    26  stm32f10x_rcc.o(.text)
    RCC_APB2PeriphResetCmd                   0x08005ae5   Thumb Code    26  stm32f10x_rcc.o(.text)
    RCC_APB1PeriphResetCmd                   0x08005aff   Thumb Code    26  stm32f10x_rcc.o(.text)
    RCC_BackupResetCmd                       0x08005b19   Thumb Code     8  stm32f10x_rcc.o(.text)
    RCC_ClockSecuritySystemCmd               0x08005b21   Thumb Code     6  stm32f10x_rcc.o(.text)
    RCC_MCOConfig                            0x08005b27   Thumb Code     6  stm32f10x_rcc.o(.text)
    RCC_ClearFlag                            0x08005b2d   Thumb Code    14  stm32f10x_rcc.o(.text)
    RCC_GetITStatus                          0x08005b3b   Thumb Code    20  stm32f10x_rcc.o(.text)
    RCC_ClearITPendingBit                    0x08005b4f   Thumb Code     6  stm32f10x_rcc.o(.text)
    TIM_DeInit                               0x08005b79   Thumb Code   424  stm32f10x_tim.o(.text)
    TIM_TimeBaseInit                         0x08005d21   Thumb Code   122  stm32f10x_tim.o(.text)
    TIM_OC1Init                              0x08005d9b   Thumb Code   132  stm32f10x_tim.o(.text)
    TIM_OC2Init                              0x08005e1f   Thumb Code   154  stm32f10x_tim.o(.text)
    TIM_OC3Init                              0x08005eb9   Thumb Code   150  stm32f10x_tim.o(.text)
    TIM_OC4Init                              0x08005f4f   Thumb Code   182  stm32f10x_tim.o(.text)
    TIM_SetIC4Prescaler                      0x08006005   Thumb Code    26  stm32f10x_tim.o(.text)
    TIM_SetIC3Prescaler                      0x080060a1   Thumb Code    18  stm32f10x_tim.o(.text)
    TIM_SetIC2Prescaler                      0x0800612d   Thumb Code    26  stm32f10x_tim.o(.text)
    TIM_SetIC1Prescaler                      0x080061c9   Thumb Code    18  stm32f10x_tim.o(.text)
    TIM_ICInit                               0x08006247   Thumb Code   150  stm32f10x_tim.o(.text)
    TIM_PWMIConfig                           0x080062dd   Thumb Code   124  stm32f10x_tim.o(.text)
    TIM_BDTRConfig                           0x08006359   Thumb Code    32  stm32f10x_tim.o(.text)
    TIM_TimeBaseStructInit                   0x08006379   Thumb Code    18  stm32f10x_tim.o(.text)
    TIM_OCStructInit                         0x0800638b   Thumb Code    20  stm32f10x_tim.o(.text)
    TIM_ICStructInit                         0x0800639f   Thumb Code    18  stm32f10x_tim.o(.text)
    TIM_BDTRStructInit                       0x080063b1   Thumb Code    40  stm32f10x_tim.o(.text)
    TIM_Cmd                                  0x080063d9   Thumb Code    24  stm32f10x_tim.o(.text)
    TIM_CtrlPWMOutputs                       0x080063f1   Thumb Code    30  stm32f10x_tim.o(.text)
    TIM_ITConfig                             0x0800640f   Thumb Code    18  stm32f10x_tim.o(.text)
    TIM_GenerateEvent                        0x08006421   Thumb Code     4  stm32f10x_tim.o(.text)
    TIM_DMAConfig                            0x08006425   Thumb Code    10  stm32f10x_tim.o(.text)
    TIM_DMACmd                               0x0800642f   Thumb Code    18  stm32f10x_tim.o(.text)
    TIM_InternalClockConfig                  0x08006441   Thumb Code    12  stm32f10x_tim.o(.text)
    TIM_SelectInputTrigger                   0x0800644d   Thumb Code    18  stm32f10x_tim.o(.text)
    TIM_ITRxExternalClockConfig              0x0800645f   Thumb Code    24  stm32f10x_tim.o(.text)
    TIM_TIxExternalClockConfig               0x08006477   Thumb Code    62  stm32f10x_tim.o(.text)
    TIM_ETRConfig                            0x080064b5   Thumb Code    28  stm32f10x_tim.o(.text)
    TIM_ETRClockMode1Config                  0x080064d1   Thumb Code    54  stm32f10x_tim.o(.text)
    TIM_ETRClockMode2Config                  0x08006507   Thumb Code    32  stm32f10x_tim.o(.text)
    TIM_PrescalerConfig                      0x08006527   Thumb Code     6  stm32f10x_tim.o(.text)
    TIM_CounterModeConfig                    0x0800652d   Thumb Code    18  stm32f10x_tim.o(.text)
    TIM_EncoderInterfaceConfig               0x0800653f   Thumb Code    66  stm32f10x_tim.o(.text)
    TIM_ForcedOC1Config                      0x08006581   Thumb Code    18  stm32f10x_tim.o(.text)
    TIM_ForcedOC2Config                      0x08006593   Thumb Code    26  stm32f10x_tim.o(.text)
    TIM_ForcedOC3Config                      0x080065ad   Thumb Code    18  stm32f10x_tim.o(.text)
    TIM_ForcedOC4Config                      0x080065bf   Thumb Code    26  stm32f10x_tim.o(.text)
    TIM_ARRPreloadConfig                     0x080065d9   Thumb Code    24  stm32f10x_tim.o(.text)
    TIM_SelectCOM                            0x080065f1   Thumb Code    24  stm32f10x_tim.o(.text)
    TIM_SelectCCDMA                          0x08006609   Thumb Code    24  stm32f10x_tim.o(.text)
    TIM_CCPreloadControl                     0x08006621   Thumb Code    24  stm32f10x_tim.o(.text)
    TIM_OC1PreloadConfig                     0x08006639   Thumb Code    18  stm32f10x_tim.o(.text)
    TIM_OC2PreloadConfig                     0x0800664b   Thumb Code    26  stm32f10x_tim.o(.text)
    TIM_OC3PreloadConfig                     0x08006665   Thumb Code    18  stm32f10x_tim.o(.text)
    TIM_OC4PreloadConfig                     0x08006677   Thumb Code    26  stm32f10x_tim.o(.text)
    TIM_OC1FastConfig                        0x08006691   Thumb Code    18  stm32f10x_tim.o(.text)
    TIM_OC2FastConfig                        0x080066a3   Thumb Code    26  stm32f10x_tim.o(.text)
    TIM_OC3FastConfig                        0x080066bd   Thumb Code    18  stm32f10x_tim.o(.text)
    TIM_OC4FastConfig                        0x080066cf   Thumb Code    26  stm32f10x_tim.o(.text)
    TIM_ClearOC1Ref                          0x080066e9   Thumb Code    18  stm32f10x_tim.o(.text)
    TIM_ClearOC2Ref                          0x080066fb   Thumb Code    24  stm32f10x_tim.o(.text)
    TIM_ClearOC3Ref                          0x08006713   Thumb Code    18  stm32f10x_tim.o(.text)
    TIM_ClearOC4Ref                          0x08006725   Thumb Code    24  stm32f10x_tim.o(.text)
    TIM_OC1PolarityConfig                    0x0800673d   Thumb Code    18  stm32f10x_tim.o(.text)
    TIM_OC1NPolarityConfig                   0x0800674f   Thumb Code    18  stm32f10x_tim.o(.text)
    TIM_OC2PolarityConfig                    0x08006761   Thumb Code    26  stm32f10x_tim.o(.text)
    TIM_OC2NPolarityConfig                   0x0800677b   Thumb Code    26  stm32f10x_tim.o(.text)
    TIM_OC3PolarityConfig                    0x08006795   Thumb Code    26  stm32f10x_tim.o(.text)
    TIM_OC3NPolarityConfig                   0x080067af   Thumb Code    26  stm32f10x_tim.o(.text)
    TIM_OC4PolarityConfig                    0x080067c9   Thumb Code    26  stm32f10x_tim.o(.text)
    TIM_CCxCmd                               0x080067e3   Thumb Code    30  stm32f10x_tim.o(.text)
    TIM_CCxNCmd                              0x08006801   Thumb Code    30  stm32f10x_tim.o(.text)
    TIM_SelectOCxM                           0x0800681f   Thumb Code    82  stm32f10x_tim.o(.text)
    TIM_UpdateDisableConfig                  0x08006871   Thumb Code    24  stm32f10x_tim.o(.text)
    TIM_UpdateRequestConfig                  0x08006889   Thumb Code    24  stm32f10x_tim.o(.text)
    TIM_SelectHallSensor                     0x080068a1   Thumb Code    24  stm32f10x_tim.o(.text)
    TIM_SelectOnePulseMode                   0x080068b9   Thumb Code    18  stm32f10x_tim.o(.text)
    TIM_SelectOutputTrigger                  0x080068cb   Thumb Code    18  stm32f10x_tim.o(.text)
    TIM_SelectSlaveMode                      0x080068dd   Thumb Code    18  stm32f10x_tim.o(.text)
    TIM_SelectMasterSlaveMode                0x080068ef   Thumb Code    18  stm32f10x_tim.o(.text)
    TIM_SetCounter                           0x08006901   Thumb Code     4  stm32f10x_tim.o(.text)
    TIM_SetAutoreload                        0x08006905   Thumb Code     4  stm32f10x_tim.o(.text)
    TIM_SetCompare1                          0x08006909   Thumb Code     4  stm32f10x_tim.o(.text)
    TIM_SetCompare2                          0x0800690d   Thumb Code     4  stm32f10x_tim.o(.text)
    TIM_SetCompare3                          0x08006911   Thumb Code     4  stm32f10x_tim.o(.text)
    TIM_SetCompare4                          0x08006915   Thumb Code     6  stm32f10x_tim.o(.text)
    TIM_SetClockDivision                     0x0800691b   Thumb Code    18  stm32f10x_tim.o(.text)
    TIM_GetCapture1                          0x0800692d   Thumb Code     6  stm32f10x_tim.o(.text)
    TIM_GetCapture2                          0x08006933   Thumb Code     6  stm32f10x_tim.o(.text)
    TIM_GetCapture3                          0x08006939   Thumb Code     6  stm32f10x_tim.o(.text)
    TIM_GetCapture4                          0x0800693f   Thumb Code     8  stm32f10x_tim.o(.text)
    TIM_GetCounter                           0x08006947   Thumb Code     6  stm32f10x_tim.o(.text)
    TIM_GetPrescaler                         0x0800694d   Thumb Code     6  stm32f10x_tim.o(.text)
    TIM_GetFlagStatus                        0x08006953   Thumb Code    18  stm32f10x_tim.o(.text)
    TIM_ClearFlag                            0x08006965   Thumb Code     6  stm32f10x_tim.o(.text)
    TIM_GetITStatus                          0x0800696b   Thumb Code    34  stm32f10x_tim.o(.text)
    TIM_ClearITPendingBit                    0x0800698d   Thumb Code     6  stm32f10x_tim.o(.text)
    USART_DeInit                             0x08006995   Thumb Code   134  stm32f10x_usart.o(.text)
    USART_Init                               0x08006a1b   Thumb Code   210  stm32f10x_usart.o(.text)
    USART_StructInit                         0x08006aed   Thumb Code    24  stm32f10x_usart.o(.text)
    USART_ClockInit                          0x08006b05   Thumb Code    34  stm32f10x_usart.o(.text)
    USART_ClockStructInit                    0x08006b27   Thumb Code    12  stm32f10x_usart.o(.text)
    USART_Cmd                                0x08006b33   Thumb Code    24  stm32f10x_usart.o(.text)
    USART_ITConfig                           0x08006b4b   Thumb Code    74  stm32f10x_usart.o(.text)
    USART_DMACmd                             0x08006b95   Thumb Code    18  stm32f10x_usart.o(.text)
    USART_SetAddress                         0x08006ba7   Thumb Code    18  stm32f10x_usart.o(.text)
    USART_WakeUpConfig                       0x08006bb9   Thumb Code    18  stm32f10x_usart.o(.text)
    USART_ReceiverWakeUpCmd                  0x08006bcb   Thumb Code    24  stm32f10x_usart.o(.text)
    USART_LINBreakDetectLengthConfig         0x08006be3   Thumb Code    18  stm32f10x_usart.o(.text)
    USART_LINCmd                             0x08006bf5   Thumb Code    24  stm32f10x_usart.o(.text)
    USART_SendData                           0x08006c0d   Thumb Code     8  stm32f10x_usart.o(.text)
    USART_ReceiveData                        0x08006c15   Thumb Code    10  stm32f10x_usart.o(.text)
    USART_SendBreak                          0x08006c1f   Thumb Code    10  stm32f10x_usart.o(.text)
    USART_SetGuardTime                       0x08006c29   Thumb Code    16  stm32f10x_usart.o(.text)
    USART_SetPrescaler                       0x08006c39   Thumb Code    16  stm32f10x_usart.o(.text)
    USART_SmartCardCmd                       0x08006c49   Thumb Code    24  stm32f10x_usart.o(.text)
    USART_SmartCardNACKCmd                   0x08006c61   Thumb Code    24  stm32f10x_usart.o(.text)
    USART_HalfDuplexCmd                      0x08006c79   Thumb Code    24  stm32f10x_usart.o(.text)
    USART_OverSampling8Cmd                   0x08006c91   Thumb Code    22  stm32f10x_usart.o(.text)
    USART_OneBitMethodCmd                    0x08006ca7   Thumb Code    24  stm32f10x_usart.o(.text)
    USART_IrDAConfig                         0x08006cbf   Thumb Code    18  stm32f10x_usart.o(.text)
    USART_IrDACmd                            0x08006cd1   Thumb Code    24  stm32f10x_usart.o(.text)
    USART_GetFlagStatus                      0x08006ce9   Thumb Code    26  stm32f10x_usart.o(.text)
    USART_ClearFlag                          0x08006d03   Thumb Code    18  stm32f10x_usart.o(.text)
    USART_GetITStatus                        0x08006d15   Thumb Code    84  stm32f10x_usart.o(.text)
    USART_ClearITPendingBit                  0x08006d69   Thumb Code    52  stm32f10x_usart.o(.text)
    __use_no_semihosting                     0x08006d9d   Thumb Code     2  use_no_semi_2.o(.text)
    __aeabi_ldivmod                          0x08006d9f   Thumb Code     0  llsdiv.o(.text)
    _ll_sdiv                                 0x08006d9f   Thumb Code    72  llsdiv.o(.text)
    __2printf                                0x08006de9   Thumb Code    20  noretval__2printf.o(.text)
    _printf_pre_padding                      0x08006e01   Thumb Code    44  _printf_pad.o(.text)
    _printf_post_padding                     0x08006e2d   Thumb Code    34  _printf_pad.o(.text)
    _printf_int_dec                          0x08006e51   Thumb Code   104  _printf_dec.o(.text)
    _printf_int_hex                          0x08006ec9   Thumb Code    84  _printf_hex_int.o(.text)
    _printf_longlong_hex                     0x08006ec9   Thumb Code     0  _printf_hex_int.o(.text)
    __printf                                 0x08006f21   Thumb Code   308  __printf_flags_wp.o(.text)
    memcmp                                   0x08007059   Thumb Code    88  memcmp.o(.text)
    strlen                                   0x080070b1   Thumb Code    62  strlen.o(.text)
    __aeabi_memset                           0x080070ef   Thumb Code    16  aeabi_memset.o(.text)
    __use_two_region_memory                  0x080070ff   Thumb Code     2  heapauxi.o(.text)
    __rt_heap_escrow$2region                 0x08007101   Thumb Code     2  heapauxi.o(.text)
    __rt_heap_expand$2region                 0x08007103   Thumb Code     2  heapauxi.o(.text)
    __I$use$semihosting                      0x08007105   Thumb Code     0  use_no_semi.o(.text)
    __use_no_semihosting_swi                 0x08007105   Thumb Code     2  use_no_semi.o(.text)
    __aeabi_uldivmod                         0x08007107   Thumb Code     0  lludivv7m.o(.text)
    _ll_udiv                                 0x08007107   Thumb Code   238  lludivv7m.o(.text)
    __read_errno                             0x080071f5   Thumb Code    10  _rserrno.o(.text)
    __set_errno                              0x080071ff   Thumb Code    12  _rserrno.o(.text)
    _printf_int_common                       0x0800720b   Thumb Code   178  _printf_intcommon.o(.text)
    _printf_char_file                        0x080072bd   Thumb Code    32  _printf_char_file.o(.text)
    __aeabi_memclr                           0x080072e1   Thumb Code     0  rt_memclr.o(.text)
    __rt_memclr                              0x080072e1   Thumb Code    68  rt_memclr.o(.text)
    _memset                                  0x080072e5   Thumb Code     0  rt_memclr.o(.text)
    __aeabi_errno_addr                       0x08007325   Thumb Code     8  rt_errno_addr_intlibspace.o(.text)
    __errno$intlibspace                      0x08007325   Thumb Code     0  rt_errno_addr_intlibspace.o(.text)
    __rt_errno_addr$intlibspace              0x08007325   Thumb Code     0  rt_errno_addr_intlibspace.o(.text)
    _printf_char_common                      0x08007337   Thumb Code    32  _printf_char_common.o(.text)
    ferror                                   0x0800735d   Thumb Code     8  ferror.o(.text)
    __aeabi_memclr4                          0x08007365   Thumb Code     0  rt_memclr_w.o(.text)
    __aeabi_memclr8                          0x08007365   Thumb Code     0  rt_memclr_w.o(.text)
    __rt_memclr_w                            0x08007365   Thumb Code    78  rt_memclr_w.o(.text)
    _memset_w                                0x08007369   Thumb Code     0  rt_memclr_w.o(.text)
    __user_libspace                          0x080073b5   Thumb Code     8  libspace.o(.text)
    __user_perproc_libspace                  0x080073b5   Thumb Code     0  libspace.o(.text)
    __user_perthread_libspace                0x080073b5   Thumb Code     0  libspace.o(.text)
    __user_setup_stackheap                   0x080073bd   Thumb Code    74  sys_stackheap_outer.o(.text)
    exit                                     0x08007407   Thumb Code    18  exit.o(.text)
    __ARM_fpclassify                         0x08007419   Thumb Code    40  fpclassify.o(i.__ARM_fpclassify)
    __kernel_poly                            0x08007441   Thumb Code   170  poly.o(i.__kernel_poly)
    __mathlib_dbl_infnan                     0x080074eb   Thumb Code     6  dunder.o(i.__mathlib_dbl_infnan)
    __mathlib_dbl_infnan2                    0x080074f1   Thumb Code     4  dunder.o(i.__mathlib_dbl_infnan2)
    __mathlib_dbl_invalid                    0x080074f5   Thumb Code    12  dunder.o(i.__mathlib_dbl_invalid)
    __mathlib_dbl_underflow                  0x08007501   Thumb Code    10  dunder.o(i.__mathlib_dbl_underflow)
    _is_digit                                0x08007511   Thumb Code    14  __printf_wp.o(i._is_digit)
    asin                                     0x08007521   Thumb Code   572  asin.o(i.asin)
    atan                                     0x08007791   Thumb Code   474  atan.o(i.atan)
    atan2                                    0x080079b1   Thumb Code   346  atan2.o(i.atan2)
    sqrt                                     0x08007b31   Thumb Code    76  sqrt.o(i.sqrt)
    __aeabi_d2f                              0x08007b7d   Thumb Code     0  d2f.o(x$fpl$d2f)
    _d2f                                     0x08007b7d   Thumb Code    98  d2f.o(x$fpl$d2f)
    __aeabi_dadd                             0x08007be1   Thumb Code     0  daddsub_clz.o(x$fpl$dadd)
    _dadd                                    0x08007be1   Thumb Code   332  daddsub_clz.o(x$fpl$dadd)
    __fpl_dcheck_NaN1                        0x08007d31   Thumb Code    10  dcheck1.o(x$fpl$dcheck1)
    __fpl_dcmp_Inf                           0x08007d41   Thumb Code    24  dcmpi.o(x$fpl$dcmpinf)
    __aeabi_ddiv                             0x08007d59   Thumb Code     0  ddiv.o(x$fpl$ddiv)
    _ddiv                                    0x08007d59   Thumb Code   552  ddiv.o(x$fpl$ddiv)
    __aeabi_d2iz                             0x08008009   Thumb Code     0  dfix.o(x$fpl$dfix)
    _dfix                                    0x08008009   Thumb Code    94  dfix.o(x$fpl$dfix)
    __aeabi_d2uiz                            0x08008069   Thumb Code     0  dfixu.o(x$fpl$dfixu)
    _dfixu                                   0x08008069   Thumb Code    90  dfixu.o(x$fpl$dfixu)
    __aeabi_i2d                              0x080080c3   Thumb Code     0  dflt_clz.o(x$fpl$dflt)
    _dflt                                    0x080080c3   Thumb Code    46  dflt_clz.o(x$fpl$dflt)
    __aeabi_ui2d                             0x080080f1   Thumb Code     0  dflt_clz.o(x$fpl$dfltu)
    _dfltu                                   0x080080f1   Thumb Code    38  dflt_clz.o(x$fpl$dfltu)
    __aeabi_cdcmple                          0x08008119   Thumb Code     0  dleqf.o(x$fpl$dleqf)
    _dcmple                                  0x08008119   Thumb Code   120  dleqf.o(x$fpl$dleqf)
    __fpl_dcmple_InfNaN                      0x0800817b   Thumb Code     0  dleqf.o(x$fpl$dleqf)
    __aeabi_dmul                             0x08008191   Thumb Code     0  dmul.o(x$fpl$dmul)
    _dmul                                    0x08008191   Thumb Code   332  dmul.o(x$fpl$dmul)
    __fpl_dnaninf                            0x080082e5   Thumb Code   156  dnaninf.o(x$fpl$dnaninf)
    __fpl_dretinf                            0x08008381   Thumb Code    12  dretinf.o(x$fpl$dretinf)
    __aeabi_drsub                            0x0800838d   Thumb Code     0  daddsub_clz.o(x$fpl$drsb)
    _drsb                                    0x0800838d   Thumb Code    22  daddsub_clz.o(x$fpl$drsb)
    _dsqrt                                   0x080083a5   Thumb Code   456  dsqrt_noumaal.o(x$fpl$dsqrt)
    __aeabi_dsub                             0x08008571   Thumb Code     0  daddsub_clz.o(x$fpl$dsub)
    _dsub                                    0x08008571   Thumb Code   464  daddsub_clz.o(x$fpl$dsub)
    __aeabi_f2d                              0x08008745   Thumb Code     0  f2d.o(x$fpl$f2d)
    _f2d                                     0x08008745   Thumb Code    86  f2d.o(x$fpl$f2d)
    __aeabi_fadd                             0x0800879d   Thumb Code     0  faddsub_clz.o(x$fpl$fadd)
    _fadd                                    0x0800879d   Thumb Code   196  faddsub_clz.o(x$fpl$fadd)
    __fpl_fcmp_Inf                           0x08008861   Thumb Code    24  fcmpi.o(x$fpl$fcmpinf)
    __aeabi_fdiv                             0x08008879   Thumb Code     0  fdiv.o(x$fpl$fdiv)
    _fdiv                                    0x08008879   Thumb Code   384  fdiv.o(x$fpl$fdiv)
    __aeabi_cfcmpeq                          0x080089fd   Thumb Code     0  feqf.o(x$fpl$feqf)
    _fcmpeq                                  0x080089fd   Thumb Code   104  feqf.o(x$fpl$feqf)
    __aeabi_f2iz                             0x08008a65   Thumb Code     0  ffix.o(x$fpl$ffix)
    _ffix                                    0x08008a65   Thumb Code    54  ffix.o(x$fpl$ffix)
    __aeabi_f2uiz                            0x08008a9d   Thumb Code     0  ffixu.o(x$fpl$ffixu)
    _ffixu                                   0x08008a9d   Thumb Code    62  ffixu.o(x$fpl$ffixu)
    __aeabi_i2f                              0x08008add   Thumb Code     0  fflt_clz.o(x$fpl$fflt)
    _fflt                                    0x08008add   Thumb Code    48  fflt_clz.o(x$fpl$fflt)
    __aeabi_ui2f                             0x08008b0d   Thumb Code     0  fflt_clz.o(x$fpl$ffltu)
    _ffltu                                   0x08008b0d   Thumb Code    38  fflt_clz.o(x$fpl$ffltu)
    __aeabi_cfcmple                          0x08008b35   Thumb Code     0  fleqf.o(x$fpl$fleqf)
    _fcmple                                  0x08008b35   Thumb Code   104  fleqf.o(x$fpl$fleqf)
    __fpl_fcmple_InfNaN                      0x08008b87   Thumb Code     0  fleqf.o(x$fpl$fleqf)
    __aeabi_fmul                             0x08008b9d   Thumb Code     0  fmul.o(x$fpl$fmul)
    _fmul                                    0x08008b9d   Thumb Code   258  fmul.o(x$fpl$fmul)
    __fpl_fnaninf                            0x08008c9f   Thumb Code   140  fnaninf.o(x$fpl$fnaninf)
    __fpl_fretinf                            0x08008d2b   Thumb Code    10  fretinf.o(x$fpl$fretinf)
    __aeabi_cfrcmple                         0x08008d35   Thumb Code     0  frleqf.o(x$fpl$frleqf)
    _frcmple                                 0x08008d35   Thumb Code    98  frleqf.o(x$fpl$frleqf)
    __aeabi_frsub                            0x08008d97   Thumb Code     0  faddsub_clz.o(x$fpl$frsb)
    _frsb                                    0x08008d97   Thumb Code    20  faddsub_clz.o(x$fpl$frsb)
    __aeabi_fsub                             0x08008dad   Thumb Code     0  faddsub_clz.o(x$fpl$fsub)
    _fsub                                    0x08008dad   Thumb Code   234  faddsub_clz.o(x$fpl$fsub)
    __fpl_return_NaN                         0x08008e97   Thumb Code   100  retnan.o(x$fpl$retnan)
    __ARM_scalbn                             0x08008efb   Thumb Code    92  scalbn.o(x$fpl$scalbn)
    __fpl_cmpreturn                          0x08008f57   Thumb Code    48  trapv.o(x$fpl$trapveneer)
    __I$use$fp                               0x08008f86   Number         0  usenofp.o(x$fpl$usenofp)
    reg                                      0x08008f88   Data          27  inv_mpu.o(.constdata)
    hw                                       0x08008fa4   Data          12  inv_mpu.o(.constdata)
    test                                     0x08008fb0   Data          40  inv_mpu.o(.constdata)
    F6x8                                     0x08009bce   Data         552  oled.o(.constdata)
    F8X16                                    0x08009df6   Data        1520  oled.o(.constdata)
    __mathlib_zero                           0x0800a508   Data           8  qnan.o(.constdata)
    Region$$Table$$Base                      0x0800a560   Number         0  anon$$obj.o(Region$$Table)
    Region$$Table$$Limit                     0x0800a580   Number         0  anon$$obj.o(Region$$Table)
    Pitch                                    0x20000000   Data           4  main.o(.data)
    Roll                                     0x20000004   Data           4  main.o(.data)
    Yaw                                      0x20000008   Data           4  main.o(.data)
    gyrox                                    0x2000000c   Data           2  main.o(.data)
    gyroy                                    0x2000000e   Data           2  main.o(.data)
    gyroz                                    0x20000010   Data           2  main.o(.data)
    aacx                                     0x20000012   Data           2  main.o(.data)
    aacy                                     0x20000014   Data           2  main.o(.data)
    aacz                                     0x20000016   Data           2  main.o(.data)
    Encoder_Left                             0x20000018   Data           4  main.o(.data)
    Encoder_Right                            0x2000001c   Data           4  main.o(.data)
    PWM_MAX                                  0x20000020   Data           4  main.o(.data)
    PWM_MIN                                  0x20000024   Data           4  main.o(.data)
    MOTO1                                    0x20000028   Data           4  main.o(.data)
    MOTO2                                    0x2000002c   Data           4  main.o(.data)
    SystemCoreClock                          0x20000030   Data           4  system_stm32f10x.o(.data)
    AHBPrescTable                            0x20000034   Data          16  system_stm32f10x.o(.data)
    __stdout                                 0x20000048   Data           4  usart.o(.data)
    USART_RX_STA                             0x2000004c   Data           1  usart.o(.data)
    Hzk                                      0x20000085   Data         896  oled.o(.data)
    Med_Angle                                0x20000408   Data           4  control.o(.data)
    Target_Speed                             0x2000040c   Data           4  control.o(.data)
    Turn_Speed                               0x20000410   Data           4  control.o(.data)
    Vertical_Kp                              0x20000414   Data           4  control.o(.data)
    Vertical_Kd                              0x20000418   Data           4  control.o(.data)
    Velocity_Kp                              0x2000041c   Data           4  control.o(.data)
    Velocity_Ki                              0x20000420   Data           4  control.o(.data)
    Turn_Kd                                  0x20000424   Data           4  control.o(.data)
    Turn_Kp                                  0x20000428   Data           4  control.o(.data)
    Vertical_out                             0x2000042c   Data           4  control.o(.data)
    Velocity_out                             0x20000430   Data           4  control.o(.data)
    Turn_out                                 0x20000434   Data           4  control.o(.data)
    PWM_Zero                                 0x2000044c   Data           1  motor.o(.data)
    stop                                     0x2000044d   Data           1  motor.o(.data)
    Fore                                     0x2000044e   Data           1  usart3.o(.data)
    Back                                     0x2000044f   Data           1  usart3.o(.data)
    Left                                     0x20000450   Data           1  usart3.o(.data)
    Right                                    0x20000451   Data           1  usart3.o(.data)
    USART_RX_BUF                             0x20000468   Data          64  usart.o(.bss)
    __libspace_start                         0x200004b8   Data          96  libspace.o(.bss)
    __temporary_stack_top$libspace           0x20000518   Data           0  libspace.o(.bss)



==============================================================================

Memory Map of the image

  Image Entry point : 0x080000ed

  Load Region LR_IROM1 (Base: 0x08000000, Size: 0x0000a9e8, Max: 0x00010000, ABSOLUTE, COMPRESSED[0x0000a73c])

    Execution Region ER_IROM1 (Base: 0x08000000, Size: 0x0000a580, Max: 0x00010000, ABSOLUTE)

    Base Addr    Size         Type   Attr      Idx    E Section Name        Object

    0x08000000   0x000000ec   Data   RO          674    RESET               startup_stm32f10x_md.o
    0x080000ec   0x00000008   Code   RO         1301  * !!!main             c_w.l(__main.o)
    0x080000f4   0x00000034   Code   RO         1636    !!!scatter          c_w.l(__scatter.o)
    0x08000128   0x0000005a   Code   RO         1634    !!dczerorl2         c_w.l(__dczerorl2.o)
    0x08000182   0x00000002   PAD
    0x08000184   0x0000001c   Code   RO         1638    !!handler_zi        c_w.l(__scatter_zi.o)
    0x080001a0   0x00000000   Code   RO         1292    .ARM.Collect$$_printf_percent$$00000000  c_w.l(_printf_percent.o)
    0x080001a0   0x00000006   Code   RO         1291    .ARM.Collect$$_printf_percent$$00000009  c_w.l(_printf_d.o)
    0x080001a6   0x00000006   Code   RO         1290    .ARM.Collect$$_printf_percent$$0000000C  c_w.l(_printf_x.o)
    0x080001ac   0x00000004   Code   RO         1396    .ARM.Collect$$_printf_percent$$00000017  c_w.l(_printf_percent_end.o)
    0x080001b0   0x00000002   Code   RO         1503    .ARM.Collect$$libinit$$00000000  c_w.l(libinit.o)
    0x080001b2   0x00000000   Code   RO         1513    .ARM.Collect$$libinit$$00000002  c_w.l(libinit2.o)
    0x080001b2   0x00000000   Code   RO         1515    .ARM.Collect$$libinit$$00000004  c_w.l(libinit2.o)
    0x080001b2   0x00000000   Code   RO         1518    .ARM.Collect$$libinit$$0000000A  c_w.l(libinit2.o)
    0x080001b2   0x00000000   Code   RO         1520    .ARM.Collect$$libinit$$0000000C  c_w.l(libinit2.o)
    0x080001b2   0x00000000   Code   RO         1522    .ARM.Collect$$libinit$$0000000E  c_w.l(libinit2.o)
    0x080001b2   0x00000000   Code   RO         1525    .ARM.Collect$$libinit$$00000011  c_w.l(libinit2.o)
    0x080001b2   0x00000000   Code   RO         1527    .ARM.Collect$$libinit$$00000013  c_w.l(libinit2.o)
    0x080001b2   0x00000000   Code   RO         1529    .ARM.Collect$$libinit$$00000015  c_w.l(libinit2.o)
    0x080001b2   0x00000000   Code   RO         1531    .ARM.Collect$$libinit$$00000017  c_w.l(libinit2.o)
    0x080001b2   0x00000000   Code   RO         1533    .ARM.Collect$$libinit$$00000019  c_w.l(libinit2.o)
    0x080001b2   0x00000000   Code   RO         1535    .ARM.Collect$$libinit$$0000001B  c_w.l(libinit2.o)
    0x080001b2   0x00000000   Code   RO         1537    .ARM.Collect$$libinit$$0000001D  c_w.l(libinit2.o)
    0x080001b2   0x00000000   Code   RO         1539    .ARM.Collect$$libinit$$0000001F  c_w.l(libinit2.o)
    0x080001b2   0x00000000   Code   RO         1541    .ARM.Collect$$libinit$$00000021  c_w.l(libinit2.o)
    0x080001b2   0x00000000   Code   RO         1543    .ARM.Collect$$libinit$$00000023  c_w.l(libinit2.o)
    0x080001b2   0x00000000   Code   RO         1545    .ARM.Collect$$libinit$$00000025  c_w.l(libinit2.o)
    0x080001b2   0x00000000   Code   RO         1549    .ARM.Collect$$libinit$$0000002C  c_w.l(libinit2.o)
    0x080001b2   0x00000000   Code   RO         1551    .ARM.Collect$$libinit$$0000002E  c_w.l(libinit2.o)
    0x080001b2   0x00000000   Code   RO         1553    .ARM.Collect$$libinit$$00000030  c_w.l(libinit2.o)
    0x080001b2   0x00000000   Code   RO         1555    .ARM.Collect$$libinit$$00000032  c_w.l(libinit2.o)
    0x080001b2   0x00000002   Code   RO         1556    .ARM.Collect$$libinit$$00000033  c_w.l(libinit2.o)
    0x080001b4   0x00000002   Code   RO         1586    .ARM.Collect$$libshutdown$$00000000  c_w.l(libshutdown.o)
    0x080001b6   0x00000000   Code   RO         1600    .ARM.Collect$$libshutdown$$00000002  c_w.l(libshutdown2.o)
    0x080001b6   0x00000000   Code   RO         1602    .ARM.Collect$$libshutdown$$00000004  c_w.l(libshutdown2.o)
    0x080001b6   0x00000000   Code   RO         1605    .ARM.Collect$$libshutdown$$00000007  c_w.l(libshutdown2.o)
    0x080001b6   0x00000000   Code   RO         1608    .ARM.Collect$$libshutdown$$0000000A  c_w.l(libshutdown2.o)
    0x080001b6   0x00000000   Code   RO         1610    .ARM.Collect$$libshutdown$$0000000C  c_w.l(libshutdown2.o)
    0x080001b6   0x00000000   Code   RO         1613    .ARM.Collect$$libshutdown$$0000000F  c_w.l(libshutdown2.o)
    0x080001b6   0x00000002   Code   RO         1614    .ARM.Collect$$libshutdown$$00000010  c_w.l(libshutdown2.o)
    0x080001b8   0x00000000   Code   RO         1387    .ARM.Collect$$rtentry$$00000000  c_w.l(__rtentry.o)
    0x080001b8   0x00000000   Code   RO         1452    .ARM.Collect$$rtentry$$00000002  c_w.l(__rtentry2.o)
    0x080001b8   0x00000006   Code   RO         1464    .ARM.Collect$$rtentry$$00000004  c_w.l(__rtentry4.o)
    0x080001be   0x00000000   Code   RO         1454    .ARM.Collect$$rtentry$$00000009  c_w.l(__rtentry2.o)
    0x080001be   0x00000004   Code   RO         1455    .ARM.Collect$$rtentry$$0000000A  c_w.l(__rtentry2.o)
    0x080001c2   0x00000000   Code   RO         1457    .ARM.Collect$$rtentry$$0000000C  c_w.l(__rtentry2.o)
    0x080001c2   0x00000008   Code   RO         1458    .ARM.Collect$$rtentry$$0000000D  c_w.l(__rtentry2.o)
    0x080001ca   0x00000002   Code   RO         1506    .ARM.Collect$$rtexit$$00000000  c_w.l(rtexit.o)
    0x080001cc   0x00000000   Code   RO         1560    .ARM.Collect$$rtexit$$00000002  c_w.l(rtexit2.o)
    0x080001cc   0x00000004   Code   RO         1561    .ARM.Collect$$rtexit$$00000003  c_w.l(rtexit2.o)
    0x080001d0   0x00000006   Code   RO         1562    .ARM.Collect$$rtexit$$00000004  c_w.l(rtexit2.o)
    0x080001d6   0x00000002   PAD
    0x080001d8   0x000000d0   Code   RO            4    .text               main.o
    0x080002a8   0x0000001a   Code   RO          187    .text               stm32f10x_it.o
    0x080002c2   0x00000002   PAD
    0x080002c4   0x000001e0   Code   RO          214    .text               system_stm32f10x.o
    0x080004a4   0x000000d4   Code   RO          244    .text               delay.o
    0x08000578   0x00000060   Code   RO          300    .text               sys.o
    0x080005d8   0x00000124   Code   RO          324    .text               usart.o
    0x080006fc   0x00000244   Code   RO          356    .text               mpuiic.o
    0x08000940   0x00000368   Code   RO          380    .text               mpu6050.o
    0x08000ca8   0x00002288   Code   RO          404    .text               inv_mpu.o
    0x08002f30   0x00000d70   Code   RO          440    .text               inv_mpu_dmp_motion_driver.o
    0x08003ca0   0x00000c14   Code   RO          473    .text               oled.o
    0x080048b4   0x00000418   Code   RO          504    .text               control.o
    0x08004ccc   0x000001a0   Code   RO          531    .text               encoder.o
    0x08004e6c   0x00000050   Code   RO          555    .text               exti.o
    0x08004ebc   0x00000140   Code   RO          579    .text               motor.o
    0x08004ffc   0x000000ac   Code   RO          610    .text               pwm.o
    0x080050a8   0x00000198   Code   RO          634    .text               usart3.o
    0x08005240   0x00000040   Code   RO          675    .text               startup_stm32f10x_md.o
    0x08005280   0x000000dc   Code   RO          682    .text               misc.o
    0x0800535c   0x0000011c   Code   RO          898    .text               stm32f10x_exti.o
    0x08005478   0x0000035c   Code   RO          970    .text               stm32f10x_gpio.o
    0x080057d4   0x000003a4   Code   RO         1066    .text               stm32f10x_rcc.o
    0x08005b78   0x00000e1a   Code   RO         1164    .text               stm32f10x_tim.o
    0x08006992   0x00000002   PAD
    0x08006994   0x00000408   Code   RO         1188    .text               stm32f10x_usart.o
    0x08006d9c   0x00000002   Code   RO         1235    .text               c_w.l(use_no_semi_2.o)
    0x08006d9e   0x00000048   Code   RO         1237    .text               c_w.l(llsdiv.o)
    0x08006de6   0x00000002   PAD
    0x08006de8   0x00000018   Code   RO         1241    .text               c_w.l(noretval__2printf.o)
    0x08006e00   0x0000004e   Code   RO         1245    .text               c_w.l(_printf_pad.o)
    0x08006e4e   0x00000002   PAD
    0x08006e50   0x00000078   Code   RO         1247    .text               c_w.l(_printf_dec.o)
    0x08006ec8   0x00000058   Code   RO         1252    .text               c_w.l(_printf_hex_int.o)
    0x08006f20   0x00000138   Code   RO         1282    .text               c_w.l(__printf_flags_wp.o)
    0x08007058   0x00000058   Code   RO         1293    .text               c_w.l(memcmp.o)
    0x080070b0   0x0000003e   Code   RO         1295    .text               c_w.l(strlen.o)
    0x080070ee   0x00000010   Code   RO         1297    .text               c_w.l(aeabi_memset.o)
    0x080070fe   0x00000006   Code   RO         1299    .text               c_w.l(heapauxi.o)
    0x08007104   0x00000002   Code   RO         1385    .text               c_w.l(use_no_semi.o)
    0x08007106   0x000000ee   Code   RO         1388    .text               c_w.l(lludivv7m.o)
    0x080071f4   0x00000016   Code   RO         1390    .text               c_w.l(_rserrno.o)
    0x0800720a   0x000000b2   Code   RO         1392    .text               c_w.l(_printf_intcommon.o)
    0x080072bc   0x00000024   Code   RO         1394    .text               c_w.l(_printf_char_file.o)
    0x080072e0   0x00000044   Code   RO         1397    .text               c_w.l(rt_memclr.o)
    0x08007324   0x00000008   Code   RO         1473    .text               c_w.l(rt_errno_addr_intlibspace.o)
    0x0800732c   0x00000030   Code   RO         1475    .text               c_w.l(_printf_char_common.o)
    0x0800735c   0x00000008   Code   RO         1477    .text               c_w.l(ferror.o)
    0x08007364   0x0000004e   Code   RO         1481    .text               c_w.l(rt_memclr_w.o)
    0x080073b2   0x00000002   PAD
    0x080073b4   0x00000008   Code   RO         1487    .text               c_w.l(libspace.o)
    0x080073bc   0x0000004a   Code   RO         1490    .text               c_w.l(sys_stackheap_outer.o)
    0x08007406   0x00000012   Code   RO         1496    .text               c_w.l(exit.o)
    0x08007418   0x00000028   Code   RO         1438    i.__ARM_fpclassify  m_ws.l(fpclassify.o)
    0x08007440   0x000000aa   Code   RO         1440    i.__kernel_poly     m_ws.l(poly.o)
    0x080074ea   0x00000006   Code   RO         1425    i.__mathlib_dbl_infnan  m_ws.l(dunder.o)
    0x080074f0   0x00000004   Code   RO         1426    i.__mathlib_dbl_infnan2  m_ws.l(dunder.o)
    0x080074f4   0x0000000c   Code   RO         1427    i.__mathlib_dbl_invalid  m_ws.l(dunder.o)
    0x08007500   0x00000010   Code   RO         1430    i.__mathlib_dbl_underflow  m_ws.l(dunder.o)
    0x08007510   0x0000000e   Code   RO         1280    i._is_digit         c_w.l(__printf_wp.o)
    0x0800751e   0x00000002   PAD
    0x08007520   0x00000270   Code   RO         1368    i.asin              m_ws.l(asin.o)
    0x08007790   0x00000220   Code   RO         1415    i.atan              m_ws.l(atan.o)
    0x080079b0   0x00000180   Code   RO         1378    i.atan2             m_ws.l(atan2.o)
    0x08007b30   0x0000004c   Code   RO         1444    i.sqrt              m_ws.l(sqrt.o)
    0x08007b7c   0x00000062   Code   RO         1303    x$fpl$d2f           fz_ws.l(d2f.o)
    0x08007bde   0x00000002   PAD
    0x08007be0   0x00000150   Code   RO         1305    x$fpl$dadd          fz_ws.l(daddsub_clz.o)
    0x08007d30   0x00000010   Code   RO         1483    x$fpl$dcheck1       fz_ws.l(dcheck1.o)
    0x08007d40   0x00000018   Code   RO         1399    x$fpl$dcmpinf       fz_ws.l(dcmpi.o)
    0x08007d58   0x000002b0   Code   RO         1312    x$fpl$ddiv          fz_ws.l(ddiv.o)
    0x08008008   0x0000005e   Code   RO         1315    x$fpl$dfix          fz_ws.l(dfix.o)
    0x08008066   0x00000002   PAD
    0x08008068   0x0000005a   Code   RO         1319    x$fpl$dfixu         fz_ws.l(dfixu.o)
    0x080080c2   0x0000002e   Code   RO         1324    x$fpl$dflt          fz_ws.l(dflt_clz.o)
    0x080080f0   0x00000026   Code   RO         1323    x$fpl$dfltu         fz_ws.l(dflt_clz.o)
    0x08008116   0x00000002   PAD
    0x08008118   0x00000078   Code   RO         1329    x$fpl$dleqf         fz_ws.l(dleqf.o)
    0x08008190   0x00000154   Code   RO         1331    x$fpl$dmul          fz_ws.l(dmul.o)
    0x080082e4   0x0000009c   Code   RO         1401    x$fpl$dnaninf       fz_ws.l(dnaninf.o)
    0x08008380   0x0000000c   Code   RO         1403    x$fpl$dretinf       fz_ws.l(dretinf.o)
    0x0800838c   0x00000016   Code   RO         1306    x$fpl$drsb          fz_ws.l(daddsub_clz.o)
    0x080083a2   0x00000002   PAD
    0x080083a4   0x000001cc   Code   RO         1485    x$fpl$dsqrt         fz_ws.l(dsqrt_noumaal.o)
    0x08008570   0x000001d4   Code   RO         1307    x$fpl$dsub          fz_ws.l(daddsub_clz.o)
    0x08008744   0x00000056   Code   RO         1333    x$fpl$f2d           fz_ws.l(f2d.o)
    0x0800879a   0x00000002   PAD
    0x0800879c   0x000000c4   Code   RO         1335    x$fpl$fadd          fz_ws.l(faddsub_clz.o)
    0x08008860   0x00000018   Code   RO         1405    x$fpl$fcmpinf       fz_ws.l(fcmpi.o)
    0x08008878   0x00000184   Code   RO         1342    x$fpl$fdiv          fz_ws.l(fdiv.o)
    0x080089fc   0x00000068   Code   RO         1345    x$fpl$feqf          fz_ws.l(feqf.o)
    0x08008a64   0x00000036   Code   RO         1347    x$fpl$ffix          fz_ws.l(ffix.o)
    0x08008a9a   0x00000002   PAD
    0x08008a9c   0x0000003e   Code   RO         1351    x$fpl$ffixu         fz_ws.l(ffixu.o)
    0x08008ada   0x00000002   PAD
    0x08008adc   0x00000030   Code   RO         1356    x$fpl$fflt          fz_ws.l(fflt_clz.o)
    0x08008b0c   0x00000026   Code   RO         1355    x$fpl$ffltu         fz_ws.l(fflt_clz.o)
    0x08008b32   0x00000002   PAD
    0x08008b34   0x00000068   Code   RO         1361    x$fpl$fleqf         fz_ws.l(fleqf.o)
    0x08008b9c   0x00000102   Code   RO         1363    x$fpl$fmul          fz_ws.l(fmul.o)
    0x08008c9e   0x0000008c   Code   RO         1407    x$fpl$fnaninf       fz_ws.l(fnaninf.o)
    0x08008d2a   0x0000000a   Code   RO         1409    x$fpl$fretinf       fz_ws.l(fretinf.o)
    0x08008d34   0x00000062   Code   RO         1365    x$fpl$frleqf        fz_ws.l(frleqf.o)
    0x08008d96   0x00000014   Code   RO         1336    x$fpl$frsb          fz_ws.l(faddsub_clz.o)
    0x08008daa   0x00000002   PAD
    0x08008dac   0x000000ea   Code   RO         1337    x$fpl$fsub          fz_ws.l(faddsub_clz.o)
    0x08008e96   0x00000064   Code   RO         1504    x$fpl$retnan        fz_ws.l(retnan.o)
    0x08008efa   0x0000005c   Code   RO         1411    x$fpl$scalbn        fz_ws.l(scalbn.o)
    0x08008f56   0x00000030   Code   RO         1557    x$fpl$trapveneer    fz_ws.l(trapv.o)
    0x08008f86   0x00000000   Code   RO         1413    x$fpl$usenofp       fz_ws.l(usenofp.o)
    0x08008f86   0x00000002   PAD
    0x08008f88   0x00000050   Data   RO          405    .constdata          inv_mpu.o
    0x08008fd8   0x00000bf6   Data   RO          442    .constdata          inv_mpu_dmp_motion_driver.o
    0x08009bce   0x00000818   Data   RO          474    .constdata          oled.o
    0x0800a3e6   0x00000028   Data   RO         1253    .constdata          c_w.l(_printf_hex_int.o)
    0x0800a40e   0x00000011   Data   RO         1283    .constdata          c_w.l(__printf_flags_wp.o)
    0x0800a41f   0x00000001   PAD
    0x0800a420   0x00000050   Data   RO         1369    .constdata          m_ws.l(asin.o)
    0x0800a470   0x00000098   Data   RO         1416    .constdata          m_ws.l(atan.o)
    0x0800a508   0x00000008   Data   RO         1442    .constdata          m_ws.l(qnan.o)
    0x0800a510   0x0000004d   Data   RO          406    .conststring        inv_mpu.o
    0x0800a55d   0x00000003   PAD
    0x0800a560   0x00000020   Data   RO         1632    Region$$Table       anon$$obj.o


    Execution Region RW_IRAM1 (Base: 0x20000000, Size: 0x00000b18, Max: 0x00005000, ABSOLUTE, COMPRESSED[0x000001bc])

    Base Addr    Size         Type   Attr      Idx    E Section Name        Object

    0x20000000   0x00000030   Data   RW            5    .data               main.o
    0x20000030   0x00000014   Data   RW          215    .data               system_stm32f10x.o
    0x20000044   0x00000004   Data   RW          245    .data               delay.o
    0x20000048   0x00000005   Data   RW          326    .data               usart.o
    0x2000004d   0x00000003   PAD
    0x20000050   0x00000035   Data   RW          407    .data               inv_mpu.o
    0x20000085   0x00000380   Data   RW          475    .data               oled.o
    0x20000405   0x00000003   PAD
    0x20000408   0x00000044   Data   RW          505    .data               control.o
    0x2000044c   0x00000002   Data   RW          580    .data               motor.o
    0x2000044e   0x00000004   Data   RW          635    .data               usart3.o
    0x20000452   0x00000014   Data   RW         1067    .data               stm32f10x_rcc.o
    0x20000466   0x00000002   PAD
    0x20000468   0x00000040   Zero   RW          325    .bss                usart.o
    0x200004a8   0x00000010   Zero   RW          441    .bss                inv_mpu_dmp_motion_driver.o
    0x200004b8   0x00000060   Zero   RW         1488    .bss                c_w.l(libspace.o)
    0x20000518   0x00000200   Zero   RW          673    HEAP                startup_stm32f10x_md.o
    0x20000718   0x00000400   Zero   RW          672    STACK               startup_stm32f10x_md.o


==============================================================================

Image component sizes


      Code (inc. data)   RO Data    RW Data    ZI Data      Debug   Object Name

      1048        174          0         68          0       2467   control.o
       212         18          0          4          0     206523   delay.o
       416         14          0          0          0       1477   encoder.o
        80          6          0          0          0        524   exti.o
      8840        198        157         53          0      23933   inv_mpu.o
      3440        126       3062          0         16      15367   inv_mpu_dmp_motion_driver.o
       208         42          0         48          0      49048   main.o
       220         22          0          0          0       1753   misc.o
       320         34          0          2          0       1613   motor.o
       872         18          0          0          0       4343   mpu6050.o
       580         14          0          0          0       2038   mpuiic.o
      3092         34       2072        896          0      10219   oled.o
       172         10          0          0          0        712   pwm.o
        64         26        236          0       1536        776   startup_stm32f10x_md.o
       284         10          0          0          0       2211   stm32f10x_exti.o
       860         38          0          0          0       5689   stm32f10x_gpio.o
        26          0          0          0          0       1166   stm32f10x_it.o
       932         36          0         20          0       8848   stm32f10x_rcc.o
      3610         88          0          0          0      22796   stm32f10x_tim.o
      1032         22          0          0          0       8412   stm32f10x_usart.o
        96          0          0          0          0        498   sys.o
       480         38          0         20          0       1671   system_stm32f10x.o
       292         16          0          5         64       3019   usart.o
       408         34          0          4          0       1686   usart3.o

    ----------------------------------------------------------------------
     27588       1018       5562       1128       1616     376789   Object Totals
         0          0         32          0          0          0   (incl. Generated)
         4          0          3          8          0          0   (incl. Padding)

    ----------------------------------------------------------------------

      Code (inc. data)   RO Data    RW Data    ZI Data      Debug   Library Member Name

        90          0          0          0          0          0   __dczerorl2.o
         8          0          0          0          0         68   __main.o
       312          4         17          0          0         92   __printf_flags_wp.o
        14          0          0          0          0         68   __printf_wp.o
         0          0          0          0          0          0   __rtentry.o
        12          0          0          0          0          0   __rtentry2.o
         6          0          0          0          0          0   __rtentry4.o
        52          8          0          0          0          0   __scatter.o
        28          0          0          0          0          0   __scatter_zi.o
        48          6          0          0          0         96   _printf_char_common.o
        36          4          0          0          0         80   _printf_char_file.o
         6          0          0          0          0          0   _printf_d.o
       120         16          0          0          0         92   _printf_dec.o
        88          4         40          0          0         88   _printf_hex_int.o
       178          0          0          0          0         88   _printf_intcommon.o
        78          0          0          0          0        108   _printf_pad.o
         0          0          0          0          0          0   _printf_percent.o
         4          0          0          0          0          0   _printf_percent_end.o
         6          0          0          0          0          0   _printf_x.o
        22          0          0          0          0        100   _rserrno.o
        16          0          0          0          0         68   aeabi_memset.o
        18          0          0          0          0         80   exit.o
         8          0          0          0          0         68   ferror.o
         6          0          0          0          0        152   heapauxi.o
         2          0          0          0          0          0   libinit.o
         2          0          0          0          0          0   libinit2.o
         2          0          0          0          0          0   libshutdown.o
         2          0          0          0          0          0   libshutdown2.o
         8          4          0          0         96         68   libspace.o
        72          0          0          0          0         76   llsdiv.o
       238          0          0          0          0        100   lludivv7m.o
        88          0          0          0          0         76   memcmp.o
        24          4          0          0          0         84   noretval__2printf.o
         8          4          0          0          0         68   rt_errno_addr_intlibspace.o
        68          0          0          0          0         68   rt_memclr.o
        78          0          0          0          0         80   rt_memclr_w.o
         2          0          0          0          0          0   rtexit.o
        10          0          0          0          0          0   rtexit2.o
        62          0          0          0          0         76   strlen.o
        74          0          0          0          0         80   sys_stackheap_outer.o
         2          0          0          0          0         68   use_no_semi.o
         2          0          0          0          0         68   use_no_semi_2.o
        98          4          0          0          0         92   d2f.o
       826         16          0          0          0        348   daddsub_clz.o
        16          4          0          0          0         68   dcheck1.o
        24          0          0          0          0         68   dcmpi.o
       688        140          0          0          0        208   ddiv.o
        94          4          0          0          0         92   dfix.o
        90          4          0          0          0         92   dfixu.o
        84          0          0          0          0        136   dflt_clz.o
       120          4          0          0          0         92   dleqf.o
       340         12          0          0          0        104   dmul.o
       156          4          0          0          0         92   dnaninf.o
        12          0          0          0          0         68   dretinf.o
       460         56          0          0          0        120   dsqrt_noumaal.o
        86          4          0          0          0         84   f2d.o
       450          8          0          0          0        236   faddsub_clz.o
        24          0          0          0          0         68   fcmpi.o
       388         76          0          0          0         96   fdiv.o
       104          4          0          0          0         84   feqf.o
        54          4          0          0          0         84   ffix.o
        62          4          0          0          0         84   ffixu.o
        86          0          0          0          0        136   fflt_clz.o
       104          4          0          0          0         84   fleqf.o
       258          4          0          0          0         84   fmul.o
       140          4          0          0          0         84   fnaninf.o
        10          0          0          0          0         68   fretinf.o
        98          0          0          0          0         68   frleqf.o
       100          0          0          0          0         68   retnan.o
        92          0          0          0          0         68   scalbn.o
        48          0          0          0          0         68   trapv.o
         0          0          0          0          0          0   usenofp.o
       624         52         80          0          0        168   asin.o
       544         70        152          0          0        124   atan.o
       384         38          0          0          0        144   atan2.o
        38          6          0          0          0        272   dunder.o
        40          0          0          0          0         68   fpclassify.o
       170          0          0          0          0         96   poly.o
         0          0          8          0          0          0   qnan.o
        76          0          0          0          0         84   sqrt.o

    ----------------------------------------------------------------------
      8920        580        298          0         96       6160   Library Totals
        32          0          1          0          0          0   (incl. Padding)

    ----------------------------------------------------------------------

      Code (inc. data)   RO Data    RW Data    ZI Data      Debug   Library Name

      1900         54         57          0         96       2160   c_w.l
      5112        360          0          0          0       3044   fz_ws.l
      1876        166        240          0          0        956   m_ws.l

    ----------------------------------------------------------------------
      8920        580        298          0         96       6160   Library Totals

    ----------------------------------------------------------------------

==============================================================================


      Code (inc. data)   RO Data    RW Data    ZI Data      Debug   

     36508       1598       5860       1128       1712     377537   Grand Totals
     36508       1598       5860        444       1712     377537   ELF Image Totals (compressed)
     36508       1598       5860        444          0          0   ROM Totals

==============================================================================

    Total RO  Size (Code + RO Data)                42368 (  41.38kB)
    Total RW  Size (RW Data + ZI Data)              2840 (   2.77kB)
    Total ROM Size (Code + RO Data + RW Data)      42812 (  41.81kB)

==============================================================================

