<html>
<body>
<pre>
<h1>µVision Build Log</h1>
<h2>Tool Versions:</h2>
IDE-Version: ¦ÌVision V5.21.1.0
Copyright (C) 2016 ARM Ltd and ARM Germany GmbH. All rights reserved.
License Information: 12 12, 12, LIC=Z3CVE-53UVW-XA6DC-7QRGE-IQF6X-IV0UI
 
Tool Versions:
Toolchain:       MDK-ARM Professional  Version: 5.21a
Toolchain Path:  D:\keli5\ARM\ARMCC\Bin
C Compiler:      Armcc.exe V5.06 update 3 (build 300)
Assembler:       Armasm.exe V5.06 update 3 (build 300)
Linker/Locator:  ArmLink.exe V5.06 update 3 (build 300)
Library Manager: ArmAr.exe V5.06 update 3 (build 300)
Hex Converter:   FromElf.exe V5.06 update 3 (build 300)
CPU DLL:         SARMCM3.DLL V5.21a
Dialog DLL:      DCM.DLL V1.13.8.0
Target DLL:      STLink\ST-LINKIII-KEIL_SWO.dll V2.0.18.0
Dialog DLL:      TCM.DLL V1.14.14.0
 
<h2>Project:</h2>
E:\´úÂë\STM32mini\HC-05À¶ÑÀ\HC05_CODE\USER\Template.uvprojx
Project File Date:  05/27/2017

<h2>Output:</h2>
*** Using Compiler 'V5.06 update 3 (build 300)', folder: 'D:\keli5\ARM\ARMCC\Bin'
Rebuild target 'Template'
compiling stm32f10x_it.c...
compiling system_stm32f10x.c...
compiling main.c...
..\HARDWARE\HC05\hc05.h(22): warning:  #1-D: last line of file ends without a newline
  #endif
..\HARDWARE\USART2\usart2.h(35): warning:  #1-D: last line of file ends without a newline
  #endif
main.c: 2 warnings, 0 errors
assembling startup_stm32f10x_hd.s...
compiling core_cm3.c...
compiling delay.c...
compiling sys.c...
compiling usart.c...
compiling misc.c...
compiling stm32f10x_gpio.c...
compiling stm32f10x_rcc.c...
compiling stm32f10x_tim.c...
compiling stm32f10x_usart.c...
compiling stm32f10x_dma.c...
compiling led.c...
..\HARDWARE\LED\led.c(15): warning:  #1-D: last line of file ends without a newline
  }
..\HARDWARE\LED\led.c: 1 warning, 0 errors
compiling hc05.c...
..\HARDWARE\HC05\hc05.h(22): warning:  #1-D: last line of file ends without a newline
  #endif
..\HARDWARE\USART2\usart2.h(35): warning:  #1-D: last line of file ends without a newline
  #endif
..\HARDWARE\HC05\hc05.c(28): warning:  #223-D: function "USART2_Init" declared implicitly
  	USART2_Init(9600);	//??Ê¼»¯´®??2Îª:9600,²¨????.
..\HARDWARE\HC05\hc05.c(30): warning:  #223-D: function "delay_ms" declared implicitly
  	delay_ms(1500);
..\HARDWARE\HC05\hc05.c(67): warning:  #223-D: function "delay_ms" declared implicitly
  		delay_ms(10);
..\HARDWARE\HC05\hc05.c(100): warning:  #223-D: function "delay_ms" declared implicitly
  		delay_ms(10);
..\HARDWARE\HC05\hc05.c(121): warning:  #1-D: last line of file ends without a newline
  } 
..\HARDWARE\HC05\hc05.c: 7 warnings, 0 errors
compiling key.c...
compiling usart2.c...
..\HARDWARE\USART2\usart2.h(35): warning:  #1-D: last line of file ends without a newline
  #endif
..\HARDWARE\USART2\usart2.c(186): warning:  #1-D: last line of file ends without a newline
  }	   
..\HARDWARE\USART2\usart2.c: 2 warnings, 0 errors
compiling lcd.c...
linking...
Program Size: Code=31780 RO-data=6932 RW-data=60 ZI-data=2252  
".\Objects\Template.axf" - 0 Error(s), 12 Warning(s).

<h2>Collection of Component include folders:</h2>
  E:\´úÂë\STM32mini\HC-05À¶ÑÀ\HC05_CODE\USER\RTE
  D:\keli5\ARM\PACK\Keil\STM32F1xx_DFP\1.0.5\Device\Include

<h2>Collection of Component Files used:</h2>
Build Time Elapsed:  00:00:07
</pre>
</body>
</html>
