Component: ARM Compiler 5.06 update 1 (build 61) Tool: armlink [4d35a8]

==============================================================================

Section Cross References

    startup_stm32f10x_hd.o(RESET) refers to startup_stm32f10x_hd.o(STACK) for __initial_sp
    startup_stm32f10x_hd.o(RESET) refers to startup_stm32f10x_hd.o(.text) for Reset_Handler
    startup_stm32f10x_hd.o(RESET) refers to stm32f10x_it.o(.text) for NMI_Handler
    startup_stm32f10x_hd.o(.text) refers to system_stm32f10x.o(.text) for SystemInit
    startup_stm32f10x_hd.o(.text) refers to entry.o(.ARM.Collect$$$$00000000) for __main
    system_stm32f10x.o(.text) refers to system_stm32f10x.o(.data) for SystemCoreClock
    stm32f10x_adc.o(.text) refers to stm32f10x_rcc.o(.text) for RCC_APB2PeriphResetCmd
    stm32f10x_bkp.o(.text) refers to stm32f10x_rcc.o(.text) for RCC_BackupResetCmd
    stm32f10x_can.o(.text) refers to stm32f10x_rcc.o(.text) for RCC_APB1PeriphResetCmd
    stm32f10x_cec.o(.text) refers to stm32f10x_rcc.o(.text) for RCC_APB1PeriphResetCmd
    stm32f10x_dac.o(.text) refers to stm32f10x_rcc.o(.text) for RCC_APB1PeriphResetCmd
    stm32f10x_gpio.o(.text) refers to stm32f10x_rcc.o(.text) for RCC_APB2PeriphResetCmd
    stm32f10x_i2c.o(.text) refers to stm32f10x_rcc.o(.text) for RCC_APB1PeriphResetCmd
    stm32f10x_pwr.o(.text) refers to stm32f10x_rcc.o(.text) for RCC_APB1PeriphResetCmd
    stm32f10x_rcc.o(.text) refers to stm32f10x_rcc.o(.data) for APBAHBPrescTable
    stm32f10x_spi.o(.text) refers to stm32f10x_rcc.o(.text) for RCC_APB2PeriphResetCmd
    stm32f10x_tim.o(.text) refers to stm32f10x_rcc.o(.text) for RCC_APB2PeriphResetCmd
    stm32f10x_usart.o(.text) refers to stm32f10x_rcc.o(.text) for RCC_APB2PeriphResetCmd
    stm32f10x_wwdg.o(.text) refers to stm32f10x_rcc.o(.text) for RCC_APB1PeriphResetCmd
    oled_i2c.o(.text) refers to stm32f10x_rcc.o(.text) for RCC_APB1PeriphClockCmd
    oled_i2c.o(.text) refers to stm32f10x_gpio.o(.text) for GPIO_Init
    oled_i2c.o(.text) refers to stm32f10x_i2c.o(.text) for I2C_Init
    oled_i2c.o(.text) refers to bsp_systick.o(.text) for Delay_s
    oled_i2c.o(.text) refers to oled_i2c.o(.constdata) for F6x8
    oled_i2c.o(.text) refers to oled_i2c.o(.data) for F16x16
    main.o(.text) refers to bsp_usart.o(.text) for USART_Config
    main.o(.text) refers to bsp_systick.o(.text) for SysTick_Init
    main.o(.text) refers to peripheralinit.o(.text) for ADS1256_GPIO_Init
    main.o(.text) refers to ads1256.o(.text) for ADS1256_CfgADC
    main.o(.text) refers to oled_i2c.o(.text) for I2C_Configuration
    main.o(.text) refers to adc.o(.text) for average
    main.o(.text) refers to dma.o(.data) for ADC_ConvertedValue
    stm32f10x_it.o(.text) refers to bsp_systick.o(.text) for TimingDelay_Decrement
    bsp_systick.o(.text) refers to system_stm32f10x.o(.data) for SystemCoreClock
    bsp_systick.o(.text) refers to bsp_systick.o(.data) for TimingDelay
    bsp_usart.o(.text) refers to stm32f10x_rcc.o(.text) for RCC_APB2PeriphClockCmd
    bsp_usart.o(.text) refers to stm32f10x_gpio.o(.text) for GPIO_Init
    bsp_usart.o(.text) refers to stm32f10x_usart.o(.text) for USART_Init
    adc.o(.text) refers to stm32f10x_rcc.o(.text) for RCC_APB2PeriphClockCmd
    adc.o(.text) refers to stm32f10x_gpio.o(.text) for GPIO_Init
    adc.o(.text) refers to stm32f10x_adc.o(.text) for ADC_Init
    adc.o(.text) refers to ads1256.o(.text) for ADS1256_GetAdc
    adc.o(.text) refers to dfltui.o(.text) for __aeabi_ui2d
    adc.o(.text) refers to dmul.o(.text) for __aeabi_dmul
    adc.o(.text) refers to dadd.o(.text) for __aeabi_dsub
    adc.o(.text) refers to ddiv.o(.text) for __aeabi_ddiv
    adc.o(.text) refers to d2f.o(.text) for __aeabi_d2f
    adc.o(.text) refers to f2d.o(.text) for __aeabi_f2d
    adc.o(.text) refers to printfa.o(i.__0sprintf) for __2sprintf
    adc.o(.text) refers to oled_i2c.o(.text) for OLED_ShowStr
    adc.o(.text) refers to adc.o(.data) for temp
    adc.o(.text) refers to adc.o(.bss) for buf
    ads1256.o(.text) refers to delay.o(.text) for Delay_ns
    ads1256.o(.text) refers to stm32f10x_gpio.o(.text) for GPIO_SetBits
    peripheralinit.o(.text) refers to stm32f10x_rcc.o(.text) for RCC_APB2PeriphClockCmd
    peripheralinit.o(.text) refers to stm32f10x_gpio.o(.text) for GPIO_Init
    peripheralinit.o(.text) refers to delay.o(.text) for Delay_1ms
    dma.o(.text) refers to stm32f10x_rcc.o(.text) for RCC_AHBPeriphClockCmd
    dma.o(.text) refers to stm32f10x_dma.o(.text) for DMA_DeInit
    dma.o(.text) refers to dma.o(.data) for ADC_ConvertedValue
    entry.o(.ARM.Collect$$$$00000000) refers (Special) to entry10a.o(.ARM.Collect$$$$0000000D) for __rt_final_cpp
    entry.o(.ARM.Collect$$$$00000000) refers (Special) to entry11a.o(.ARM.Collect$$$$0000000F) for __rt_final_exit
    entry.o(.ARM.Collect$$$$00000000) refers (Special) to entry7b.o(.ARM.Collect$$$$00000008) for _main_clock
    entry.o(.ARM.Collect$$$$00000000) refers (Special) to entry8b.o(.ARM.Collect$$$$0000000A) for _main_cpp_init
    entry.o(.ARM.Collect$$$$00000000) refers (Special) to entry9a.o(.ARM.Collect$$$$0000000B) for _main_init
    entry.o(.ARM.Collect$$$$00000000) refers (Special) to entry5.o(.ARM.Collect$$$$00000004) for _main_scatterload
    entry.o(.ARM.Collect$$$$00000000) refers (Special) to entry2.o(.ARM.Collect$$$$00000001) for _main_stk
    printfb.o(i.__0fprintf$bare) refers to printfb.o(i._printf_core) for _printf_core
    printfb.o(i.__0fprintf$bare) refers to bsp_usart.o(.text) for fputc
    printfb.o(i.__0printf$bare) refers to printfb.o(i._printf_core) for _printf_core
    printfb.o(i.__0printf$bare) refers to bsp_usart.o(.text) for fputc
    printfb.o(i.__0printf$bare) refers to stdout.o(.data) for __stdout
    printfb.o(i.__0snprintf$bare) refers to printfb.o(i._printf_core) for _printf_core
    printfb.o(i.__0snprintf$bare) refers to printfb.o(i._snputc) for _snputc
    printfb.o(i.__0sprintf$bare) refers to printfb.o(i._printf_core) for _printf_core
    printfb.o(i.__0sprintf$bare) refers to printfb.o(i._sputc) for _sputc
    printfb.o(i.__0vfprintf$bare) refers to printfb.o(i._printf_core) for _printf_core
    printfb.o(i.__0vfprintf$bare) refers to bsp_usart.o(.text) for fputc
    printfb.o(i.__0vprintf$bare) refers to printfb.o(i._printf_core) for _printf_core
    printfb.o(i.__0vprintf$bare) refers to bsp_usart.o(.text) for fputc
    printfb.o(i.__0vprintf$bare) refers to stdout.o(.data) for __stdout
    printfb.o(i.__0vsnprintf$bare) refers to printfb.o(i._printf_core) for _printf_core
    printfb.o(i.__0vsnprintf$bare) refers to printfb.o(i._snputc) for _snputc
    printfb.o(i.__0vsprintf$bare) refers to printfb.o(i._printf_core) for _printf_core
    printfb.o(i.__0vsprintf$bare) refers to printfb.o(i._sputc) for _sputc
    printf0.o(i.__0fprintf$0) refers to printf0.o(i._printf_core) for _printf_core
    printf0.o(i.__0fprintf$0) refers to bsp_usart.o(.text) for fputc
    printf0.o(i.__0printf$0) refers to printf0.o(i._printf_core) for _printf_core
    printf0.o(i.__0printf$0) refers to bsp_usart.o(.text) for fputc
    printf0.o(i.__0printf$0) refers to stdout.o(.data) for __stdout
    printf0.o(i.__0snprintf$0) refers to printf0.o(i._printf_core) for _printf_core
    printf0.o(i.__0snprintf$0) refers to printf0.o(i._snputc) for _snputc
    printf0.o(i.__0sprintf$0) refers to printf0.o(i._printf_core) for _printf_core
    printf0.o(i.__0sprintf$0) refers to printf0.o(i._sputc) for _sputc
    printf0.o(i.__0vfprintf$0) refers to printf0.o(i._printf_core) for _printf_core
    printf0.o(i.__0vfprintf$0) refers to bsp_usart.o(.text) for fputc
    printf0.o(i.__0vprintf$0) refers to printf0.o(i._printf_core) for _printf_core
    printf0.o(i.__0vprintf$0) refers to bsp_usart.o(.text) for fputc
    printf0.o(i.__0vprintf$0) refers to stdout.o(.data) for __stdout
    printf0.o(i.__0vsnprintf$0) refers to printf0.o(i._printf_core) for _printf_core
    printf0.o(i.__0vsnprintf$0) refers to printf0.o(i._snputc) for _snputc
    printf0.o(i.__0vsprintf$0) refers to printf0.o(i._printf_core) for _printf_core
    printf0.o(i.__0vsprintf$0) refers to printf0.o(i._sputc) for _sputc
    printf1.o(i.__0fprintf$1) refers to printf1.o(i._printf_core) for _printf_core
    printf1.o(i.__0fprintf$1) refers to bsp_usart.o(.text) for fputc
    printf1.o(i.__0printf$1) refers to printf1.o(i._printf_core) for _printf_core
    printf1.o(i.__0printf$1) refers to bsp_usart.o(.text) for fputc
    printf1.o(i.__0printf$1) refers to stdout.o(.data) for __stdout
    printf1.o(i.__0snprintf$1) refers to printf1.o(i._printf_core) for _printf_core
    printf1.o(i.__0snprintf$1) refers to printf1.o(i._snputc) for _snputc
    printf1.o(i.__0sprintf$1) refers to printf1.o(i._printf_core) for _printf_core
    printf1.o(i.__0sprintf$1) refers to printf1.o(i._sputc) for _sputc
    printf1.o(i.__0vfprintf$1) refers to printf1.o(i._printf_core) for _printf_core
    printf1.o(i.__0vfprintf$1) refers to bsp_usart.o(.text) for fputc
    printf1.o(i.__0vprintf$1) refers to printf1.o(i._printf_core) for _printf_core
    printf1.o(i.__0vprintf$1) refers to bsp_usart.o(.text) for fputc
    printf1.o(i.__0vprintf$1) refers to stdout.o(.data) for __stdout
    printf1.o(i.__0vsnprintf$1) refers to printf1.o(i._printf_core) for _printf_core
    printf1.o(i.__0vsnprintf$1) refers to printf1.o(i._snputc) for _snputc
    printf1.o(i.__0vsprintf$1) refers to printf1.o(i._printf_core) for _printf_core
    printf1.o(i.__0vsprintf$1) refers to printf1.o(i._sputc) for _sputc
    printf1.o(i._printf_core) refers to uidiv.o(.text) for __aeabi_uidivmod
    printf2.o(i.__0fprintf$2) refers to printf2.o(i._printf_core) for _printf_core
    printf2.o(i.__0fprintf$2) refers to bsp_usart.o(.text) for fputc
    printf2.o(i.__0printf$2) refers to printf2.o(i._printf_core) for _printf_core
    printf2.o(i.__0printf$2) refers to bsp_usart.o(.text) for fputc
    printf2.o(i.__0printf$2) refers to stdout.o(.data) for __stdout
    printf2.o(i.__0snprintf$2) refers to printf2.o(i._printf_core) for _printf_core
    printf2.o(i.__0snprintf$2) refers to printf2.o(i._snputc) for _snputc
    printf2.o(i.__0sprintf$2) refers to printf2.o(i._printf_core) for _printf_core
    printf2.o(i.__0sprintf$2) refers to printf2.o(i._sputc) for _sputc
    printf2.o(i.__0vfprintf$2) refers to printf2.o(i._printf_core) for _printf_core
    printf2.o(i.__0vfprintf$2) refers to bsp_usart.o(.text) for fputc
    printf2.o(i.__0vprintf$2) refers to printf2.o(i._printf_core) for _printf_core
    printf2.o(i.__0vprintf$2) refers to bsp_usart.o(.text) for fputc
    printf2.o(i.__0vprintf$2) refers to stdout.o(.data) for __stdout
    printf2.o(i.__0vsnprintf$2) refers to printf2.o(i._printf_core) for _printf_core
    printf2.o(i.__0vsnprintf$2) refers to printf2.o(i._snputc) for _snputc
    printf2.o(i.__0vsprintf$2) refers to printf2.o(i._printf_core) for _printf_core
    printf2.o(i.__0vsprintf$2) refers to printf2.o(i._sputc) for _sputc
    printf3.o(i.__0fprintf$3) refers to printf3.o(i._printf_core) for _printf_core
    printf3.o(i.__0fprintf$3) refers to bsp_usart.o(.text) for fputc
    printf3.o(i.__0printf$3) refers to printf3.o(i._printf_core) for _printf_core
    printf3.o(i.__0printf$3) refers to bsp_usart.o(.text) for fputc
    printf3.o(i.__0printf$3) refers to stdout.o(.data) for __stdout
    printf3.o(i.__0snprintf$3) refers to printf3.o(i._printf_core) for _printf_core
    printf3.o(i.__0snprintf$3) refers to printf3.o(i._snputc) for _snputc
    printf3.o(i.__0sprintf$3) refers to printf3.o(i._printf_core) for _printf_core
    printf3.o(i.__0sprintf$3) refers to printf3.o(i._sputc) for _sputc
    printf3.o(i.__0vfprintf$3) refers to printf3.o(i._printf_core) for _printf_core
    printf3.o(i.__0vfprintf$3) refers to bsp_usart.o(.text) for fputc
    printf3.o(i.__0vprintf$3) refers to printf3.o(i._printf_core) for _printf_core
    printf3.o(i.__0vprintf$3) refers to bsp_usart.o(.text) for fputc
    printf3.o(i.__0vprintf$3) refers to stdout.o(.data) for __stdout
    printf3.o(i.__0vsnprintf$3) refers to printf3.o(i._printf_core) for _printf_core
    printf3.o(i.__0vsnprintf$3) refers to printf3.o(i._snputc) for _snputc
    printf3.o(i.__0vsprintf$3) refers to printf3.o(i._printf_core) for _printf_core
    printf3.o(i.__0vsprintf$3) refers to printf3.o(i._sputc) for _sputc
    printf3.o(i._printf_core) refers to uidiv.o(.text) for __aeabi_uidivmod
    printf4.o(i.__0fprintf$4) refers to printf4.o(i._printf_core) for _printf_core
    printf4.o(i.__0fprintf$4) refers to bsp_usart.o(.text) for fputc
    printf4.o(i.__0printf$4) refers to printf4.o(i._printf_core) for _printf_core
    printf4.o(i.__0printf$4) refers to bsp_usart.o(.text) for fputc
    printf4.o(i.__0printf$4) refers to stdout.o(.data) for __stdout
    printf4.o(i.__0snprintf$4) refers to printf4.o(i._printf_core) for _printf_core
    printf4.o(i.__0snprintf$4) refers to printf4.o(i._snputc) for _snputc
    printf4.o(i.__0sprintf$4) refers to printf4.o(i._printf_core) for _printf_core
    printf4.o(i.__0sprintf$4) refers to printf4.o(i._sputc) for _sputc
    printf4.o(i.__0vfprintf$4) refers to printf4.o(i._printf_core) for _printf_core
    printf4.o(i.__0vfprintf$4) refers to bsp_usart.o(.text) for fputc
    printf4.o(i.__0vprintf$4) refers to printf4.o(i._printf_core) for _printf_core
    printf4.o(i.__0vprintf$4) refers to bsp_usart.o(.text) for fputc
    printf4.o(i.__0vprintf$4) refers to stdout.o(.data) for __stdout
    printf4.o(i.__0vsnprintf$4) refers to printf4.o(i._printf_core) for _printf_core
    printf4.o(i.__0vsnprintf$4) refers to printf4.o(i._snputc) for _snputc
    printf4.o(i.__0vsprintf$4) refers to printf4.o(i._printf_core) for _printf_core
    printf4.o(i.__0vsprintf$4) refers to printf4.o(i._sputc) for _sputc
    printf4.o(i._printf_core) refers to uldiv.o(.text) for __aeabi_uldivmod
    printf5.o(i.__0fprintf$5) refers to printf5.o(i._printf_core) for _printf_core
    printf5.o(i.__0fprintf$5) refers to bsp_usart.o(.text) for fputc
    printf5.o(i.__0printf$5) refers to printf5.o(i._printf_core) for _printf_core
    printf5.o(i.__0printf$5) refers to bsp_usart.o(.text) for fputc
    printf5.o(i.__0printf$5) refers to stdout.o(.data) for __stdout
    printf5.o(i.__0snprintf$5) refers to printf5.o(i._printf_core) for _printf_core
    printf5.o(i.__0snprintf$5) refers to printf5.o(i._snputc) for _snputc
    printf5.o(i.__0sprintf$5) refers to printf5.o(i._printf_core) for _printf_core
    printf5.o(i.__0sprintf$5) refers to printf5.o(i._sputc) for _sputc
    printf5.o(i.__0vfprintf$5) refers to printf5.o(i._printf_core) for _printf_core
    printf5.o(i.__0vfprintf$5) refers to bsp_usart.o(.text) for fputc
    printf5.o(i.__0vprintf$5) refers to printf5.o(i._printf_core) for _printf_core
    printf5.o(i.__0vprintf$5) refers to bsp_usart.o(.text) for fputc
    printf5.o(i.__0vprintf$5) refers to stdout.o(.data) for __stdout
    printf5.o(i.__0vsnprintf$5) refers to printf5.o(i._printf_core) for _printf_core
    printf5.o(i.__0vsnprintf$5) refers to printf5.o(i._snputc) for _snputc
    printf5.o(i.__0vsprintf$5) refers to printf5.o(i._printf_core) for _printf_core
    printf5.o(i.__0vsprintf$5) refers to printf5.o(i._sputc) for _sputc
    printf5.o(i._printf_core) refers to uldiv.o(.text) for __aeabi_uldivmod
    printf6.o(i.__0fprintf$6) refers to printf6.o(i._printf_core) for _printf_core
    printf6.o(i.__0fprintf$6) refers to bsp_usart.o(.text) for fputc
    printf6.o(i.__0printf$6) refers to printf6.o(i._printf_core) for _printf_core
    printf6.o(i.__0printf$6) refers to bsp_usart.o(.text) for fputc
    printf6.o(i.__0printf$6) refers to stdout.o(.data) for __stdout
    printf6.o(i.__0snprintf$6) refers to printf6.o(i._printf_core) for _printf_core
    printf6.o(i.__0snprintf$6) refers to printf6.o(i._snputc) for _snputc
    printf6.o(i.__0sprintf$6) refers to printf6.o(i._printf_core) for _printf_core
    printf6.o(i.__0sprintf$6) refers to printf6.o(i._sputc) for _sputc
    printf6.o(i.__0vfprintf$6) refers to printf6.o(i._printf_core) for _printf_core
    printf6.o(i.__0vfprintf$6) refers to bsp_usart.o(.text) for fputc
    printf6.o(i.__0vprintf$6) refers to printf6.o(i._printf_core) for _printf_core
    printf6.o(i.__0vprintf$6) refers to bsp_usart.o(.text) for fputc
    printf6.o(i.__0vprintf$6) refers to stdout.o(.data) for __stdout
    printf6.o(i.__0vsnprintf$6) refers to printf6.o(i._printf_core) for _printf_core
    printf6.o(i.__0vsnprintf$6) refers to printf6.o(i._snputc) for _snputc
    printf6.o(i.__0vsprintf$6) refers to printf6.o(i._printf_core) for _printf_core
    printf6.o(i.__0vsprintf$6) refers to printf6.o(i._sputc) for _sputc
    printf6.o(i._printf_core) refers to printf6.o(i._printf_pre_padding) for _printf_pre_padding
    printf6.o(i._printf_core) refers to uidiv.o(.text) for __aeabi_uidivmod
    printf6.o(i._printf_core) refers to printf6.o(i._printf_post_padding) for _printf_post_padding
    printf7.o(i.__0fprintf$7) refers to printf7.o(i._printf_core) for _printf_core
    printf7.o(i.__0fprintf$7) refers to bsp_usart.o(.text) for fputc
    printf7.o(i.__0printf$7) refers to printf7.o(i._printf_core) for _printf_core
    printf7.o(i.__0printf$7) refers to bsp_usart.o(.text) for fputc
    printf7.o(i.__0printf$7) refers to stdout.o(.data) for __stdout
    printf7.o(i.__0snprintf$7) refers to printf7.o(i._printf_core) for _printf_core
    printf7.o(i.__0snprintf$7) refers to printf7.o(i._snputc) for _snputc
    printf7.o(i.__0sprintf$7) refers to printf7.o(i._printf_core) for _printf_core
    printf7.o(i.__0sprintf$7) refers to printf7.o(i._sputc) for _sputc
    printf7.o(i.__0vfprintf$7) refers to printf7.o(i._printf_core) for _printf_core
    printf7.o(i.__0vfprintf$7) refers to bsp_usart.o(.text) for fputc
    printf7.o(i.__0vprintf$7) refers to printf7.o(i._printf_core) for _printf_core
    printf7.o(i.__0vprintf$7) refers to bsp_usart.o(.text) for fputc
    printf7.o(i.__0vprintf$7) refers to stdout.o(.data) for __stdout
    printf7.o(i.__0vsnprintf$7) refers to printf7.o(i._printf_core) for _printf_core
    printf7.o(i.__0vsnprintf$7) refers to printf7.o(i._snputc) for _snputc
    printf7.o(i.__0vsprintf$7) refers to printf7.o(i._printf_core) for _printf_core
    printf7.o(i.__0vsprintf$7) refers to printf7.o(i._sputc) for _sputc
    printf7.o(i._printf_core) refers to printf7.o(i._printf_pre_padding) for _printf_pre_padding
    printf7.o(i._printf_core) refers to uldiv.o(.text) for __aeabi_uldivmod
    printf7.o(i._printf_core) refers to printf7.o(i._printf_post_padding) for _printf_post_padding
    printf8.o(i.__0fprintf$8) refers to printf8.o(i._printf_core) for _printf_core
    printf8.o(i.__0fprintf$8) refers to bsp_usart.o(.text) for fputc
    printf8.o(i.__0printf$8) refers to printf8.o(i._printf_core) for _printf_core
    printf8.o(i.__0printf$8) refers to bsp_usart.o(.text) for fputc
    printf8.o(i.__0printf$8) refers to stdout.o(.data) for __stdout
    printf8.o(i.__0snprintf$8) refers to printf8.o(i._printf_core) for _printf_core
    printf8.o(i.__0snprintf$8) refers to printf8.o(i._snputc) for _snputc
    printf8.o(i.__0sprintf$8) refers to printf8.o(i._printf_core) for _printf_core
    printf8.o(i.__0sprintf$8) refers to printf8.o(i._sputc) for _sputc
    printf8.o(i.__0vfprintf$8) refers to printf8.o(i._printf_core) for _printf_core
    printf8.o(i.__0vfprintf$8) refers to bsp_usart.o(.text) for fputc
    printf8.o(i.__0vprintf$8) refers to printf8.o(i._printf_core) for _printf_core
    printf8.o(i.__0vprintf$8) refers to bsp_usart.o(.text) for fputc
    printf8.o(i.__0vprintf$8) refers to stdout.o(.data) for __stdout
    printf8.o(i.__0vsnprintf$8) refers to printf8.o(i._printf_core) for _printf_core
    printf8.o(i.__0vsnprintf$8) refers to printf8.o(i._snputc) for _snputc
    printf8.o(i.__0vsprintf$8) refers to printf8.o(i._printf_core) for _printf_core
    printf8.o(i.__0vsprintf$8) refers to printf8.o(i._sputc) for _sputc
    printf8.o(i._printf_core) refers to printf8.o(i._printf_pre_padding) for _printf_pre_padding
    printf8.o(i._printf_core) refers to uldiv.o(.text) for __aeabi_uldivmod
    printf8.o(i._printf_core) refers to printf8.o(i._printf_post_padding) for _printf_post_padding
    printfa.o(i.__0fprintf) refers (Special) to iusefp.o(.text) for __I$use$fp
    printfa.o(i.__0fprintf) refers to printfa.o(i._printf_core) for _printf_core
    printfa.o(i.__0fprintf) refers to bsp_usart.o(.text) for fputc
    printfa.o(i.__0printf) refers (Special) to iusefp.o(.text) for __I$use$fp
    printfa.o(i.__0printf) refers to printfa.o(i._printf_core) for _printf_core
    printfa.o(i.__0printf) refers to bsp_usart.o(.text) for fputc
    printfa.o(i.__0printf) refers to stdout.o(.data) for __stdout
    printfa.o(i.__0snprintf) refers (Special) to iusefp.o(.text) for __I$use$fp
    printfa.o(i.__0snprintf) refers to printfa.o(i._printf_core) for _printf_core
    printfa.o(i.__0snprintf) refers to printfa.o(i._snputc) for _snputc
    printfa.o(i.__0sprintf) refers (Special) to iusefp.o(.text) for __I$use$fp
    printfa.o(i.__0sprintf) refers to printfa.o(i._printf_core) for _printf_core
    printfa.o(i.__0sprintf) refers to printfa.o(i._sputc) for _sputc
    printfa.o(i.__0vfprintf) refers (Special) to iusefp.o(.text) for __I$use$fp
    printfa.o(i.__0vfprintf) refers to printfa.o(i._printf_core) for _printf_core
    printfa.o(i.__0vfprintf) refers to bsp_usart.o(.text) for fputc
    printfa.o(i.__0vprintf) refers (Special) to iusefp.o(.text) for __I$use$fp
    printfa.o(i.__0vprintf) refers to printfa.o(i._printf_core) for _printf_core
    printfa.o(i.__0vprintf) refers to bsp_usart.o(.text) for fputc
    printfa.o(i.__0vprintf) refers to stdout.o(.data) for __stdout
    printfa.o(i.__0vsnprintf) refers (Special) to iusefp.o(.text) for __I$use$fp
    printfa.o(i.__0vsnprintf) refers to printfa.o(i._printf_core) for _printf_core
    printfa.o(i.__0vsnprintf) refers to printfa.o(i._snputc) for _snputc
    printfa.o(i.__0vsprintf) refers (Special) to iusefp.o(.text) for __I$use$fp
    printfa.o(i.__0vsprintf) refers to printfa.o(i._printf_core) for _printf_core
    printfa.o(i.__0vsprintf) refers to printfa.o(i._sputc) for _sputc
    printfa.o(i._fp_digits) refers (Special) to iusefp.o(.text) for __I$use$fp
    printfa.o(i._fp_digits) refers to dmul.o(.text) for __aeabi_dmul
    printfa.o(i._fp_digits) refers to ddiv.o(.text) for __aeabi_ddiv
    printfa.o(i._fp_digits) refers to cdrcmple.o(.text) for __aeabi_cdrcmple
    printfa.o(i._fp_digits) refers to dadd.o(.text) for __aeabi_dadd
    printfa.o(i._fp_digits) refers to dfixul.o(.text) for __aeabi_d2ulz
    printfa.o(i._fp_digits) refers to uldiv.o(.text) for __aeabi_uldivmod
    printfa.o(i._printf_core) refers (Special) to iusefp.o(.text) for __I$use$fp
    printfa.o(i._printf_core) refers to printfa.o(i._printf_pre_padding) for _printf_pre_padding
    printfa.o(i._printf_core) refers to uldiv.o(.text) for __aeabi_uldivmod
    printfa.o(i._printf_core) refers to printfa.o(i._printf_post_padding) for _printf_post_padding
    printfa.o(i._printf_core) refers to printfa.o(i._fp_digits) for _fp_digits
    printfa.o(i._printf_core) refers to uidiv.o(.text) for __aeabi_uidivmod
    printfa.o(i._printf_post_padding) refers (Special) to iusefp.o(.text) for __I$use$fp
    printfa.o(i._printf_pre_padding) refers (Special) to iusefp.o(.text) for __I$use$fp
    printfa.o(i._snputc) refers (Special) to iusefp.o(.text) for __I$use$fp
    printfa.o(i._sputc) refers (Special) to iusefp.o(.text) for __I$use$fp
    dadd.o(.text) refers (Special) to iusefp.o(.text) for __I$use$fp
    dadd.o(.text) refers to llshl.o(.text) for __aeabi_llsl
    dadd.o(.text) refers to llsshr.o(.text) for __aeabi_lasr
    dadd.o(.text) refers to depilogue.o(.text) for _double_epilogue
    dmul.o(.text) refers (Special) to iusefp.o(.text) for __I$use$fp
    dmul.o(.text) refers to depilogue.o(.text) for _double_epilogue
    ddiv.o(.text) refers (Special) to iusefp.o(.text) for __I$use$fp
    ddiv.o(.text) refers to depilogue.o(.text) for _double_round
    dfltui.o(.text) refers (Special) to iusefp.o(.text) for __I$use$fp
    dfltui.o(.text) refers to depilogue.o(.text) for _double_epilogue
    f2d.o(.text) refers (Special) to iusefp.o(.text) for __I$use$fp
    d2f.o(.text) refers (Special) to iusefp.o(.text) for __I$use$fp
    d2f.o(.text) refers to fepilogue.o(.text) for _float_round
    entry2.o(.ARM.Collect$$$$00000001) refers to entry2.o(.ARM.Collect$$$$00002712) for __lit__00000000
    entry2.o(.ARM.Collect$$$$00002712) refers to startup_stm32f10x_hd.o(STACK) for __initial_sp
    entry2.o(__vectab_stack_and_reset_area) refers to startup_stm32f10x_hd.o(STACK) for __initial_sp
    entry2.o(__vectab_stack_and_reset_area) refers to entry.o(.ARM.Collect$$$$00000000) for __main
    entry5.o(.ARM.Collect$$$$00000004) refers to init.o(.text) for __scatterload
    entry9a.o(.ARM.Collect$$$$0000000B) refers to main.o(.text) for main
    entry9b.o(.ARM.Collect$$$$0000000C) refers to main.o(.text) for main
    uldiv.o(.text) refers to llushr.o(.text) for __aeabi_llsr
    uldiv.o(.text) refers to llshl.o(.text) for __aeabi_llsl
    depilogue.o(.text) refers to llshl.o(.text) for __aeabi_llsl
    depilogue.o(.text) refers to llushr.o(.text) for __aeabi_llsr
    dfixul.o(.text) refers to llushr.o(.text) for __aeabi_llsr
    dfixul.o(.text) refers to llshl.o(.text) for __aeabi_llsl
    init.o(.text) refers to entry5.o(.ARM.Collect$$$$00000004) for __main_after_scatterload


==============================================================================

Removing Unused input sections from the image.

    Removing startup_stm32f10x_hd.o(HEAP), (512 bytes).
    Removing core_cm3.o(.emb_text), (32 bytes).
    Removing misc.o(.text), (220 bytes).
    Removing stm32f10x_bkp.o(.text), (196 bytes).
    Removing stm32f10x_can.o(.text), (2544 bytes).
    Removing stm32f10x_cec.o(.text), (288 bytes).
    Removing stm32f10x_crc.o(.text), (72 bytes).
    Removing stm32f10x_dac.o(.text), (396 bytes).
    Removing stm32f10x_dbgmcu.o(.text), (48 bytes).
    Removing stm32f10x_dma.o(.text), (596 bytes).
    Removing stm32f10x_exti.o(.text), (284 bytes).
    Removing stm32f10x_flash.o(.text), (1468 bytes).
    Removing stm32f10x_fsmc.o(.text), (1548 bytes).
    Removing stm32f10x_iwdg.o(.text), (64 bytes).
    Removing stm32f10x_pwr.o(.text), (204 bytes).
    Removing stm32f10x_rtc.o(.text), (328 bytes).
    Removing stm32f10x_sdio.o(.text), (468 bytes).
    Removing stm32f10x_spi.o(.text), (780 bytes).
    Removing stm32f10x_tim.o(.text), (3610 bytes).
    Removing stm32f10x_wwdg.o(.text), (136 bytes).
    Removing dma.o(.text), (96 bytes).

21 unused section(s) (total 13890 bytes) removed from the image.

==============================================================================

Image Symbol Table

    Local Symbols

    Symbol Name                              Value     Ov Type        Size  Object(Section)

    ../clib/../cmprslib/zerorunl2.c          0x00000000   Number         0  __dczerorl2.o ABSOLUTE
    ../clib/microlib/division.c              0x00000000   Number         0  uidiv.o ABSOLUTE
    ../clib/microlib/division.c              0x00000000   Number         0  uldiv.o ABSOLUTE
    ../clib/microlib/init/entry.s            0x00000000   Number         0  entry9b.o ABSOLUTE
    ../clib/microlib/init/entry.s            0x00000000   Number         0  entry9a.o ABSOLUTE
    ../clib/microlib/init/entry.s            0x00000000   Number         0  entry2.o ABSOLUTE
    ../clib/microlib/init/entry.s            0x00000000   Number         0  entry8b.o ABSOLUTE
    ../clib/microlib/init/entry.s            0x00000000   Number         0  entry10a.o ABSOLUTE
    ../clib/microlib/init/entry.s            0x00000000   Number         0  entry8a.o ABSOLUTE
    ../clib/microlib/init/entry.s            0x00000000   Number         0  entry7b.o ABSOLUTE
    ../clib/microlib/init/entry.s            0x00000000   Number         0  entry7a.o ABSOLUTE
    ../clib/microlib/init/entry.s            0x00000000   Number         0  entry5.o ABSOLUTE
    ../clib/microlib/init/entry.s            0x00000000   Number         0  entry.o ABSOLUTE
    ../clib/microlib/init/entry.s            0x00000000   Number         0  entry10b.o ABSOLUTE
    ../clib/microlib/init/entry.s            0x00000000   Number         0  entry11a.o ABSOLUTE
    ../clib/microlib/init/entry.s            0x00000000   Number         0  entry11b.o ABSOLUTE
    ../clib/microlib/longlong.c              0x00000000   Number         0  llshl.o ABSOLUTE
    ../clib/microlib/longlong.c              0x00000000   Number         0  llsshr.o ABSOLUTE
    ../clib/microlib/longlong.c              0x00000000   Number         0  llushr.o ABSOLUTE
    ../clib/microlib/printf/printf.c         0x00000000   Number         0  printf6.o ABSOLUTE
    ../clib/microlib/printf/printf.c         0x00000000   Number         0  printf0.o ABSOLUTE
    ../clib/microlib/printf/printf.c         0x00000000   Number         0  printf1.o ABSOLUTE
    ../clib/microlib/printf/printf.c         0x00000000   Number         0  printf2.o ABSOLUTE
    ../clib/microlib/printf/printf.c         0x00000000   Number         0  printf3.o ABSOLUTE
    ../clib/microlib/printf/printf.c         0x00000000   Number         0  printf5.o ABSOLUTE
    ../clib/microlib/printf/printf.c         0x00000000   Number         0  printf4.o ABSOLUTE
    ../clib/microlib/printf/printf.c         0x00000000   Number         0  printfb.o ABSOLUTE
    ../clib/microlib/printf/printf.c         0x00000000   Number         0  printfa.o ABSOLUTE
    ../clib/microlib/printf/printf.c         0x00000000   Number         0  printf8.o ABSOLUTE
    ../clib/microlib/printf/printf.c         0x00000000   Number         0  printf7.o ABSOLUTE
    ../clib/microlib/printf/stubs.s          0x00000000   Number         0  stubs.o ABSOLUTE
    ../clib/microlib/stdio/streams.c         0x00000000   Number         0  stdout.o ABSOLUTE
    ../clib/microlib/stubs.s                 0x00000000   Number         0  iusefp.o ABSOLUTE
    ../fplib/microlib/d2f.c                  0x00000000   Number         0  d2f.o ABSOLUTE
    ../fplib/microlib/f2d.c                  0x00000000   Number         0  f2d.o ABSOLUTE
    ../fplib/microlib/fpadd.c                0x00000000   Number         0  dadd.o ABSOLUTE
    ../fplib/microlib/fpdiv.c                0x00000000   Number         0  ddiv.o ABSOLUTE
    ../fplib/microlib/fpepilogue.c           0x00000000   Number         0  depilogue.o ABSOLUTE
    ../fplib/microlib/fpepilogue.c           0x00000000   Number         0  fepilogue.o ABSOLUTE
    ../fplib/microlib/fpfix.c                0x00000000   Number         0  dfixul.o ABSOLUTE
    ../fplib/microlib/fpflt.c                0x00000000   Number         0  dfltui.o ABSOLUTE
    ../fplib/microlib/fpmul.c                0x00000000   Number         0  dmul.o ABSOLUTE
    ..\..\Libraries\CMSIS\core_cm3.c         0x00000000   Number         0  core_cm3.o ABSOLUTE
    ..\..\Libraries\CMSIS\startup\startup_stm32f10x_hd.s 0x00000000   Number         0  startup_stm32f10x_hd.o ABSOLUTE
    ..\..\Libraries\CMSIS\system_stm32f10x.c 0x00000000   Number         0  system_stm32f10x.o ABSOLUTE
    ..\..\Libraries\src\misc.c               0x00000000   Number         0  misc.o ABSOLUTE
    ..\..\Libraries\src\stm32f10x_adc.c      0x00000000   Number         0  stm32f10x_adc.o ABSOLUTE
    ..\..\Libraries\src\stm32f10x_bkp.c      0x00000000   Number         0  stm32f10x_bkp.o ABSOLUTE
    ..\..\Libraries\src\stm32f10x_can.c      0x00000000   Number         0  stm32f10x_can.o ABSOLUTE
    ..\..\Libraries\src\stm32f10x_cec.c      0x00000000   Number         0  stm32f10x_cec.o ABSOLUTE
    ..\..\Libraries\src\stm32f10x_crc.c      0x00000000   Number         0  stm32f10x_crc.o ABSOLUTE
    ..\..\Libraries\src\stm32f10x_dac.c      0x00000000   Number         0  stm32f10x_dac.o ABSOLUTE
    ..\..\Libraries\src\stm32f10x_dbgmcu.c   0x00000000   Number         0  stm32f10x_dbgmcu.o ABSOLUTE
    ..\..\Libraries\src\stm32f10x_dma.c      0x00000000   Number         0  stm32f10x_dma.o ABSOLUTE
    ..\..\Libraries\src\stm32f10x_exti.c     0x00000000   Number         0  stm32f10x_exti.o ABSOLUTE
    ..\..\Libraries\src\stm32f10x_flash.c    0x00000000   Number         0  stm32f10x_flash.o ABSOLUTE
    ..\..\Libraries\src\stm32f10x_fsmc.c     0x00000000   Number         0  stm32f10x_fsmc.o ABSOLUTE
    ..\..\Libraries\src\stm32f10x_gpio.c     0x00000000   Number         0  stm32f10x_gpio.o ABSOLUTE
    ..\..\Libraries\src\stm32f10x_i2c.c      0x00000000   Number         0  stm32f10x_i2c.o ABSOLUTE
    ..\..\Libraries\src\stm32f10x_iwdg.c     0x00000000   Number         0  stm32f10x_iwdg.o ABSOLUTE
    ..\..\Libraries\src\stm32f10x_pwr.c      0x00000000   Number         0  stm32f10x_pwr.o ABSOLUTE
    ..\..\Libraries\src\stm32f10x_rcc.c      0x00000000   Number         0  stm32f10x_rcc.o ABSOLUTE
    ..\..\Libraries\src\stm32f10x_rtc.c      0x00000000   Number         0  stm32f10x_rtc.o ABSOLUTE
    ..\..\Libraries\src\stm32f10x_sdio.c     0x00000000   Number         0  stm32f10x_sdio.o ABSOLUTE
    ..\..\Libraries\src\stm32f10x_spi.c      0x00000000   Number         0  stm32f10x_spi.o ABSOLUTE
    ..\..\Libraries\src\stm32f10x_tim.c      0x00000000   Number         0  stm32f10x_tim.o ABSOLUTE
    ..\..\Libraries\src\stm32f10x_usart.c    0x00000000   Number         0  stm32f10x_usart.o ABSOLUTE
    ..\..\Libraries\src\stm32f10x_wwdg.c     0x00000000   Number         0  stm32f10x_wwdg.o ABSOLUTE
    ..\..\User\adc\adc.c                     0x00000000   Number         0  adc.o ABSOLUTE
    ..\..\User\ads1256\PeripheralInit.c      0x00000000   Number         0  peripheralinit.o ABSOLUTE
    ..\..\User\ads1256\ads1256.c             0x00000000   Number         0  ads1256.o ABSOLUTE
    ..\..\User\dma\dma.c                     0x00000000   Number         0  dma.o ABSOLUTE
    ..\..\User\main.c                        0x00000000   Number         0  main.o ABSOLUTE
    ..\..\User\oled\OLED_I2C.c               0x00000000   Number         0  oled_i2c.o ABSOLUTE
    ..\..\User\stm32f10x_it.c                0x00000000   Number         0  stm32f10x_it.o ABSOLUTE
    ..\..\User\systick\Delay.c               0x00000000   Number         0  delay.o ABSOLUTE
    ..\..\User\systick\bsp_SysTick.c         0x00000000   Number         0  bsp_systick.o ABSOLUTE
    ..\..\User\usart\bsp_usart.c             0x00000000   Number         0  bsp_usart.o ABSOLUTE
    ..\\..\\Libraries\\CMSIS\\core_cm3.c     0x00000000   Number         0  core_cm3.o ABSOLUTE
    cdrcmple.s                               0x00000000   Number         0  cdrcmple.o ABSOLUTE
    dc.s                                     0x00000000   Number         0  dc.o ABSOLUTE
    handlers.s                               0x00000000   Number         0  handlers.o ABSOLUTE
    init.s                                   0x00000000   Number         0  init.o ABSOLUTE
    RESET                                    0x08000000   Section      304  startup_stm32f10x_hd.o(RESET)
    .ARM.Collect$$$$00000000                 0x08000130   Section        0  entry.o(.ARM.Collect$$$$00000000)
    .ARM.Collect$$$$00000001                 0x08000130   Section        4  entry2.o(.ARM.Collect$$$$00000001)
    .ARM.Collect$$$$00000004                 0x08000134   Section        4  entry5.o(.ARM.Collect$$$$00000004)
    .ARM.Collect$$$$00000008                 0x08000138   Section        0  entry7b.o(.ARM.Collect$$$$00000008)
    .ARM.Collect$$$$0000000A                 0x08000138   Section        0  entry8b.o(.ARM.Collect$$$$0000000A)
    .ARM.Collect$$$$0000000B                 0x08000138   Section        8  entry9a.o(.ARM.Collect$$$$0000000B)
    .ARM.Collect$$$$0000000D                 0x08000140   Section        0  entry10a.o(.ARM.Collect$$$$0000000D)
    .ARM.Collect$$$$0000000F                 0x08000140   Section        0  entry11a.o(.ARM.Collect$$$$0000000F)
    .ARM.Collect$$$$00002712                 0x08000140   Section        4  entry2.o(.ARM.Collect$$$$00002712)
    __lit__00000000                          0x08000140   Data           4  entry2.o(.ARM.Collect$$$$00002712)
    .text                                    0x08000144   Section       36  startup_stm32f10x_hd.o(.text)
    .text                                    0x08000168   Section        0  system_stm32f10x.o(.text)
    SetSysClockTo72                          0x08000169   Thumb Code   214  system_stm32f10x.o(.text)
    SetSysClock                              0x0800023f   Thumb Code     8  system_stm32f10x.o(.text)
    .text                                    0x08000348   Section        0  stm32f10x_adc.o(.text)
    .text                                    0x08000798   Section        0  stm32f10x_gpio.o(.text)
    .text                                    0x08000af4   Section        0  stm32f10x_i2c.o(.text)
    .text                                    0x08000ef8   Section        0  stm32f10x_rcc.o(.text)
    .text                                    0x0800129c   Section        0  stm32f10x_usart.o(.text)
    .text                                    0x080016a4   Section        0  oled_i2c.o(.text)
    .text                                    0x08001ac8   Section        0  main.o(.text)
    .text                                    0x08001b08   Section        0  stm32f10x_it.o(.text)
    .text                                    0x08001b28   Section        0  bsp_systick.o(.text)
    .text                                    0x08001bd4   Section        0  bsp_usart.o(.text)
    .text                                    0x08001c90   Section        0  delay.o(.text)
    .text                                    0x08001db8   Section        0  adc.o(.text)
    ADCx_GPIO_Config                         0x08001db9   Thumb Code    32  adc.o(.text)
    ADCx_Mode_Config                         0x08001dd9   Thumb Code   134  adc.o(.text)
    .text                                    0x08001fb0   Section        0  ads1256.o(.text)
    .text                                    0x080021d8   Section        0  peripheralinit.o(.text)
    .text                                    0x08002288   Section        0  dadd.o(.text)
    .text                                    0x080023d6   Section        0  dmul.o(.text)
    .text                                    0x080024ba   Section        0  ddiv.o(.text)
    .text                                    0x08002598   Section        0  dfltui.o(.text)
    .text                                    0x080025b2   Section        0  f2d.o(.text)
    .text                                    0x080025d8   Section        0  d2f.o(.text)
    .text                                    0x08002610   Section        0  uidiv.o(.text)
    .text                                    0x0800263c   Section        0  uldiv.o(.text)
    .text                                    0x0800269e   Section        0  llshl.o(.text)
    .text                                    0x080026bc   Section        0  llsshr.o(.text)
    .text                                    0x080026e0   Section        0  fepilogue.o(.text)
    .text                                    0x080026e0   Section        0  iusefp.o(.text)
    .text                                    0x0800274e   Section        0  depilogue.o(.text)
    .text                                    0x08002808   Section        0  dfixul.o(.text)
    .text                                    0x08002838   Section       48  cdrcmple.o(.text)
    .text                                    0x08002868   Section       36  init.o(.text)
    .text                                    0x0800288c   Section        0  llushr.o(.text)
    .text                                    0x080028ac   Section        0  __dczerorl2.o(.text)
    i.__0sprintf                             0x08002904   Section        0  printfa.o(i.__0sprintf)
    i.__scatterload_copy                     0x0800292c   Section       14  handlers.o(i.__scatterload_copy)
    i.__scatterload_null                     0x0800293a   Section        2  handlers.o(i.__scatterload_null)
    i.__scatterload_zeroinit                 0x0800293c   Section       14  handlers.o(i.__scatterload_zeroinit)
    i._fp_digits                             0x0800294c   Section        0  printfa.o(i._fp_digits)
    _fp_digits                               0x0800294d   Thumb Code   334  printfa.o(i._fp_digits)
    i._printf_core                           0x08002ab0   Section        0  printfa.o(i._printf_core)
    _printf_core                             0x08002ab1   Thumb Code  1744  printfa.o(i._printf_core)
    i._printf_post_padding                   0x0800318c   Section        0  printfa.o(i._printf_post_padding)
    _printf_post_padding                     0x0800318d   Thumb Code    36  printfa.o(i._printf_post_padding)
    i._printf_pre_padding                    0x080031b0   Section        0  printfa.o(i._printf_pre_padding)
    _printf_pre_padding                      0x080031b1   Thumb Code    46  printfa.o(i._printf_pre_padding)
    i._sputc                                 0x080031de   Section        0  printfa.o(i._sputc)
    _sputc                                   0x080031df   Thumb Code    10  printfa.o(i._sputc)
    .constdata                               0x080031e8   Section     2072  oled_i2c.o(.constdata)
    .data                                    0x20000000   Section       20  system_stm32f10x.o(.data)
    .data                                    0x20000014   Section       20  stm32f10x_rcc.o(.data)
    APBAHBPrescTable                         0x20000014   Data          16  stm32f10x_rcc.o(.data)
    ADCPrescTable                            0x20000024   Data           4  stm32f10x_rcc.o(.data)
    .data                                    0x20000028   Section     1152  oled_i2c.o(.data)
    .data                                    0x200004a8   Section        4  bsp_systick.o(.data)
    TimingDelay                              0x200004a8   Data           4  bsp_systick.o(.data)
    .data                                    0x200004b0   Section       24  adc.o(.data)
    .data                                    0x200004c8   Section        2  dma.o(.data)
    .bss                                     0x200004cc   Section       50  adc.o(.bss)
    STACK                                    0x20000500   Section     1024  startup_stm32f10x_hd.o(STACK)

    Global Symbols

    Symbol Name                              Value     Ov Type        Size  Object(Section)

    BuildAttributes$$THM_ISAv4$P$D$K$B$S$PE$A:L22UL41UL21$X:L11$S22US41US21$IEEE1$IW$USESV6$~STKCKD$USESV7$~SHL$OTIME$ROPI$EBA8$MICROLIB$REQ8$PRES8$EABIv2 0x00000000   Number         0  anon$$obj.o ABSOLUTE
    __ARM_use_no_argv                        0x00000000   Number         0  main.o ABSOLUTE
    _printf_a                                0x00000000   Number         0  stubs.o ABSOLUTE
    _printf_c                                0x00000000   Number         0  stubs.o ABSOLUTE
    _printf_charcount                        0x00000000   Number         0  stubs.o ABSOLUTE
    _printf_d                                0x00000000   Number         0  stubs.o ABSOLUTE
    _printf_e                                0x00000000   Number         0  stubs.o ABSOLUTE
    _printf_f                                0x00000000   Number         0  stubs.o ABSOLUTE
    _printf_flags                            0x00000000   Number         0  stubs.o ABSOLUTE
    _printf_fp_dec                           0x00000000   Number         0  stubs.o ABSOLUTE
    _printf_fp_hex                           0x00000000   Number         0  stubs.o ABSOLUTE
    _printf_g                                0x00000000   Number         0  stubs.o ABSOLUTE
    _printf_i                                0x00000000   Number         0  stubs.o ABSOLUTE
    _printf_int_dec                          0x00000000   Number         0  stubs.o ABSOLUTE
    _printf_l                                0x00000000   Number         0  stubs.o ABSOLUTE
    _printf_lc                               0x00000000   Number         0  stubs.o ABSOLUTE
    _printf_ll                               0x00000000   Number         0  stubs.o ABSOLUTE
    _printf_lld                              0x00000000   Number         0  stubs.o ABSOLUTE
    _printf_lli                              0x00000000   Number         0  stubs.o ABSOLUTE
    _printf_llo                              0x00000000   Number         0  stubs.o ABSOLUTE
    _printf_llu                              0x00000000   Number         0  stubs.o ABSOLUTE
    _printf_llx                              0x00000000   Number         0  stubs.o ABSOLUTE
    _printf_longlong_dec                     0x00000000   Number         0  stubs.o ABSOLUTE
    _printf_longlong_hex                     0x00000000   Number         0  stubs.o ABSOLUTE
    _printf_longlong_oct                     0x00000000   Number         0  stubs.o ABSOLUTE
    _printf_ls                               0x00000000   Number         0  stubs.o ABSOLUTE
    _printf_mbtowc                           0x00000000   Number         0  stubs.o ABSOLUTE
    _printf_n                                0x00000000   Number         0  stubs.o ABSOLUTE
    _printf_o                                0x00000000   Number         0  stubs.o ABSOLUTE
    _printf_p                                0x00000000   Number         0  stubs.o ABSOLUTE
    _printf_percent                          0x00000000   Number         0  stubs.o ABSOLUTE
    _printf_pre_padding                      0x00000000   Number         0  stubs.o ABSOLUTE
    _printf_return_value                     0x00000000   Number         0  stubs.o ABSOLUTE
    _printf_s                                0x00000000   Number         0  stubs.o ABSOLUTE
    _printf_sizespec                         0x00000000   Number         0  stubs.o ABSOLUTE
    _printf_str                              0x00000000   Number         0  stubs.o ABSOLUTE
    _printf_truncate_signed                  0x00000000   Number         0  stubs.o ABSOLUTE
    _printf_truncate_unsigned                0x00000000   Number         0  stubs.o ABSOLUTE
    _printf_u                                0x00000000   Number         0  stubs.o ABSOLUTE
    _printf_wc                               0x00000000   Number         0  stubs.o ABSOLUTE
    _printf_wctomb                           0x00000000   Number         0  stubs.o ABSOLUTE
    _printf_widthprec                        0x00000000   Number         0  stubs.o ABSOLUTE
    _printf_x                                0x00000000   Number         0  stubs.o ABSOLUTE
    __cpp_initialize__aeabi_                  - Undefined Weak Reference
    __cxa_finalize                            - Undefined Weak Reference
    _clock_init                               - Undefined Weak Reference
    _microlib_exit                            - Undefined Weak Reference
    __Vectors_Size                           0x00000130   Number         0  startup_stm32f10x_hd.o ABSOLUTE
    __Vectors                                0x08000000   Data           4  startup_stm32f10x_hd.o(RESET)
    __Vectors_End                            0x08000130   Data           0  startup_stm32f10x_hd.o(RESET)
    __main                                   0x08000131   Thumb Code     0  entry.o(.ARM.Collect$$$$00000000)
    _main_stk                                0x08000131   Thumb Code     0  entry2.o(.ARM.Collect$$$$00000001)
    _main_scatterload                        0x08000135   Thumb Code     0  entry5.o(.ARM.Collect$$$$00000004)
    __main_after_scatterload                 0x08000139   Thumb Code     0  entry5.o(.ARM.Collect$$$$00000004)
    _main_clock                              0x08000139   Thumb Code     0  entry7b.o(.ARM.Collect$$$$00000008)
    _main_cpp_init                           0x08000139   Thumb Code     0  entry8b.o(.ARM.Collect$$$$0000000A)
    _main_init                               0x08000139   Thumb Code     0  entry9a.o(.ARM.Collect$$$$0000000B)
    __rt_final_cpp                           0x08000141   Thumb Code     0  entry10a.o(.ARM.Collect$$$$0000000D)
    __rt_final_exit                          0x08000141   Thumb Code     0  entry11a.o(.ARM.Collect$$$$0000000F)
    Reset_Handler                            0x08000145   Thumb Code     8  startup_stm32f10x_hd.o(.text)
    ADC1_2_IRQHandler                        0x0800015f   Thumb Code     0  startup_stm32f10x_hd.o(.text)
    ADC3_IRQHandler                          0x0800015f   Thumb Code     0  startup_stm32f10x_hd.o(.text)
    CAN1_RX1_IRQHandler                      0x0800015f   Thumb Code     0  startup_stm32f10x_hd.o(.text)
    CAN1_SCE_IRQHandler                      0x0800015f   Thumb Code     0  startup_stm32f10x_hd.o(.text)
    DMA1_Channel1_IRQHandler                 0x0800015f   Thumb Code     0  startup_stm32f10x_hd.o(.text)
    DMA1_Channel2_IRQHandler                 0x0800015f   Thumb Code     0  startup_stm32f10x_hd.o(.text)
    DMA1_Channel3_IRQHandler                 0x0800015f   Thumb Code     0  startup_stm32f10x_hd.o(.text)
    DMA1_Channel4_IRQHandler                 0x0800015f   Thumb Code     0  startup_stm32f10x_hd.o(.text)
    DMA1_Channel5_IRQHandler                 0x0800015f   Thumb Code     0  startup_stm32f10x_hd.o(.text)
    DMA1_Channel6_IRQHandler                 0x0800015f   Thumb Code     0  startup_stm32f10x_hd.o(.text)
    DMA1_Channel7_IRQHandler                 0x0800015f   Thumb Code     0  startup_stm32f10x_hd.o(.text)
    DMA2_Channel1_IRQHandler                 0x0800015f   Thumb Code     0  startup_stm32f10x_hd.o(.text)
    DMA2_Channel2_IRQHandler                 0x0800015f   Thumb Code     0  startup_stm32f10x_hd.o(.text)
    DMA2_Channel3_IRQHandler                 0x0800015f   Thumb Code     0  startup_stm32f10x_hd.o(.text)
    DMA2_Channel4_5_IRQHandler               0x0800015f   Thumb Code     0  startup_stm32f10x_hd.o(.text)
    EXTI0_IRQHandler                         0x0800015f   Thumb Code     0  startup_stm32f10x_hd.o(.text)
    EXTI15_10_IRQHandler                     0x0800015f   Thumb Code     0  startup_stm32f10x_hd.o(.text)
    EXTI1_IRQHandler                         0x0800015f   Thumb Code     0  startup_stm32f10x_hd.o(.text)
    EXTI2_IRQHandler                         0x0800015f   Thumb Code     0  startup_stm32f10x_hd.o(.text)
    EXTI3_IRQHandler                         0x0800015f   Thumb Code     0  startup_stm32f10x_hd.o(.text)
    EXTI4_IRQHandler                         0x0800015f   Thumb Code     0  startup_stm32f10x_hd.o(.text)
    EXTI9_5_IRQHandler                       0x0800015f   Thumb Code     0  startup_stm32f10x_hd.o(.text)
    FLASH_IRQHandler                         0x0800015f   Thumb Code     0  startup_stm32f10x_hd.o(.text)
    FSMC_IRQHandler                          0x0800015f   Thumb Code     0  startup_stm32f10x_hd.o(.text)
    I2C1_ER_IRQHandler                       0x0800015f   Thumb Code     0  startup_stm32f10x_hd.o(.text)
    I2C1_EV_IRQHandler                       0x0800015f   Thumb Code     0  startup_stm32f10x_hd.o(.text)
    I2C2_ER_IRQHandler                       0x0800015f   Thumb Code     0  startup_stm32f10x_hd.o(.text)
    I2C2_EV_IRQHandler                       0x0800015f   Thumb Code     0  startup_stm32f10x_hd.o(.text)
    PVD_IRQHandler                           0x0800015f   Thumb Code     0  startup_stm32f10x_hd.o(.text)
    RCC_IRQHandler                           0x0800015f   Thumb Code     0  startup_stm32f10x_hd.o(.text)
    RTCAlarm_IRQHandler                      0x0800015f   Thumb Code     0  startup_stm32f10x_hd.o(.text)
    RTC_IRQHandler                           0x0800015f   Thumb Code     0  startup_stm32f10x_hd.o(.text)
    SDIO_IRQHandler                          0x0800015f   Thumb Code     0  startup_stm32f10x_hd.o(.text)
    SPI1_IRQHandler                          0x0800015f   Thumb Code     0  startup_stm32f10x_hd.o(.text)
    SPI2_IRQHandler                          0x0800015f   Thumb Code     0  startup_stm32f10x_hd.o(.text)
    SPI3_IRQHandler                          0x0800015f   Thumb Code     0  startup_stm32f10x_hd.o(.text)
    TAMPER_IRQHandler                        0x0800015f   Thumb Code     0  startup_stm32f10x_hd.o(.text)
    TIM1_BRK_IRQHandler                      0x0800015f   Thumb Code     0  startup_stm32f10x_hd.o(.text)
    TIM1_CC_IRQHandler                       0x0800015f   Thumb Code     0  startup_stm32f10x_hd.o(.text)
    TIM1_TRG_COM_IRQHandler                  0x0800015f   Thumb Code     0  startup_stm32f10x_hd.o(.text)
    TIM1_UP_IRQHandler                       0x0800015f   Thumb Code     0  startup_stm32f10x_hd.o(.text)
    TIM2_IRQHandler                          0x0800015f   Thumb Code     0  startup_stm32f10x_hd.o(.text)
    TIM3_IRQHandler                          0x0800015f   Thumb Code     0  startup_stm32f10x_hd.o(.text)
    TIM4_IRQHandler                          0x0800015f   Thumb Code     0  startup_stm32f10x_hd.o(.text)
    TIM5_IRQHandler                          0x0800015f   Thumb Code     0  startup_stm32f10x_hd.o(.text)
    TIM6_IRQHandler                          0x0800015f   Thumb Code     0  startup_stm32f10x_hd.o(.text)
    TIM7_IRQHandler                          0x0800015f   Thumb Code     0  startup_stm32f10x_hd.o(.text)
    TIM8_BRK_IRQHandler                      0x0800015f   Thumb Code     0  startup_stm32f10x_hd.o(.text)
    TIM8_CC_IRQHandler                       0x0800015f   Thumb Code     0  startup_stm32f10x_hd.o(.text)
    TIM8_TRG_COM_IRQHandler                  0x0800015f   Thumb Code     0  startup_stm32f10x_hd.o(.text)
    TIM8_UP_IRQHandler                       0x0800015f   Thumb Code     0  startup_stm32f10x_hd.o(.text)
    UART4_IRQHandler                         0x0800015f   Thumb Code     0  startup_stm32f10x_hd.o(.text)
    UART5_IRQHandler                         0x0800015f   Thumb Code     0  startup_stm32f10x_hd.o(.text)
    USART1_IRQHandler                        0x0800015f   Thumb Code     0  startup_stm32f10x_hd.o(.text)
    USART2_IRQHandler                        0x0800015f   Thumb Code     0  startup_stm32f10x_hd.o(.text)
    USART3_IRQHandler                        0x0800015f   Thumb Code     0  startup_stm32f10x_hd.o(.text)
    USBWakeUp_IRQHandler                     0x0800015f   Thumb Code     0  startup_stm32f10x_hd.o(.text)
    USB_HP_CAN1_TX_IRQHandler                0x0800015f   Thumb Code     0  startup_stm32f10x_hd.o(.text)
    USB_LP_CAN1_RX0_IRQHandler               0x0800015f   Thumb Code     0  startup_stm32f10x_hd.o(.text)
    WWDG_IRQHandler                          0x0800015f   Thumb Code     0  startup_stm32f10x_hd.o(.text)
    SystemInit                               0x08000247   Thumb Code    78  system_stm32f10x.o(.text)
    SystemCoreClockUpdate                    0x08000295   Thumb Code   142  system_stm32f10x.o(.text)
    ADC_DeInit                               0x08000349   Thumb Code    78  stm32f10x_adc.o(.text)
    ADC_Init                                 0x08000397   Thumb Code    70  stm32f10x_adc.o(.text)
    ADC_StructInit                           0x080003dd   Thumb Code    18  stm32f10x_adc.o(.text)
    ADC_Cmd                                  0x080003ef   Thumb Code    22  stm32f10x_adc.o(.text)
    ADC_DMACmd                               0x08000405   Thumb Code    22  stm32f10x_adc.o(.text)
    ADC_ITConfig                             0x0800041b   Thumb Code    24  stm32f10x_adc.o(.text)
    ADC_ResetCalibration                     0x08000433   Thumb Code    10  stm32f10x_adc.o(.text)
    ADC_GetResetCalibrationStatus            0x0800043d   Thumb Code    20  stm32f10x_adc.o(.text)
    ADC_StartCalibration                     0x08000451   Thumb Code    10  stm32f10x_adc.o(.text)
    ADC_GetCalibrationStatus                 0x0800045b   Thumb Code    20  stm32f10x_adc.o(.text)
    ADC_SoftwareStartConvCmd                 0x0800046f   Thumb Code    22  stm32f10x_adc.o(.text)
    ADC_GetSoftwareStartConvStatus           0x08000485   Thumb Code    20  stm32f10x_adc.o(.text)
    ADC_DiscModeChannelCountConfig           0x08000499   Thumb Code    24  stm32f10x_adc.o(.text)
    ADC_DiscModeCmd                          0x080004b1   Thumb Code    22  stm32f10x_adc.o(.text)
    ADC_RegularChannelConfig                 0x080004c7   Thumb Code   184  stm32f10x_adc.o(.text)
    ADC_ExternalTrigConvCmd                  0x0800057f   Thumb Code    22  stm32f10x_adc.o(.text)
    ADC_GetConversionValue                   0x08000595   Thumb Code     8  stm32f10x_adc.o(.text)
    ADC_GetDualModeConversionValue           0x0800059d   Thumb Code     8  stm32f10x_adc.o(.text)
    ADC_AutoInjectedConvCmd                  0x080005a5   Thumb Code    22  stm32f10x_adc.o(.text)
    ADC_InjectedDiscModeCmd                  0x080005bb   Thumb Code    22  stm32f10x_adc.o(.text)
    ADC_ExternalTrigInjectedConvConfig       0x080005d1   Thumb Code    16  stm32f10x_adc.o(.text)
    ADC_ExternalTrigInjectedConvCmd          0x080005e1   Thumb Code    22  stm32f10x_adc.o(.text)
    ADC_SoftwareStartInjectedConvCmd         0x080005f7   Thumb Code    22  stm32f10x_adc.o(.text)
    ADC_GetSoftwareStartInjectedConvCmdStatus 0x0800060d   Thumb Code    20  stm32f10x_adc.o(.text)
    ADC_InjectedChannelConfig                0x08000621   Thumb Code   130  stm32f10x_adc.o(.text)
    ADC_InjectedSequencerLengthConfig        0x080006a3   Thumb Code    24  stm32f10x_adc.o(.text)
    ADC_SetInjectedOffset                    0x080006bb   Thumb Code    20  stm32f10x_adc.o(.text)
    ADC_GetInjectedConversionValue           0x080006cf   Thumb Code    28  stm32f10x_adc.o(.text)
    ADC_AnalogWatchdogCmd                    0x080006eb   Thumb Code    16  stm32f10x_adc.o(.text)
    ADC_AnalogWatchdogThresholdsConfig       0x080006fb   Thumb Code     6  stm32f10x_adc.o(.text)
    ADC_AnalogWatchdogSingleChannelConfig    0x08000701   Thumb Code    16  stm32f10x_adc.o(.text)
    ADC_TempSensorVrefintCmd                 0x08000711   Thumb Code    64  stm32f10x_adc.o(.text)
    ADC_GetFlagStatus                        0x08000751   Thumb Code    18  stm32f10x_adc.o(.text)
    ADC_ClearFlag                            0x08000763   Thumb Code     6  stm32f10x_adc.o(.text)
    ADC_GetITStatus                          0x08000769   Thumb Code    36  stm32f10x_adc.o(.text)
    ADC_ClearITPendingBit                    0x0800078d   Thumb Code    10  stm32f10x_adc.o(.text)
    GPIO_DeInit                              0x08000799   Thumb Code   172  stm32f10x_gpio.o(.text)
    GPIO_AFIODeInit                          0x08000845   Thumb Code    20  stm32f10x_gpio.o(.text)
    GPIO_Init                                0x08000859   Thumb Code   278  stm32f10x_gpio.o(.text)
    GPIO_StructInit                          0x0800096f   Thumb Code    16  stm32f10x_gpio.o(.text)
    GPIO_ReadInputDataBit                    0x0800097f   Thumb Code    18  stm32f10x_gpio.o(.text)
    GPIO_ReadInputData                       0x08000991   Thumb Code     8  stm32f10x_gpio.o(.text)
    GPIO_ReadOutputDataBit                   0x08000999   Thumb Code    18  stm32f10x_gpio.o(.text)
    GPIO_ReadOutputData                      0x080009ab   Thumb Code     8  stm32f10x_gpio.o(.text)
    GPIO_SetBits                             0x080009b3   Thumb Code     4  stm32f10x_gpio.o(.text)
    GPIO_ResetBits                           0x080009b7   Thumb Code     4  stm32f10x_gpio.o(.text)
    GPIO_WriteBit                            0x080009bb   Thumb Code    10  stm32f10x_gpio.o(.text)
    GPIO_Write                               0x080009c5   Thumb Code     4  stm32f10x_gpio.o(.text)
    GPIO_PinLockConfig                       0x080009c9   Thumb Code    18  stm32f10x_gpio.o(.text)
    GPIO_EventOutputConfig                   0x080009db   Thumb Code    26  stm32f10x_gpio.o(.text)
    GPIO_EventOutputCmd                      0x080009f5   Thumb Code     6  stm32f10x_gpio.o(.text)
    GPIO_PinRemapConfig                      0x080009fb   Thumb Code   138  stm32f10x_gpio.o(.text)
    GPIO_EXTILineConfig                      0x08000a85   Thumb Code    66  stm32f10x_gpio.o(.text)
    GPIO_ETH_MediaInterfaceConfig            0x08000ac7   Thumb Code     8  stm32f10x_gpio.o(.text)
    I2C_DeInit                               0x08000af5   Thumb Code    50  stm32f10x_i2c.o(.text)
    I2C_Init                                 0x08000b27   Thumb Code   222  stm32f10x_i2c.o(.text)
    I2C_StructInit                           0x08000c05   Thumb Code    30  stm32f10x_i2c.o(.text)
    I2C_Cmd                                  0x08000c23   Thumb Code    24  stm32f10x_i2c.o(.text)
    I2C_DMACmd                               0x08000c3b   Thumb Code    24  stm32f10x_i2c.o(.text)
    I2C_DMALastTransferCmd                   0x08000c53   Thumb Code    24  stm32f10x_i2c.o(.text)
    I2C_GenerateSTART                        0x08000c6b   Thumb Code    24  stm32f10x_i2c.o(.text)
    I2C_GenerateSTOP                         0x08000c83   Thumb Code    24  stm32f10x_i2c.o(.text)
    I2C_AcknowledgeConfig                    0x08000c9b   Thumb Code    24  stm32f10x_i2c.o(.text)
    I2C_OwnAddress2Config                    0x08000cb3   Thumb Code    22  stm32f10x_i2c.o(.text)
    I2C_DualAddressCmd                       0x08000cc9   Thumb Code    24  stm32f10x_i2c.o(.text)
    I2C_GeneralCallCmd                       0x08000ce1   Thumb Code    24  stm32f10x_i2c.o(.text)
    I2C_ITConfig                             0x08000cf9   Thumb Code    18  stm32f10x_i2c.o(.text)
    I2C_SendData                             0x08000d0b   Thumb Code     4  stm32f10x_i2c.o(.text)
    I2C_ReceiveData                          0x08000d0f   Thumb Code     8  stm32f10x_i2c.o(.text)
    I2C_Send7bitAddress                      0x08000d17   Thumb Code    18  stm32f10x_i2c.o(.text)
    I2C_ReadRegister                         0x08000d29   Thumb Code    22  stm32f10x_i2c.o(.text)
    I2C_SoftwareResetCmd                     0x08000d3f   Thumb Code    22  stm32f10x_i2c.o(.text)
    I2C_NACKPositionConfig                   0x08000d55   Thumb Code    28  stm32f10x_i2c.o(.text)
    I2C_SMBusAlertConfig                     0x08000d71   Thumb Code    28  stm32f10x_i2c.o(.text)
    I2C_TransmitPEC                          0x08000d8d   Thumb Code    24  stm32f10x_i2c.o(.text)
    I2C_PECPositionConfig                    0x08000da5   Thumb Code    28  stm32f10x_i2c.o(.text)
    I2C_CalculatePEC                         0x08000dc1   Thumb Code    24  stm32f10x_i2c.o(.text)
    I2C_GetPEC                               0x08000dd9   Thumb Code     8  stm32f10x_i2c.o(.text)
    I2C_ARPCmd                               0x08000de1   Thumb Code    24  stm32f10x_i2c.o(.text)
    I2C_StretchClockCmd                      0x08000df9   Thumb Code    24  stm32f10x_i2c.o(.text)
    I2C_FastModeDutyCycleConfig              0x08000e11   Thumb Code    28  stm32f10x_i2c.o(.text)
    I2C_CheckEvent                           0x08000e2d   Thumb Code    42  stm32f10x_i2c.o(.text)
    I2C_GetLastEvent                         0x08000e57   Thumb Code    26  stm32f10x_i2c.o(.text)
    I2C_GetFlagStatus                        0x08000e71   Thumb Code    58  stm32f10x_i2c.o(.text)
    I2C_ClearFlag                            0x08000eab   Thumb Code    12  stm32f10x_i2c.o(.text)
    I2C_GetITStatus                          0x08000eb7   Thumb Code    54  stm32f10x_i2c.o(.text)
    I2C_ClearITPendingBit                    0x08000eed   Thumb Code    12  stm32f10x_i2c.o(.text)
    RCC_DeInit                               0x08000ef9   Thumb Code    64  stm32f10x_rcc.o(.text)
    RCC_HSEConfig                            0x08000f39   Thumb Code    70  stm32f10x_rcc.o(.text)
    RCC_GetFlagStatus                        0x08000f7f   Thumb Code    56  stm32f10x_rcc.o(.text)
    RCC_WaitForHSEStartUp                    0x08000fb7   Thumb Code    56  stm32f10x_rcc.o(.text)
    RCC_AdjustHSICalibrationValue            0x08000fef   Thumb Code    20  stm32f10x_rcc.o(.text)
    RCC_HSICmd                               0x08001003   Thumb Code     6  stm32f10x_rcc.o(.text)
    RCC_PLLConfig                            0x08001009   Thumb Code    24  stm32f10x_rcc.o(.text)
    RCC_PLLCmd                               0x08001021   Thumb Code     6  stm32f10x_rcc.o(.text)
    RCC_SYSCLKConfig                         0x08001027   Thumb Code    18  stm32f10x_rcc.o(.text)
    RCC_GetSYSCLKSource                      0x08001039   Thumb Code    10  stm32f10x_rcc.o(.text)
    RCC_HCLKConfig                           0x08001043   Thumb Code    18  stm32f10x_rcc.o(.text)
    RCC_PCLK1Config                          0x08001055   Thumb Code    18  stm32f10x_rcc.o(.text)
    RCC_PCLK2Config                          0x08001067   Thumb Code    20  stm32f10x_rcc.o(.text)
    RCC_ITConfig                             0x0800107b   Thumb Code    26  stm32f10x_rcc.o(.text)
    RCC_USBCLKConfig                         0x08001095   Thumb Code     8  stm32f10x_rcc.o(.text)
    RCC_ADCCLKConfig                         0x0800109d   Thumb Code    18  stm32f10x_rcc.o(.text)
    RCC_LSEConfig                            0x080010af   Thumb Code    50  stm32f10x_rcc.o(.text)
    RCC_LSICmd                               0x080010e1   Thumb Code     6  stm32f10x_rcc.o(.text)
    RCC_RTCCLKConfig                         0x080010e7   Thumb Code    12  stm32f10x_rcc.o(.text)
    RCC_RTCCLKCmd                            0x080010f3   Thumb Code     8  stm32f10x_rcc.o(.text)
    RCC_GetClocksFreq                        0x080010fb   Thumb Code   192  stm32f10x_rcc.o(.text)
    RCC_AHBPeriphClockCmd                    0x080011bb   Thumb Code    26  stm32f10x_rcc.o(.text)
    RCC_APB2PeriphClockCmd                   0x080011d5   Thumb Code    26  stm32f10x_rcc.o(.text)
    RCC_APB1PeriphClockCmd                   0x080011ef   Thumb Code    26  stm32f10x_rcc.o(.text)
    RCC_APB2PeriphResetCmd                   0x08001209   Thumb Code    26  stm32f10x_rcc.o(.text)
    RCC_APB1PeriphResetCmd                   0x08001223   Thumb Code    26  stm32f10x_rcc.o(.text)
    RCC_BackupResetCmd                       0x0800123d   Thumb Code     8  stm32f10x_rcc.o(.text)
    RCC_ClockSecuritySystemCmd               0x08001245   Thumb Code     6  stm32f10x_rcc.o(.text)
    RCC_MCOConfig                            0x0800124b   Thumb Code     6  stm32f10x_rcc.o(.text)
    RCC_ClearFlag                            0x08001251   Thumb Code    14  stm32f10x_rcc.o(.text)
    RCC_GetITStatus                          0x0800125f   Thumb Code    20  stm32f10x_rcc.o(.text)
    RCC_ClearITPendingBit                    0x08001273   Thumb Code     6  stm32f10x_rcc.o(.text)
    USART_DeInit                             0x0800129d   Thumb Code   134  stm32f10x_usart.o(.text)
    USART_Init                               0x08001323   Thumb Code   210  stm32f10x_usart.o(.text)
    USART_StructInit                         0x080013f5   Thumb Code    24  stm32f10x_usart.o(.text)
    USART_ClockInit                          0x0800140d   Thumb Code    34  stm32f10x_usart.o(.text)
    USART_ClockStructInit                    0x0800142f   Thumb Code    12  stm32f10x_usart.o(.text)
    USART_Cmd                                0x0800143b   Thumb Code    24  stm32f10x_usart.o(.text)
    USART_ITConfig                           0x08001453   Thumb Code    74  stm32f10x_usart.o(.text)
    USART_DMACmd                             0x0800149d   Thumb Code    18  stm32f10x_usart.o(.text)
    USART_SetAddress                         0x080014af   Thumb Code    18  stm32f10x_usart.o(.text)
    USART_WakeUpConfig                       0x080014c1   Thumb Code    18  stm32f10x_usart.o(.text)
    USART_ReceiverWakeUpCmd                  0x080014d3   Thumb Code    24  stm32f10x_usart.o(.text)
    USART_LINBreakDetectLengthConfig         0x080014eb   Thumb Code    18  stm32f10x_usart.o(.text)
    USART_LINCmd                             0x080014fd   Thumb Code    24  stm32f10x_usart.o(.text)
    USART_SendData                           0x08001515   Thumb Code     8  stm32f10x_usart.o(.text)
    USART_ReceiveData                        0x0800151d   Thumb Code    10  stm32f10x_usart.o(.text)
    USART_SendBreak                          0x08001527   Thumb Code    10  stm32f10x_usart.o(.text)
    USART_SetGuardTime                       0x08001531   Thumb Code    16  stm32f10x_usart.o(.text)
    USART_SetPrescaler                       0x08001541   Thumb Code    16  stm32f10x_usart.o(.text)
    USART_SmartCardCmd                       0x08001551   Thumb Code    24  stm32f10x_usart.o(.text)
    USART_SmartCardNACKCmd                   0x08001569   Thumb Code    24  stm32f10x_usart.o(.text)
    USART_HalfDuplexCmd                      0x08001581   Thumb Code    24  stm32f10x_usart.o(.text)
    USART_OverSampling8Cmd                   0x08001599   Thumb Code    22  stm32f10x_usart.o(.text)
    USART_OneBitMethodCmd                    0x080015af   Thumb Code    24  stm32f10x_usart.o(.text)
    USART_IrDAConfig                         0x080015c7   Thumb Code    18  stm32f10x_usart.o(.text)
    USART_IrDACmd                            0x080015d9   Thumb Code    24  stm32f10x_usart.o(.text)
    USART_GetFlagStatus                      0x080015f1   Thumb Code    26  stm32f10x_usart.o(.text)
    USART_ClearFlag                          0x0800160b   Thumb Code    18  stm32f10x_usart.o(.text)
    USART_GetITStatus                        0x0800161d   Thumb Code    84  stm32f10x_usart.o(.text)
    USART_ClearITPendingBit                  0x08001671   Thumb Code    52  stm32f10x_usart.o(.text)
    I2C_Configuration                        0x080016a5   Thumb Code   118  oled_i2c.o(.text)
    I2C_WriteByte                            0x0800171b   Thumb Code   126  oled_i2c.o(.text)
    WriteCmd                                 0x08001799   Thumb Code    14  oled_i2c.o(.text)
    WriteDat                                 0x080017a7   Thumb Code    14  oled_i2c.o(.text)
    OLED_Init                                0x080017b5   Thumb Code   178  oled_i2c.o(.text)
    OLED_SetPos                              0x08001867   Thumb Code    40  oled_i2c.o(.text)
    OLED_Fill                                0x0800188f   Thumb Code    58  oled_i2c.o(.text)
    OLED_CLS                                 0x080018c9   Thumb Code    10  oled_i2c.o(.text)
    OLED_ON                                  0x080018d3   Thumb Code    22  oled_i2c.o(.text)
    OLED_OFF                                 0x080018e9   Thumb Code    22  oled_i2c.o(.text)
    OLED_ShowStr                             0x080018ff   Thumb Code   228  oled_i2c.o(.text)
    OLED_ShowCN                              0x080019e3   Thumb Code    80  oled_i2c.o(.text)
    OLED_DrawBMP                             0x08001a33   Thumb Code   116  oled_i2c.o(.text)
    main                                     0x08001ac9   Thumb Code    58  main.o(.text)
    NMI_Handler                              0x08001b09   Thumb Code     2  stm32f10x_it.o(.text)
    HardFault_Handler                        0x08001b0b   Thumb Code     4  stm32f10x_it.o(.text)
    MemManage_Handler                        0x08001b0f   Thumb Code     4  stm32f10x_it.o(.text)
    BusFault_Handler                         0x08001b13   Thumb Code     4  stm32f10x_it.o(.text)
    UsageFault_Handler                       0x08001b17   Thumb Code     4  stm32f10x_it.o(.text)
    SVC_Handler                              0x08001b1b   Thumb Code     2  stm32f10x_it.o(.text)
    DebugMon_Handler                         0x08001b1d   Thumb Code     2  stm32f10x_it.o(.text)
    PendSV_Handler                           0x08001b1f   Thumb Code     2  stm32f10x_it.o(.text)
    SysTick_Handler                          0x08001b21   Thumb Code     8  stm32f10x_it.o(.text)
    SysTick_Init                             0x08001b29   Thumb Code    92  bsp_systick.o(.text)
    Delay_ms                                 0x08001b85   Thumb Code    20  bsp_systick.o(.text)
    Delay_s                                  0x08001b99   Thumb Code    24  bsp_systick.o(.text)
    TimingDelay_Decrement                    0x08001bb1   Thumb Code    18  bsp_systick.o(.text)
    USART_Config                             0x08001bd5   Thumb Code   120  bsp_usart.o(.text)
    fputc                                    0x08001c4d   Thumb Code    32  bsp_usart.o(.text)
    fgetc                                    0x08001c6d   Thumb Code    26  bsp_usart.o(.text)
    Delay_ns                                 0x08001c91   Thumb Code    12  delay.o(.text)
    Delay_1us                                0x08001c9d   Thumb Code    26  delay.o(.text)
    Delay_2us                                0x08001cb7   Thumb Code    26  delay.o(.text)
    Delay_10us                               0x08001cd1   Thumb Code    36  delay.o(.text)
    Delay_250us                              0x08001cf5   Thumb Code    36  delay.o(.text)
    Delay_882us                              0x08001d19   Thumb Code    26  delay.o(.text)
    Delay_1ms                                0x08001d33   Thumb Code    36  delay.o(.text)
    Delay_5ms                                0x08001d57   Thumb Code    38  delay.o(.text)
    Delay_50ms                               0x08001d7d   Thumb Code    40  delay.o(.text)
    Delay                                    0x08001da5   Thumb Code    18  delay.o(.text)
    ADCx_Init                                0x08001e5f   Thumb Code    12  adc.o(.text)
    average                                  0x08001e6b   Thumb Code   252  adc.o(.text)
    ADS1256_Send8Bit                         0x08001fb1   Thumb Code    94  ads1256.o(.text)
    ADS1256_Recive8Bit                       0x0800200f   Thumb Code    86  ads1256.o(.text)
    ADS1256_WriteReg                         0x08002065   Thumb Code    48  ads1256.o(.text)
    ADS1256_ReadReg                          0x08002095   Thumb Code    54  ads1256.o(.text)
    ADS1256_WriteCmd                         0x080020cb   Thumb Code    32  ads1256.o(.text)
    ADS1256_CfgADC                           0x080020eb   Thumb Code   122  ads1256.o(.text)
    ADS1256_ReadData                         0x08002165   Thumb Code    60  ads1256.o(.text)
    ADS1256_GetAdc                           0x080021a1   Thumb Code    52  ads1256.o(.text)
    ADS1256_GPIO_Init                        0x080021d9   Thumb Code   158  peripheralinit.o(.text)
    PeripheralInit                           0x08002277   Thumb Code    14  peripheralinit.o(.text)
    __aeabi_dadd                             0x08002289   Thumb Code   322  dadd.o(.text)
    __aeabi_dsub                             0x080023cb   Thumb Code     6  dadd.o(.text)
    __aeabi_drsub                            0x080023d1   Thumb Code     6  dadd.o(.text)
    __aeabi_dmul                             0x080023d7   Thumb Code   228  dmul.o(.text)
    __aeabi_ddiv                             0x080024bb   Thumb Code   222  ddiv.o(.text)
    __aeabi_ui2d                             0x08002599   Thumb Code    26  dfltui.o(.text)
    __aeabi_f2d                              0x080025b3   Thumb Code    38  f2d.o(.text)
    __aeabi_d2f                              0x080025d9   Thumb Code    56  d2f.o(.text)
    __aeabi_uidiv                            0x08002611   Thumb Code     0  uidiv.o(.text)
    __aeabi_uidivmod                         0x08002611   Thumb Code    44  uidiv.o(.text)
    __aeabi_uldivmod                         0x0800263d   Thumb Code    98  uldiv.o(.text)
    __aeabi_llsl                             0x0800269f   Thumb Code    30  llshl.o(.text)
    _ll_shift_l                              0x0800269f   Thumb Code     0  llshl.o(.text)
    __aeabi_lasr                             0x080026bd   Thumb Code    36  llsshr.o(.text)
    _ll_sshift_r                             0x080026bd   Thumb Code     0  llsshr.o(.text)
    __I$use$fp                               0x080026e1   Thumb Code     0  iusefp.o(.text)
    _float_round                             0x080026e1   Thumb Code    18  fepilogue.o(.text)
    _float_epilogue                          0x080026f3   Thumb Code    92  fepilogue.o(.text)
    _double_round                            0x0800274f   Thumb Code    30  depilogue.o(.text)
    _double_epilogue                         0x0800276d   Thumb Code   156  depilogue.o(.text)
    __aeabi_d2ulz                            0x08002809   Thumb Code    48  dfixul.o(.text)
    __aeabi_cdrcmple                         0x08002839   Thumb Code    48  cdrcmple.o(.text)
    __scatterload                            0x08002869   Thumb Code    28  init.o(.text)
    __scatterload_rt2                        0x08002869   Thumb Code     0  init.o(.text)
    __aeabi_llsr                             0x0800288d   Thumb Code    32  llushr.o(.text)
    _ll_ushift_r                             0x0800288d   Thumb Code     0  llushr.o(.text)
    __decompress                             0x080028ad   Thumb Code     0  __dczerorl2.o(.text)
    __decompress1                            0x080028ad   Thumb Code    86  __dczerorl2.o(.text)
    __0sprintf                               0x08002905   Thumb Code    34  printfa.o(i.__0sprintf)
    __1sprintf                               0x08002905   Thumb Code     0  printfa.o(i.__0sprintf)
    __2sprintf                               0x08002905   Thumb Code     0  printfa.o(i.__0sprintf)
    __c89sprintf                             0x08002905   Thumb Code     0  printfa.o(i.__0sprintf)
    sprintf                                  0x08002905   Thumb Code     0  printfa.o(i.__0sprintf)
    __scatterload_copy                       0x0800292d   Thumb Code    14  handlers.o(i.__scatterload_copy)
    __scatterload_null                       0x0800293b   Thumb Code     2  handlers.o(i.__scatterload_null)
    __scatterload_zeroinit                   0x0800293d   Thumb Code    14  handlers.o(i.__scatterload_zeroinit)
    F6x8                                     0x080031e8   Data         552  oled_i2c.o(.constdata)
    F8X16                                    0x08003410   Data        1520  oled_i2c.o(.constdata)
    Region$$Table$$Base                      0x08003a00   Number         0  anon$$obj.o(Region$$Table)
    Region$$Table$$Limit                     0x08003a20   Number         0  anon$$obj.o(Region$$Table)
    SystemCoreClock                          0x20000000   Data           4  system_stm32f10x.o(.data)
    AHBPrescTable                            0x20000004   Data          16  system_stm32f10x.o(.data)
    F16x16                                   0x20000028   Data         128  oled_i2c.o(.data)
    BMP1                                     0x200000a8   Data        1024  oled_i2c.o(.data)
    ADC_ConvertedValueLocal                  0x200004b0   Data           4  adc.o(.data)
    receive                                  0x200004b8   Data           8  adc.o(.data)
    temp                                     0x200004c0   Data           8  adc.o(.data)
    ADC_ConvertedValue                       0x200004c8   Data           2  dma.o(.data)
    buf                                      0x200004cc   Data          50  adc.o(.bss)
    __initial_sp                             0x20000900   Data           0  startup_stm32f10x_hd.o(STACK)



==============================================================================

Memory Map of the image

  Image Entry point : 0x08000131

  Load Region LR_IROM1 (Base: 0x08000000, Size: 0x00003eec, Max: 0x00080000, ABSOLUTE, COMPRESSED[0x00003bb8])

    Execution Region ER_IROM1 (Base: 0x08000000, Size: 0x00003a20, Max: 0x00080000, ABSOLUTE)

    Base Addr    Size         Type   Attr      Idx    E Section Name        Object

    0x08000000   0x00000130   Data   RO            3    RESET               startup_stm32f10x_hd.o
    0x08000130   0x00000000   Code   RO          585  * .ARM.Collect$$$$00000000  mc_w.l(entry.o)
    0x08000130   0x00000004   Code   RO          861    .ARM.Collect$$$$00000001  mc_w.l(entry2.o)
    0x08000134   0x00000004   Code   RO          864    .ARM.Collect$$$$00000004  mc_w.l(entry5.o)
    0x08000138   0x00000000   Code   RO          866    .ARM.Collect$$$$00000008  mc_w.l(entry7b.o)
    0x08000138   0x00000000   Code   RO          868    .ARM.Collect$$$$0000000A  mc_w.l(entry8b.o)
    0x08000138   0x00000008   Code   RO          869    .ARM.Collect$$$$0000000B  mc_w.l(entry9a.o)
    0x08000140   0x00000000   Code   RO          871    .ARM.Collect$$$$0000000D  mc_w.l(entry10a.o)
    0x08000140   0x00000000   Code   RO          873    .ARM.Collect$$$$0000000F  mc_w.l(entry11a.o)
    0x08000140   0x00000004   Code   RO          862    .ARM.Collect$$$$00002712  mc_w.l(entry2.o)
    0x08000144   0x00000024   Code   RO            4    .text               startup_stm32f10x_hd.o
    0x08000168   0x000001e0   Code   RO           24    .text               system_stm32f10x.o
    0x08000348   0x0000044e   Code   RO          137    .text               stm32f10x_adc.o
    0x08000796   0x00000002   PAD
    0x08000798   0x0000035c   Code   RO          269    .text               stm32f10x_gpio.o
    0x08000af4   0x00000404   Code   RO          281    .text               stm32f10x_i2c.o
    0x08000ef8   0x000003a4   Code   RO          317    .text               stm32f10x_rcc.o
    0x0800129c   0x00000408   Code   RO          379    .text               stm32f10x_usart.o
    0x080016a4   0x00000424   Code   RO          403    .text               oled_i2c.o
    0x08001ac8   0x00000040   Code   RO          428    .text               main.o
    0x08001b08   0x00000020   Code   RO          466    .text               stm32f10x_it.o
    0x08001b28   0x000000ac   Code   RO          481    .text               bsp_systick.o
    0x08001bd4   0x000000bc   Code   RO          499    .text               bsp_usart.o
    0x08001c90   0x00000126   Code   RO          514    .text               delay.o
    0x08001db6   0x00000002   PAD
    0x08001db8   0x000001f8   Code   RO          529    .text               adc.o
    0x08001fb0   0x00000228   Code   RO          546    .text               ads1256.o
    0x080021d8   0x000000b0   Code   RO          558    .text               peripheralinit.o
    0x08002288   0x0000014e   Code   RO          849    .text               mf_w.l(dadd.o)
    0x080023d6   0x000000e4   Code   RO          851    .text               mf_w.l(dmul.o)
    0x080024ba   0x000000de   Code   RO          853    .text               mf_w.l(ddiv.o)
    0x08002598   0x0000001a   Code   RO          855    .text               mf_w.l(dfltui.o)
    0x080025b2   0x00000026   Code   RO          857    .text               mf_w.l(f2d.o)
    0x080025d8   0x00000038   Code   RO          859    .text               mf_w.l(d2f.o)
    0x08002610   0x0000002c   Code   RO          876    .text               mc_w.l(uidiv.o)
    0x0800263c   0x00000062   Code   RO          878    .text               mc_w.l(uldiv.o)
    0x0800269e   0x0000001e   Code   RO          880    .text               mc_w.l(llshl.o)
    0x080026bc   0x00000024   Code   RO          882    .text               mc_w.l(llsshr.o)
    0x080026e0   0x00000000   Code   RO          884    .text               mc_w.l(iusefp.o)
    0x080026e0   0x0000006e   Code   RO          885    .text               mf_w.l(fepilogue.o)
    0x0800274e   0x000000ba   Code   RO          887    .text               mf_w.l(depilogue.o)
    0x08002808   0x00000030   Code   RO          889    .text               mf_w.l(dfixul.o)
    0x08002838   0x00000030   Code   RO          891    .text               mf_w.l(cdrcmple.o)
    0x08002868   0x00000024   Code   RO          893    .text               mc_w.l(init.o)
    0x0800288c   0x00000020   Code   RO          895    .text               mc_w.l(llushr.o)
    0x080028ac   0x00000056   Code   RO          905    .text               mc_w.l(__dczerorl2.o)
    0x08002902   0x00000002   PAD
    0x08002904   0x00000028   Code   RO          823    i.__0sprintf        mc_w.l(printfa.o)
    0x0800292c   0x0000000e   Code   RO          899    i.__scatterload_copy  mc_w.l(handlers.o)
    0x0800293a   0x00000002   Code   RO          900    i.__scatterload_null  mc_w.l(handlers.o)
    0x0800293c   0x0000000e   Code   RO          901    i.__scatterload_zeroinit  mc_w.l(handlers.o)
    0x0800294a   0x00000002   PAD
    0x0800294c   0x00000164   Code   RO          828    i._fp_digits        mc_w.l(printfa.o)
    0x08002ab0   0x000006dc   Code   RO          829    i._printf_core      mc_w.l(printfa.o)
    0x0800318c   0x00000024   Code   RO          830    i._printf_post_padding  mc_w.l(printfa.o)
    0x080031b0   0x0000002e   Code   RO          831    i._printf_pre_padding  mc_w.l(printfa.o)
    0x080031de   0x0000000a   Code   RO          833    i._sputc            mc_w.l(printfa.o)
    0x080031e8   0x00000818   Data   RO          404    .constdata          oled_i2c.o
    0x08003a00   0x00000020   Data   RO          897    Region$$Table       anon$$obj.o


    Execution Region RW_IRAM1 (Base: 0x20000000, Size: 0x00000900, Max: 0x00010000, ABSOLUTE, COMPRESSED[0x00000198])

    Base Addr    Size         Type   Attr      Idx    E Section Name        Object

    0x20000000   0x00000014   Data   RW           25    .data               system_stm32f10x.o
    0x20000014   0x00000014   Data   RW          318    .data               stm32f10x_rcc.o
    0x20000028   0x00000480   Data   RW          405    .data               oled_i2c.o
    0x200004a8   0x00000004   Data   RW          482    .data               bsp_systick.o
    0x200004ac   0x00000004   PAD
    0x200004b0   0x00000018   Data   RW          531    .data               adc.o
    0x200004c8   0x00000002   Data   RW          571    .data               dma.o
    0x200004ca   0x00000002   PAD
    0x200004cc   0x00000032   Zero   RW          530    .bss                adc.o
    0x200004fe   0x00000002   PAD
    0x20000500   0x00000400   Zero   RW            1    STACK               startup_stm32f10x_hd.o


==============================================================================

Image component sizes


      Code (inc. data)   RO Data    RW Data    ZI Data      Debug   Object Name

       504         74          0         24         50       2104   adc.o
       552          4          0          0          0       2283   ads1256.o
       172         18          0          4          0      16997   bsp_systick.o
       188         10          0          0          0       1039   bsp_usart.o
         0          0          0          0          0       4500   core_cm3.o
       294          0          0          0          0       2427   delay.o
         0          0          0          2          0        565   dma.o
        64          6          0          0          0       1715   main.o
      1060         34       2072       1152          0       4265   oled_i2c.o
       176          4          0          0          0        731   peripheralinit.o
        36          8        304          0       1024        880   startup_stm32f10x_hd.o
      1102         26          0          0          0      11065   stm32f10x_adc.o
       860         38          0          0          0       5757   stm32f10x_gpio.o
      1028         16          0          0          0       9247   stm32f10x_i2c.o
        32          0          0          0          0       1310   stm32f10x_it.o
       932         36          0         20          0       8948   stm32f10x_rcc.o
      1032         22          0          0          0       8480   stm32f10x_usart.o
       480         38          0         20          0     245359   system_stm32f10x.o

    ----------------------------------------------------------------------
      8516        334       2408       1228       1076     327672   Object Totals
         0          0         32          0          0          0   (incl. Generated)
         4          0          0          6          2          0   (incl. Padding)

    ----------------------------------------------------------------------

      Code (inc. data)   RO Data    RW Data    ZI Data      Debug   Library Member Name

        86          0          0          0          0          0   __dczerorl2.o
         0          0          0          0          0          0   entry.o
         0          0          0          0          0          0   entry10a.o
         0          0          0          0          0          0   entry11a.o
         8          4          0          0          0          0   entry2.o
         4          0          0          0          0          0   entry5.o
         0          0          0          0          0          0   entry7b.o
         0          0          0          0          0          0   entry8b.o
         8          4          0          0          0          0   entry9a.o
        30          0          0          0          0          0   handlers.o
        36          8          0          0          0         68   init.o
         0          0          0          0          0          0   iusefp.o
        30          0          0          0          0         68   llshl.o
        36          0          0          0          0         68   llsshr.o
        32          0          0          0          0         68   llushr.o
      2244         86          0          0          0        512   printfa.o
        44          0          0          0          0         80   uidiv.o
        98          0          0          0          0         92   uldiv.o
        48          0          0          0          0         68   cdrcmple.o
        56          0          0          0          0         88   d2f.o
       334          0          0          0          0        148   dadd.o
       222          0          0          0          0        100   ddiv.o
       186          0          0          0          0        176   depilogue.o
        48          0          0          0          0         68   dfixul.o
        26          0          0          0          0         76   dfltui.o
       228          0          0          0          0         96   dmul.o
        38          0          0          0          0         68   f2d.o
       110          0          0          0          0        168   fepilogue.o

    ----------------------------------------------------------------------
      3956        102          0          0          0       2012   Library Totals
         4          0          0          0          0          0   (incl. Padding)

    ----------------------------------------------------------------------

      Code (inc. data)   RO Data    RW Data    ZI Data      Debug   Library Name

      2656        102          0          0          0        956   mc_w.l
      1296          0          0          0          0       1056   mf_w.l

    ----------------------------------------------------------------------
      3956        102          0          0          0       2012   Library Totals

    ----------------------------------------------------------------------

==============================================================================


      Code (inc. data)   RO Data    RW Data    ZI Data      Debug   

     12472        436       2408       1228       1076     327524   Grand Totals
     12472        436       2408        408       1076     327524   ELF Image Totals (compressed)
     12472        436       2408        408          0          0   ROM Totals

==============================================================================

    Total RO  Size (Code + RO Data)                14880 (  14.53kB)
    Total RW  Size (RW Data + ZI Data)              2304 (   2.25kB)
    Total ROM Size (Code + RO Data + RW Data)      15288 (  14.93kB)

==============================================================================

